2026-07-29 12:44:12.023 +05:30 [INF] Configured endpoint HealthAxis3.API.events.queue, Consumer: HealthAxis3.API.Messaging.AppointmentBookedConsumer
2026-07-29 12:44:14.393 +05:30 [INF] Heartbeat running at "2026-07-29T12:44:14.3914562+05:30"
2026-07-29 12:44:15.282 +05:30 [INF] Now listening on: https://localhost:7120
2026-07-29 12:44:15.290 +05:30 [INF] Now listening on: http://localhost:5042
2026-07-29 12:44:15.403 +05:30 [INF] Application started. Press Ctrl+C to shut down.
2026-07-29 12:44:15.411 +05:30 [INF] Hosting environment: Development
2026-07-29 12:44:15.417 +05:30 [INF] Content root path: C:\Users\310054\source\repos\UST-Live-01\HealthAxis3.API
2026-07-29 12:44:24.437 +05:30 [INF] Heartbeat running at "2026-07-29T12:44:24.4367185+05:30"
2026-07-29 12:44:24.846 +05:30 [WRN] Connection Failed: "rabbitmq://13.127.223.140/"
RabbitMQ.Client.Exceptions.BrokerUnreachableException: None of the specified endpoints were reachable
 ---> System.AggregateException: One or more errors occurred. (Connection failed, host 13.127.223.140:5672)
 ---> RabbitMQ.Client.Exceptions.ConnectFailureException: Connection failed, host 13.127.223.140:5672
 ---> System.TimeoutException: Connection failed, host 13.127.223.140:5672
 ---> System.OperationCanceledException: The operation was canceled.
   at System.Threading.CancellationToken.ThrowOperationCanceledException()
   at System.Threading.CancellationToken.ThrowIfCancellationRequested()
   at System.Net.Sockets.Socket.AwaitableSocketAsyncEventArgs.ThrowException(SocketError error, CancellationToken cancellationToken)
   at System.Net.Sockets.Socket.AwaitableSocketAsyncEventArgs.System.Threading.Tasks.Sources.IValueTaskSource.GetResult(Int16 token)
   at System.Threading.Tasks.ValueTask.ValueTaskSourceAsTask.<>c.<.cctor>b__4_0(Object state)
--- End of stack trace from previous location ---
   at RabbitMQ.Client.Impl.SocketFactory.ConnectUsingAddressFamilyAsync(IPEndPoint endpoint, Func`2 socketFactory, AddressFamily family, TimeSpan connectionTimeout, CancellationToken cancellationToken)
   --- End of inner exception stack trace ---
   --- End of inner exception stack trace ---
   at RabbitMQ.Client.Impl.SocketFactory.ConnectUsingAddressFamilyAsync(IPEndPoint endpoint, Func`2 socketFactory, AddressFamily family, TimeSpan connectionTimeout, CancellationToken cancellationToken)
   at RabbitMQ.Client.Impl.SocketFactory.OpenAsync(AmqpTcpEndpoint amqpTcpEndpoint, Func`2 socketFactory, TimeSpan connectionTimeout, CancellationToken cancellationToken)
   at RabbitMQ.Client.Impl.SocketFrameHandler.CreateAsync(AmqpTcpEndpoint amqpTcpEndpoint, Func`2 socketFactory, TimeSpan connectionTimeout, CancellationToken cancellationToken)
   at RabbitMQ.Client.ConnectionFactory.CreateFrameHandlerAsync(AmqpTcpEndpoint endpoint, CancellationToken cancellationToken)
   at RabbitMQ.Client.EndpointResolverExtensions.SelectOneAsync[T](IEndpointResolver resolver, Func`3 selector, CancellationToken cancellationToken)
   --- End of inner exception stack trace ---
   at RabbitMQ.Client.EndpointResolverExtensions.SelectOneAsync[T](IEndpointResolver resolver, Func`3 selector, CancellationToken cancellationToken)
   at RabbitMQ.Client.ConnectionFactory.CreateConnectionAsync(IEndpointResolver endpointResolver, String clientProvidedName, CancellationToken cancellationToken)
   --- End of inner exception stack trace ---
   at RabbitMQ.Client.ConnectionFactory.CreateConnectionAsync(IEndpointResolver endpointResolver, String clientProvidedName, CancellationToken cancellationToken)
   at MassTransit.RabbitMqTransport.ConnectionContextFactory.CreateConnection(ISupervisor supervisor) in D:\a\MassTransit\MassTransit\src\Transports\MassTransit.RabbitMqTransport\RabbitMqTransport\ConnectionContextFactory.cs:line 108
2026-07-29 12:44:27.866 +05:30 [INF] Retrying "00:00:05.0206304": Broker unreachable: Melsy@13.127.223.140:5672/
MassTransit.RabbitMqConnectionException: Broker unreachable: Melsy@13.127.223.140:5672/
 ---> RabbitMQ.Client.Exceptions.BrokerUnreachableException: None of the specified endpoints were reachable
 ---> System.AggregateException: One or more errors occurred. (Connection failed, host 13.127.223.140:5672)
 ---> RabbitMQ.Client.Exceptions.ConnectFailureException: Connection failed, host 13.127.223.140:5672
 ---> System.TimeoutException: Connection failed, host 13.127.223.140:5672
 ---> System.OperationCanceledException: The operation was canceled.
   at System.Threading.CancellationToken.ThrowOperationCanceledException()
   at System.Threading.CancellationToken.ThrowIfCancellationRequested()
   at System.Net.Sockets.Socket.AwaitableSocketAsyncEventArgs.ThrowException(SocketError error, CancellationToken cancellationToken)
   at System.Net.Sockets.Socket.AwaitableSocketAsyncEventArgs.System.Threading.Tasks.Sources.IValueTaskSource.GetResult(Int16 token)
   at System.Threading.Tasks.ValueTask.ValueTaskSourceAsTask.<>c.<.cctor>b__4_0(Object state)
--- End of stack trace from previous location ---
   at RabbitMQ.Client.Impl.SocketFactory.ConnectUsingAddressFamilyAsync(IPEndPoint endpoint, Func`2 socketFactory, AddressFamily family, TimeSpan connectionTimeout, CancellationToken cancellationToken)
   --- End of inner exception stack trace ---
   --- End of inner exception stack trace ---
   at RabbitMQ.Client.Impl.SocketFactory.ConnectUsingAddressFamilyAsync(IPEndPoint endpoint, Func`2 socketFactory, AddressFamily family, TimeSpan connectionTimeout, CancellationToken cancellationToken)
   at RabbitMQ.Client.Impl.SocketFactory.OpenAsync(AmqpTcpEndpoint amqpTcpEndpoint, Func`2 socketFactory, TimeSpan connectionTimeout, CancellationToken cancellationToken)
   at RabbitMQ.Client.Impl.SocketFrameHandler.CreateAsync(AmqpTcpEndpoint amqpTcpEndpoint, Func`2 socketFactory, TimeSpan connectionTimeout, CancellationToken cancellationToken)
   at RabbitMQ.Client.ConnectionFactory.CreateFrameHandlerAsync(AmqpTcpEndpoint endpoint, CancellationToken cancellationToken)
   at RabbitMQ.Client.EndpointResolverExtensions.SelectOneAsync[T](IEndpointResolver resolver, Func`3 selector, CancellationToken cancellationToken)
   --- End of inner exception stack trace ---
   at RabbitMQ.Client.EndpointResolverExtensions.SelectOneAsync[T](IEndpointResolver resolver, Func`3 selector, CancellationToken cancellationToken)
   at RabbitMQ.Client.ConnectionFactory.CreateConnectionAsync(IEndpointResolver endpointResolver, String clientProvidedName, CancellationToken cancellationToken)
   --- End of inner exception stack trace ---
   at RabbitMQ.Client.ConnectionFactory.CreateConnectionAsync(IEndpointResolver endpointResolver, String clientProvidedName, CancellationToken cancellationToken)
   at MassTransit.RabbitMqTransport.ConnectionContextFactory.CreateConnection(ISupervisor supervisor) in D:\a\MassTransit\MassTransit\src\Transports\MassTransit.RabbitMqTransport\RabbitMqTransport\ConnectionContextFactory.cs:line 108
   --- End of inner exception stack trace ---
   at MassTransit.RabbitMqTransport.ConnectionContextFactory.CreateConnection(ISupervisor supervisor) in D:\a\MassTransit\MassTransit\src\Transports\MassTransit.RabbitMqTransport\RabbitMqTransport\ConnectionContextFactory.cs:line 135
   at MassTransit.Internals.TaskExtensions.<>c__DisplayClass2_0`1.<<OrCanceled>g__WaitAsync|0>d.MoveNext() in D:\a\MassTransit\MassTransit\src\MassTransit.Abstractions\Internals\Extensions\TaskExtensions.cs:line 72
--- End of stack trace from previous location ---
   at MassTransit.Internals.TaskExtensions.<>c__DisplayClass2_0`1.<<OrCanceled>g__WaitAsync|0>d.MoveNext() in D:\a\MassTransit\MassTransit\src\MassTransit.Abstractions\Internals\Extensions\TaskExtensions.cs:line 72
--- End of stack trace from previous location ---
   at MassTransit.RabbitMqTransport.ConnectionContextFactory.CreateSharedConnection(Task`1 contextTask, CancellationToken cancellationToken) in D:\a\MassTransit\MassTransit\src\Transports\MassTransit.RabbitMqTransport\RabbitMqTransport\ConnectionContextFactory.cs:line 74
   at MassTransit.Agents.PipeContextSupervisor`1.Send(IPipe`1 pipe, CancellationToken cancellationToken) in D:\a\MassTransit\MassTransit\src\MassTransit\Agents\PipeContextSupervisor.cs:line 51
   at MassTransit.Agents.PipeContextSupervisor`1.Send(IPipe`1 pipe, CancellationToken cancellationToken) in D:\a\MassTransit\MassTransit\src\MassTransit\Agents\PipeContextSupervisor.cs:line 61
   at MassTransit.Agents.PipeContextSupervisor`1.Send(IPipe`1 pipe, CancellationToken cancellationToken) in D:\a\MassTransit\MassTransit\src\MassTransit\Agents\PipeContextSupervisor.cs:line 67
   at MassTransit.SupervisorExtensions.<>c__DisplayClass5_0`2.<<CreateAgent>g__HandleSupervisorTask|0>d.MoveNext() in D:\a\MassTransit\MassTransit\src\MassTransit\SupervisorExtensions.cs:line 139
--- End of stack trace from previous location ---
   at MassTransit.Agents.PipeContextSupervisor`1.Send(IPipe`1 pipe, CancellationToken cancellationToken) in D:\a\MassTransit\MassTransit\src\MassTransit\Agents\PipeContextSupervisor.cs:line 67
   at MassTransit.Transports.TransportStartExtensions.OnTransportStartup[T](ReceiveEndpointContext context, ITransportSupervisor`1 supervisor, CancellationToken cancellationToken) in D:\a\MassTransit\MassTransit\src\MassTransit\Transports\TransportStartExtensions.cs:line 19
   at MassTransit.Transports.ReceiveTransport`1.ReceiveTransportAgent.RunTransport() in D:\a\MassTransit\MassTransit\src\MassTransit\Transports\ReceiveTransport.cs:line 200
   at MassTransit.Transports.ReceiveTransport`1.ReceiveTransportAgent.RunTransport() in D:\a\MassTransit\MassTransit\src\MassTransit\Transports\ReceiveTransport.cs:line 208
   at MassTransit.Transports.ReceiveTransport`1.ReceiveTransportAgent.Run() in D:\a\MassTransit\MassTransit\src\MassTransit\Transports\ReceiveTransport.cs:line 145
   at MassTransit.Transports.ReceiveTransport`1.ReceiveTransportAgent.Run() in D:\a\MassTransit\MassTransit\src\MassTransit\Transports\ReceiveTransport.cs:line 145
2026-07-29 12:44:27.866 +05:30 [INF] Retrying "00:00:06.7719290": Broker unreachable: Melsy@13.127.223.140:5672/
MassTransit.RabbitMqConnectionException: Broker unreachable: Melsy@13.127.223.140:5672/
 ---> RabbitMQ.Client.Exceptions.BrokerUnreachableException: None of the specified endpoints were reachable
 ---> System.AggregateException: One or more errors occurred. (Connection failed, host 13.127.223.140:5672)
 ---> RabbitMQ.Client.Exceptions.ConnectFailureException: Connection failed, host 13.127.223.140:5672
 ---> System.TimeoutException: Connection failed, host 13.127.223.140:5672
 ---> System.OperationCanceledException: The operation was canceled.
   at System.Threading.CancellationToken.ThrowOperationCanceledException()
   at System.Threading.CancellationToken.ThrowIfCancellationRequested()
   at System.Net.Sockets.Socket.AwaitableSocketAsyncEventArgs.ThrowException(SocketError error, CancellationToken cancellationToken)
   at System.Net.Sockets.Socket.AwaitableSocketAsyncEventArgs.System.Threading.Tasks.Sources.IValueTaskSource.GetResult(Int16 token)
   at System.Threading.Tasks.ValueTask.ValueTaskSourceAsTask.<>c.<.cctor>b__4_0(Object state)
--- End of stack trace from previous location ---
   at RabbitMQ.Client.Impl.SocketFactory.ConnectUsingAddressFamilyAsync(IPEndPoint endpoint, Func`2 socketFactory, AddressFamily family, TimeSpan connectionTimeout, CancellationToken cancellationToken)
   --- End of inner exception stack trace ---
   --- End of inner exception stack trace ---
   at RabbitMQ.Client.Impl.SocketFactory.ConnectUsingAddressFamilyAsync(IPEndPoint endpoint, Func`2 socketFactory, AddressFamily family, TimeSpan connectionTimeout, CancellationToken cancellationToken)
   at RabbitMQ.Client.Impl.SocketFactory.OpenAsync(AmqpTcpEndpoint amqpTcpEndpoint, Func`2 socketFactory, TimeSpan connectionTimeout, CancellationToken cancellationToken)
   at RabbitMQ.Client.Impl.SocketFrameHandler.CreateAsync(AmqpTcpEndpoint amqpTcpEndpoint, Func`2 socketFactory, TimeSpan connectionTimeout, CancellationToken cancellationToken)
   at RabbitMQ.Client.ConnectionFactory.CreateFrameHandlerAsync(AmqpTcpEndpoint endpoint, CancellationToken cancellationToken)
   at RabbitMQ.Client.EndpointResolverExtensions.SelectOneAsync[T](IEndpointResolver resolver, Func`3 selector, CancellationToken cancellationToken)
   --- End of inner exception stack trace ---
   at RabbitMQ.Client.EndpointResolverExtensions.SelectOneAsync[T](IEndpointResolver resolver, Func`3 selector, CancellationToken cancellationToken)
   at RabbitMQ.Client.ConnectionFactory.CreateConnectionAsync(IEndpointResolver endpointResolver, String clientProvidedName, CancellationToken cancellationToken)
   --- End of inner exception stack trace ---
   at RabbitMQ.Client.ConnectionFactory.CreateConnectionAsync(IEndpointResolver endpointResolver, String clientProvidedName, CancellationToken cancellationToken)
   at MassTransit.RabbitMqTransport.ConnectionContextFactory.CreateConnection(ISupervisor supervisor) in D:\a\MassTransit\MassTransit\src\Transports\MassTransit.RabbitMqTransport\RabbitMqTransport\ConnectionContextFactory.cs:line 108
   --- End of inner exception stack trace ---
   at MassTransit.RabbitMqTransport.ConnectionContextFactory.CreateConnection(ISupervisor supervisor) in D:\a\MassTransit\MassTransit\src\Transports\MassTransit.RabbitMqTransport\RabbitMqTransport\ConnectionContextFactory.cs:line 135
   at MassTransit.Internals.TaskExtensions.<>c__DisplayClass2_0`1.<<OrCanceled>g__WaitAsync|0>d.MoveNext() in D:\a\MassTransit\MassTransit\src\MassTransit.Abstractions\Internals\Extensions\TaskExtensions.cs:line 72
--- End of stack trace from previous location ---
   at MassTransit.Internals.TaskExtensions.<>c__DisplayClass2_0`1.<<OrCanceled>g__WaitAsync|0>d.MoveNext() in D:\a\MassTransit\MassTransit\src\MassTransit.Abstractions\Internals\Extensions\TaskExtensions.cs:line 72
--- End of stack trace from previous location ---
   at MassTransit.RabbitMqTransport.ConnectionContextFactory.CreateSharedConnection(Task`1 contextTask, CancellationToken cancellationToken) in D:\a\MassTransit\MassTransit\src\Transports\MassTransit.RabbitMqTransport\RabbitMqTransport\ConnectionContextFactory.cs:line 74
   at MassTransit.Agents.PipeContextSupervisor`1.Send(IPipe`1 pipe, CancellationToken cancellationToken) in D:\a\MassTransit\MassTransit\src\MassTransit\Agents\PipeContextSupervisor.cs:line 51
   at MassTransit.Agents.PipeContextSupervisor`1.Send(IPipe`1 pipe, CancellationToken cancellationToken) in D:\a\MassTransit\MassTransit\src\MassTransit\Agents\PipeContextSupervisor.cs:line 61
   at MassTransit.Agents.PipeContextSupervisor`1.Send(IPipe`1 pipe, CancellationToken cancellationToken) in D:\a\MassTransit\MassTransit\src\MassTransit\Agents\PipeContextSupervisor.cs:line 67
   at MassTransit.SupervisorExtensions.<>c__DisplayClass5_0`2.<<CreateAgent>g__HandleSupervisorTask|0>d.MoveNext() in D:\a\MassTransit\MassTransit\src\MassTransit\SupervisorExtensions.cs:line 139
--- End of stack trace from previous location ---
   at MassTransit.Agents.PipeContextSupervisor`1.Send(IPipe`1 pipe, CancellationToken cancellationToken) in D:\a\MassTransit\MassTransit\src\MassTransit\Agents\PipeContextSupervisor.cs:line 67
   at MassTransit.Transports.TransportStartExtensions.OnTransportStartup[T](ReceiveEndpointContext context, ITransportSupervisor`1 supervisor, CancellationToken cancellationToken) in D:\a\MassTransit\MassTransit\src\MassTransit\Transports\TransportStartExtensions.cs:line 19
   at MassTransit.Transports.ReceiveTransport`1.ReceiveTransportAgent.RunTransport() in D:\a\MassTransit\MassTransit\src\MassTransit\Transports\ReceiveTransport.cs:line 200
   at MassTransit.Transports.ReceiveTransport`1.ReceiveTransportAgent.RunTransport() in D:\a\MassTransit\MassTransit\src\MassTransit\Transports\ReceiveTransport.cs:line 208
   at MassTransit.Transports.ReceiveTransport`1.ReceiveTransportAgent.Run() in D:\a\MassTransit\MassTransit\src\MassTransit\Transports\ReceiveTransport.cs:line 145
   at MassTransit.Transports.ReceiveTransport`1.ReceiveTransportAgent.Run() in D:\a\MassTransit\MassTransit\src\MassTransit\Transports\ReceiveTransport.cs:line 145
2026-07-29 12:44:34.819 +05:30 [INF] Heartbeat running at "2026-07-29T12:44:34.8194758+05:30"
2026-07-29 12:44:44.865 +05:30 [INF] Heartbeat running at "2026-07-29T12:44:44.8655797+05:30"
2026-07-29 12:44:47.488 +05:30 [WRN] Connection Failed: "rabbitmq://13.127.223.140/"
RabbitMQ.Client.Exceptions.BrokerUnreachableException: None of the specified endpoints were reachable
 ---> System.AggregateException: One or more errors occurred. (Connection failed, host 13.127.223.140:5672)
 ---> RabbitMQ.Client.Exceptions.ConnectFailureException: Connection failed, host 13.127.223.140:5672
 ---> System.TimeoutException: Connection failed, host 13.127.223.140:5672
 ---> System.OperationCanceledException: The operation was canceled.
   at System.Threading.CancellationToken.ThrowOperationCanceledException()
   at System.Threading.CancellationToken.ThrowIfCancellationRequested()
   at System.Net.Sockets.Socket.AwaitableSocketAsyncEventArgs.ThrowException(SocketError error, CancellationToken cancellationToken)
   at System.Net.Sockets.Socket.AwaitableSocketAsyncEventArgs.System.Threading.Tasks.Sources.IValueTaskSource.GetResult(Int16 token)
   at System.Threading.Tasks.ValueTask.ValueTaskSourceAsTask.<>c.<.cctor>b__4_0(Object state)
--- End of stack trace from previous location ---
   at RabbitMQ.Client.Impl.SocketFactory.ConnectUsingAddressFamilyAsync(IPEndPoint endpoint, Func`2 socketFactory, AddressFamily family, TimeSpan connectionTimeout, CancellationToken cancellationToken)
   --- End of inner exception stack trace ---
   --- End of inner exception stack trace ---
   at RabbitMQ.Client.Impl.SocketFactory.ConnectUsingAddressFamilyAsync(IPEndPoint endpoint, Func`2 socketFactory, AddressFamily family, TimeSpan connectionTimeout, CancellationToken cancellationToken)
   at RabbitMQ.Client.Impl.SocketFactory.OpenAsync(AmqpTcpEndpoint amqpTcpEndpoint, Func`2 socketFactory, TimeSpan connectionTimeout, CancellationToken cancellationToken)
   at RabbitMQ.Client.Impl.SocketFrameHandler.CreateAsync(AmqpTcpEndpoint amqpTcpEndpoint, Func`2 socketFactory, TimeSpan connectionTimeout, CancellationToken cancellationToken)
   at RabbitMQ.Client.ConnectionFactory.CreateFrameHandlerAsync(AmqpTcpEndpoint endpoint, CancellationToken cancellationToken)
   at RabbitMQ.Client.EndpointResolverExtensions.SelectOneAsync[T](IEndpointResolver resolver, Func`3 selector, CancellationToken cancellationToken)
   --- End of inner exception stack trace ---
   at RabbitMQ.Client.EndpointResolverExtensions.SelectOneAsync[T](IEndpointResolver resolver, Func`3 selector, CancellationToken cancellationToken)
   at RabbitMQ.Client.ConnectionFactory.CreateConnectionAsync(IEndpointResolver endpointResolver, String clientProvidedName, CancellationToken cancellationToken)
   --- End of inner exception stack trace ---
   at RabbitMQ.Client.ConnectionFactory.CreateConnectionAsync(IEndpointResolver endpointResolver, String clientProvidedName, CancellationToken cancellationToken)
   at MassTransit.RabbitMqTransport.ConnectionContextFactory.CreateConnection(ISupervisor supervisor) in D:\a\MassTransit\MassTransit\src\Transports\MassTransit.RabbitMqTransport\RabbitMqTransport\ConnectionContextFactory.cs:line 108
2026-07-29 12:44:48.954 +05:30 [INF] Retrying "00:00:08.9963717": Broker unreachable: Melsy@13.127.223.140:5672/
MassTransit.RabbitMqConnectionException: Broker unreachable: Melsy@13.127.223.140:5672/
 ---> RabbitMQ.Client.Exceptions.BrokerUnreachableException: None of the specified endpoints were reachable
 ---> System.AggregateException: One or more errors occurred. (Connection failed, host 13.127.223.140:5672)
 ---> RabbitMQ.Client.Exceptions.ConnectFailureException: Connection failed, host 13.127.223.140:5672
 ---> System.TimeoutException: Connection failed, host 13.127.223.140:5672
 ---> System.OperationCanceledException: The operation was canceled.
   at System.Threading.CancellationToken.ThrowOperationCanceledException()
   at System.Threading.CancellationToken.ThrowIfCancellationRequested()
   at System.Net.Sockets.Socket.AwaitableSocketAsyncEventArgs.ThrowException(SocketError error, CancellationToken cancellationToken)
   at System.Net.Sockets.Socket.AwaitableSocketAsyncEventArgs.System.Threading.Tasks.Sources.IValueTaskSource.GetResult(Int16 token)
   at System.Threading.Tasks.ValueTask.ValueTaskSourceAsTask.<>c.<.cctor>b__4_0(Object state)
--- End of stack trace from previous location ---
   at RabbitMQ.Client.Impl.SocketFactory.ConnectUsingAddressFamilyAsync(IPEndPoint endpoint, Func`2 socketFactory, AddressFamily family, TimeSpan connectionTimeout, CancellationToken cancellationToken)
   --- End of inner exception stack trace ---
   --- End of inner exception stack trace ---
   at RabbitMQ.Client.Impl.SocketFactory.ConnectUsingAddressFamilyAsync(IPEndPoint endpoint, Func`2 socketFactory, AddressFamily family, TimeSpan connectionTimeout, CancellationToken cancellationToken)
   at RabbitMQ.Client.Impl.SocketFactory.OpenAsync(AmqpTcpEndpoint amqpTcpEndpoint, Func`2 socketFactory, TimeSpan connectionTimeout, CancellationToken cancellationToken)
   at RabbitMQ.Client.Impl.SocketFrameHandler.CreateAsync(AmqpTcpEndpoint amqpTcpEndpoint, Func`2 socketFactory, TimeSpan connectionTimeout, CancellationToken cancellationToken)
   at RabbitMQ.Client.ConnectionFactory.CreateFrameHandlerAsync(AmqpTcpEndpoint endpoint, CancellationToken cancellationToken)
   at RabbitMQ.Client.EndpointResolverExtensions.SelectOneAsync[T](IEndpointResolver resolver, Func`3 selector, CancellationToken cancellationToken)
   --- End of inner exception stack trace ---
   at RabbitMQ.Client.EndpointResolverExtensions.SelectOneAsync[T](IEndpointResolver resolver, Func`3 selector, CancellationToken cancellationToken)
   at RabbitMQ.Client.ConnectionFactory.CreateConnectionAsync(IEndpointResolver endpointResolver, String clientProvidedName, CancellationToken cancellationToken)
   --- End of inner exception stack trace ---
   at RabbitMQ.Client.ConnectionFactory.CreateConnectionAsync(IEndpointResolver endpointResolver, String clientProvidedName, CancellationToken cancellationToken)
   at MassTransit.RabbitMqTransport.ConnectionContextFactory.CreateConnection(ISupervisor supervisor) in D:\a\MassTransit\MassTransit\src\Transports\MassTransit.RabbitMqTransport\RabbitMqTransport\ConnectionContextFactory.cs:line 108
   --- End of inner exception stack trace ---
   at MassTransit.RabbitMqTransport.ConnectionContextFactory.CreateConnection(ISupervisor supervisor) in D:\a\MassTransit\MassTransit\src\Transports\MassTransit.RabbitMqTransport\RabbitMqTransport\ConnectionContextFactory.cs:line 135
   at MassTransit.Internals.TaskExtensions.<>c__DisplayClass2_0`1.<<OrCanceled>g__WaitAsync|0>d.MoveNext() in D:\a\MassTransit\MassTransit\src\MassTransit.Abstractions\Internals\Extensions\TaskExtensions.cs:line 72
--- End of stack trace from previous location ---
   at MassTransit.Internals.TaskExtensions.<>c__DisplayClass2_0`1.<<OrCanceled>g__WaitAsync|0>d.MoveNext() in D:\a\MassTransit\MassTransit\src\MassTransit.Abstractions\Internals\Extensions\TaskExtensions.cs:line 72
--- End of stack trace from previous location ---
   at MassTransit.RabbitMqTransport.ConnectionContextFactory.CreateSharedConnection(Task`1 contextTask, CancellationToken cancellationToken) in D:\a\MassTransit\MassTransit\src\Transports\MassTransit.RabbitMqTransport\RabbitMqTransport\ConnectionContextFactory.cs:line 74
   at MassTransit.Agents.PipeContextSupervisor`1.Send(IPipe`1 pipe, CancellationToken cancellationToken) in D:\a\MassTransit\MassTransit\src\MassTransit\Agents\PipeContextSupervisor.cs:line 51
   at MassTransit.Agents.PipeContextSupervisor`1.Send(IPipe`1 pipe, CancellationToken cancellationToken) in D:\a\MassTransit\MassTransit\src\MassTransit\Agents\PipeContextSupervisor.cs:line 61
   at MassTransit.Agents.PipeContextSupervisor`1.Send(IPipe`1 pipe, CancellationToken cancellationToken) in D:\a\MassTransit\MassTransit\src\MassTransit\Agents\PipeContextSupervisor.cs:line 67
   at MassTransit.SupervisorExtensions.<>c__DisplayClass5_0`2.<<CreateAgent>g__HandleSupervisorTask|0>d.MoveNext() in D:\a\MassTransit\MassTransit\src\MassTransit\SupervisorExtensions.cs:line 139
--- End of stack trace from previous location ---
   at MassTransit.Agents.PipeContextSupervisor`1.Send(IPipe`1 pipe, CancellationToken cancellationToken) in D:\a\MassTransit\MassTransit\src\MassTransit\Agents\PipeContextSupervisor.cs:line 67
   at MassTransit.Transports.TransportStartExtensions.OnTransportStartup[T](ReceiveEndpointContext context, ITransportSupervisor`1 supervisor, CancellationToken cancellationToken) in D:\a\MassTransit\MassTransit\src\MassTransit\Transports\TransportStartExtensions.cs:line 19
   at MassTransit.Transports.ReceiveTransport`1.ReceiveTransportAgent.RunTransport() in D:\a\MassTransit\MassTransit\src\MassTransit\Transports\ReceiveTransport.cs:line 200
   at MassTransit.Transports.ReceiveTransport`1.ReceiveTransportAgent.RunTransport() in D:\a\MassTransit\MassTransit\src\MassTransit\Transports\ReceiveTransport.cs:line 208
   at MassTransit.Transports.ReceiveTransport`1.ReceiveTransportAgent.Run() in D:\a\MassTransit\MassTransit\src\MassTransit\Transports\ReceiveTransport.cs:line 145
   at MassTransit.Transports.ReceiveTransport`1.ReceiveTransportAgent.Run() in D:\a\MassTransit\MassTransit\src\MassTransit\Transports\ReceiveTransport.cs:line 145
2026-07-29 12:44:48.954 +05:30 [INF] Retrying "00:00:08.1223396": Broker unreachable: Melsy@13.127.223.140:5672/
MassTransit.RabbitMqConnectionException: Broker unreachable: Melsy@13.127.223.140:5672/
 ---> RabbitMQ.Client.Exceptions.BrokerUnreachableException: None of the specified endpoints were reachable
 ---> System.AggregateException: One or more errors occurred. (Connection failed, host 13.127.223.140:5672)
 ---> RabbitMQ.Client.Exceptions.ConnectFailureException: Connection failed, host 13.127.223.140:5672
 ---> System.TimeoutException: Connection failed, host 13.127.223.140:5672
 ---> System.OperationCanceledException: The operation was canceled.
   at System.Threading.CancellationToken.ThrowOperationCanceledException()
   at System.Threading.CancellationToken.ThrowIfCancellationRequested()
   at System.Net.Sockets.Socket.AwaitableSocketAsyncEventArgs.ThrowException(SocketError error, CancellationToken cancellationToken)
   at System.Net.Sockets.Socket.AwaitableSocketAsyncEventArgs.System.Threading.Tasks.Sources.IValueTaskSource.GetResult(Int16 token)
   at System.Threading.Tasks.ValueTask.ValueTaskSourceAsTask.<>c.<.cctor>b__4_0(Object state)
--- End of stack trace from previous location ---
   at RabbitMQ.Client.Impl.SocketFactory.ConnectUsingAddressFamilyAsync(IPEndPoint endpoint, Func`2 socketFactory, AddressFamily family, TimeSpan connectionTimeout, CancellationToken cancellationToken)
   --- End of inner exception stack trace ---
   --- End of inner exception stack trace ---
   at RabbitMQ.Client.Impl.SocketFactory.ConnectUsingAddressFamilyAsync(IPEndPoint endpoint, Func`2 socketFactory, AddressFamily family, TimeSpan connectionTimeout, CancellationToken cancellationToken)
   at RabbitMQ.Client.Impl.SocketFactory.OpenAsync(AmqpTcpEndpoint amqpTcpEndpoint, Func`2 socketFactory, TimeSpan connectionTimeout, CancellationToken cancellationToken)
   at RabbitMQ.Client.Impl.SocketFrameHandler.CreateAsync(AmqpTcpEndpoint amqpTcpEndpoint, Func`2 socketFactory, TimeSpan connectionTimeout, CancellationToken cancellationToken)
   at RabbitMQ.Client.ConnectionFactory.CreateFrameHandlerAsync(AmqpTcpEndpoint endpoint, CancellationToken cancellationToken)
   at RabbitMQ.Client.EndpointResolverExtensions.SelectOneAsync[T](IEndpointResolver resolver, Func`3 selector, CancellationToken cancellationToken)
   --- End of inner exception stack trace ---
   at RabbitMQ.Client.EndpointResolverExtensions.SelectOneAsync[T](IEndpointResolver resolver, Func`3 selector, CancellationToken cancellationToken)
   at RabbitMQ.Client.ConnectionFactory.CreateConnectionAsync(IEndpointResolver endpointResolver, String clientProvidedName, CancellationToken cancellationToken)
   --- End of inner exception stack trace ---
   at RabbitMQ.Client.ConnectionFactory.CreateConnectionAsync(IEndpointResolver endpointResolver, String clientProvidedName, CancellationToken cancellationToken)
   at MassTransit.RabbitMqTransport.ConnectionContextFactory.CreateConnection(ISupervisor supervisor) in D:\a\MassTransit\MassTransit\src\Transports\MassTransit.RabbitMqTransport\RabbitMqTransport\ConnectionContextFactory.cs:line 108
   --- End of inner exception stack trace ---
   at MassTransit.RabbitMqTransport.ConnectionContextFactory.CreateConnection(ISupervisor supervisor) in D:\a\MassTransit\MassTransit\src\Transports\MassTransit.RabbitMqTransport\RabbitMqTransport\ConnectionContextFactory.cs:line 135
   at MassTransit.Internals.TaskExtensions.<>c__DisplayClass2_0`1.<<OrCanceled>g__WaitAsync|0>d.MoveNext() in D:\a\MassTransit\MassTransit\src\MassTransit.Abstractions\Internals\Extensions\TaskExtensions.cs:line 72
--- End of stack trace from previous location ---
   at MassTransit.Internals.TaskExtensions.<>c__DisplayClass2_0`1.<<OrCanceled>g__WaitAsync|0>d.MoveNext() in D:\a\MassTransit\MassTransit\src\MassTransit.Abstractions\Internals\Extensions\TaskExtensions.cs:line 72
--- End of stack trace from previous location ---
   at MassTransit.RabbitMqTransport.ConnectionContextFactory.CreateSharedConnection(Task`1 contextTask, CancellationToken cancellationToken) in D:\a\MassTransit\MassTransit\src\Transports\MassTransit.RabbitMqTransport\RabbitMqTransport\ConnectionContextFactory.cs:line 74
   at MassTransit.Agents.PipeContextSupervisor`1.Send(IPipe`1 pipe, CancellationToken cancellationToken) in D:\a\MassTransit\MassTransit\src\MassTransit\Agents\PipeContextSupervisor.cs:line 51
   at MassTransit.Agents.PipeContextSupervisor`1.Send(IPipe`1 pipe, CancellationToken cancellationToken) in D:\a\MassTransit\MassTransit\src\MassTransit\Agents\PipeContextSupervisor.cs:line 61
   at MassTransit.Agents.PipeContextSupervisor`1.Send(IPipe`1 pipe, CancellationToken cancellationToken) in D:\a\MassTransit\MassTransit\src\MassTransit\Agents\PipeContextSupervisor.cs:line 67
   at MassTransit.SupervisorExtensions.<>c__DisplayClass5_0`2.<<CreateAgent>g__HandleSupervisorTask|0>d.MoveNext() in D:\a\MassTransit\MassTransit\src\MassTransit\SupervisorExtensions.cs:line 139
--- End of stack trace from previous location ---
   at MassTransit.Agents.PipeContextSupervisor`1.Send(IPipe`1 pipe, CancellationToken cancellationToken) in D:\a\MassTransit\MassTransit\src\MassTransit\Agents\PipeContextSupervisor.cs:line 67
   at MassTransit.Transports.TransportStartExtensions.OnTransportStartup[T](ReceiveEndpointContext context, ITransportSupervisor`1 supervisor, CancellationToken cancellationToken) in D:\a\MassTransit\MassTransit\src\MassTransit\Transports\TransportStartExtensions.cs:line 19
   at MassTransit.Transports.ReceiveTransport`1.ReceiveTransportAgent.RunTransport() in D:\a\MassTransit\MassTransit\src\MassTransit\Transports\ReceiveTransport.cs:line 200
   at MassTransit.Transports.ReceiveTransport`1.ReceiveTransportAgent.RunTransport() in D:\a\MassTransit\MassTransit\src\MassTransit\Transports\ReceiveTransport.cs:line 208
   at MassTransit.Transports.ReceiveTransport`1.ReceiveTransportAgent.Run() in D:\a\MassTransit\MassTransit\src\MassTransit\Transports\ReceiveTransport.cs:line 145
   at MassTransit.Transports.ReceiveTransport`1.ReceiveTransportAgent.Run() in D:\a\MassTransit\MassTransit\src\MassTransit\Transports\ReceiveTransport.cs:line 145
