[2026-07-18 10:55:59.694 +05:30 INF] HealthApp.Api.BackgroundServices.NotificationCleanupBackgroundService Notification cleanup background service started.
[2026-07-18 10:55:59.733 +05:30 INF] HealthApp.Api.BackgroundServices.HeartbeatBackgroundService HealthAxis Heartbeat Background Service started.+++++++++++++
[2026-07-18 10:55:59.923 +05:30 INF] HealthApp.Api.BackgroundServices.HeartbeatBackgroundService HealthAxis heartbeat running at "2026-07-18T10:55:59.9211807+05:30"------------
[2026-07-18 10:56:00.046 +05:30 INF] Microsoft.Hosting.Lifetime Now listening on: http://localhost:5066
[2026-07-18 10:56:00.122 +05:30 INF] Microsoft.Hosting.Lifetime Application started. Press Ctrl+C to shut down.
[2026-07-18 10:56:00.140 +05:30 INF] Microsoft.Hosting.Lifetime Hosting environment: Development
[2026-07-18 10:56:00.174 +05:30 INF] Microsoft.Hosting.Lifetime Content root path: C:\Users\310208\source\repos\Sprint 4\UST-Live-01\HealthApp.Api
[2026-07-18 10:56:00.232 +05:30 INF] MassTransit Bus started: "rabbitmq://localhost/"
[2026-07-18 10:56:00.706 +05:30 INF] HealthApp.Api.BackgroundServices.NotificationCleanupBackgroundService Notification cleanup completed. Deleted 0 read notifications older than 30 days.
[2026-07-18 10:56:09.962 +05:30 INF] HealthApp.Api.BackgroundServices.HeartbeatBackgroundService HealthAxis heartbeat running at "2026-07-18T10:56:09.9624462+05:30"------------
[2026-07-18 10:56:19.968 +05:30 INF] HealthApp.Api.BackgroundServices.HeartbeatBackgroundService HealthAxis heartbeat running at "2026-07-18T10:56:19.9685292+05:30"------------
[2026-07-18 10:56:29.980 +05:30 INF] HealthApp.Api.BackgroundServices.HeartbeatBackgroundService HealthAxis heartbeat running at "2026-07-18T10:56:29.9805080+05:30"------------
[2026-07-18 10:56:39.988 +05:30 INF] HealthApp.Api.BackgroundServices.HeartbeatBackgroundService HealthAxis heartbeat running at "2026-07-18T10:56:39.9881139+05:30"------------
[2026-07-18 10:56:49.994 +05:30 INF] HealthApp.Api.BackgroundServices.HeartbeatBackgroundService HealthAxis heartbeat running at "2026-07-18T10:56:49.9943304+05:30"------------
[2026-07-18 10:57:00.000 +05:30 INF] HealthApp.Api.BackgroundServices.HeartbeatBackgroundService HealthAxis heartbeat running at "2026-07-18T10:57:00.0006228+05:30"------------
[2026-07-18 10:57:10.050 +05:30 INF] HealthApp.Api.BackgroundServices.HeartbeatBackgroundService HealthAxis heartbeat running at "2026-07-18T10:57:10.0500206+05:30"------------
[2026-07-18 10:57:20.055 +05:30 INF] HealthApp.Api.BackgroundServices.HeartbeatBackgroundService HealthAxis heartbeat running at "2026-07-18T10:57:20.0558205+05:30"------------
[2026-07-18 10:57:30.062 +05:30 INF] HealthApp.Api.BackgroundServices.HeartbeatBackgroundService HealthAxis heartbeat running at "2026-07-18T10:57:30.0628550+05:30"------------
[2026-07-18 10:57:40.067 +05:30 INF] HealthApp.Api.BackgroundServices.HeartbeatBackgroundService HealthAxis heartbeat running at "2026-07-18T10:57:40.0671540+05:30"------------
[2026-07-18 10:57:50.073 +05:30 INF] HealthApp.Api.BackgroundServices.HeartbeatBackgroundService HealthAxis heartbeat running at "2026-07-18T10:57:50.0735234+05:30"------------
[2026-07-18 10:58:00.083 +05:30 INF] HealthApp.Api.BackgroundServices.HeartbeatBackgroundService HealthAxis heartbeat running at "2026-07-18T10:58:00.0833709+05:30"------------
[2026-07-18 10:58:10.182 +05:30 INF] HealthApp.Api.BackgroundServices.HeartbeatBackgroundService HealthAxis heartbeat running at "2026-07-18T10:58:10.1827513+05:30"------------
[2026-07-18 10:58:21.388 +05:30 INF] HealthApp.Api.BackgroundServices.HeartbeatBackgroundService HealthAxis heartbeat running at "2026-07-18T10:58:21.3872864+05:30"------------
[2026-07-18 10:58:31.588 +05:30 INF] HealthApp.Api.BackgroundServices.HeartbeatBackgroundService HealthAxis heartbeat running at "2026-07-18T10:58:31.5885366+05:30"------------
[2026-07-18 10:58:41.593 +05:30 INF] HealthApp.Api.BackgroundServices.HeartbeatBackgroundService HealthAxis heartbeat running at "2026-07-18T10:58:41.5934865+05:30"------------
[2026-07-18 10:58:51.598 +05:30 INF] HealthApp.Api.BackgroundServices.HeartbeatBackgroundService HealthAxis heartbeat running at "2026-07-18T10:58:51.5977721+05:30"------------
[2026-07-18 10:59:01.603 +05:30 INF] HealthApp.Api.BackgroundServices.HeartbeatBackgroundService HealthAxis heartbeat running at "2026-07-18T10:59:01.6036736+05:30"------------
[2026-07-18 10:59:11.607 +05:30 INF] HealthApp.Api.BackgroundServices.HeartbeatBackgroundService HealthAxis heartbeat running at "2026-07-18T10:59:11.6074727+05:30"------------
[2026-07-18 10:59:21.612 +05:30 INF] HealthApp.Api.BackgroundServices.HeartbeatBackgroundService HealthAxis heartbeat running at "2026-07-18T10:59:21.6125609+05:30"------------
[2026-07-18 10:59:31.615 +05:30 INF] HealthApp.Api.BackgroundServices.HeartbeatBackgroundService HealthAxis heartbeat running at "2026-07-18T10:59:31.6155060+05:30"------------
[2026-07-18 10:59:41.620 +05:30 INF] HealthApp.Api.BackgroundServices.HeartbeatBackgroundService HealthAxis heartbeat running at "2026-07-18T10:59:41.6199813+05:30"------------
[2026-07-18 10:59:51.647 +05:30 INF] HealthApp.Api.BackgroundServices.HeartbeatBackgroundService HealthAxis heartbeat running at "2026-07-18T10:59:51.6473713+05:30"------------
[2026-07-18 11:00:01.654 +05:30 INF] HealthApp.Api.BackgroundServices.HeartbeatBackgroundService HealthAxis heartbeat running at "2026-07-18T11:00:01.6545471+05:30"------------
[2026-07-18 11:00:11.668 +05:30 INF] HealthApp.Api.BackgroundServices.HeartbeatBackgroundService HealthAxis heartbeat running at "2026-07-18T11:00:11.6683018+05:30"------------
[2026-07-18 11:00:21.688 +05:30 INF] HealthApp.Api.BackgroundServices.HeartbeatBackgroundService HealthAxis heartbeat running at "2026-07-18T11:00:21.6879216+05:30"------------
[2026-07-18 11:00:31.696 +05:30 INF] HealthApp.Api.BackgroundServices.HeartbeatBackgroundService HealthAxis heartbeat running at "2026-07-18T11:00:31.6966228+05:30"------------
[2026-07-18 11:00:41.707 +05:30 INF] HealthApp.Api.BackgroundServices.HeartbeatBackgroundService HealthAxis heartbeat running at "2026-07-18T11:00:41.7072585+05:30"------------
[2026-07-18 11:00:51.715 +05:30 INF] HealthApp.Api.BackgroundServices.HeartbeatBackgroundService HealthAxis heartbeat running at "2026-07-18T11:00:51.7157892+05:30"------------
[2026-07-18 11:01:01.724 +05:30 INF] HealthApp.Api.BackgroundServices.HeartbeatBackgroundService HealthAxis heartbeat running at "2026-07-18T11:01:01.7239430+05:30"------------
[2026-07-18 11:01:11.730 +05:30 INF] HealthApp.Api.BackgroundServices.HeartbeatBackgroundService HealthAxis heartbeat running at "2026-07-18T11:01:11.7308934+05:30"------------
[2026-07-18 11:01:21.736 +05:30 INF] HealthApp.Api.BackgroundServices.HeartbeatBackgroundService HealthAxis heartbeat running at "2026-07-18T11:01:21.7368263+05:30"------------
[2026-07-18 11:01:31.749 +05:30 INF] HealthApp.Api.BackgroundServices.HeartbeatBackgroundService HealthAxis heartbeat running at "2026-07-18T11:01:31.7492739+05:30"------------
[2026-07-18 11:01:41.752 +05:30 INF] HealthApp.Api.BackgroundServices.HeartbeatBackgroundService HealthAxis heartbeat running at "2026-07-18T11:01:41.7526900+05:30"------------
[2026-07-18 11:01:51.762 +05:30 INF] HealthApp.Api.BackgroundServices.HeartbeatBackgroundService HealthAxis heartbeat running at "2026-07-18T11:01:51.7620922+05:30"------------
[2026-07-18 11:02:01.765 +05:30 INF] HealthApp.Api.BackgroundServices.HeartbeatBackgroundService HealthAxis heartbeat running at "2026-07-18T11:02:01.7654694+05:30"------------
[2026-07-18 11:02:11.767 +05:30 INF] HealthApp.Api.BackgroundServices.HeartbeatBackgroundService HealthAxis heartbeat running at "2026-07-18T11:02:11.7677400+05:30"------------
[2026-07-18 11:02:21.771 +05:30 INF] HealthApp.Api.BackgroundServices.HeartbeatBackgroundService HealthAxis heartbeat running at "2026-07-18T11:02:21.7710639+05:30"------------
[2026-07-18 11:02:31.773 +05:30 INF] HealthApp.Api.BackgroundServices.HeartbeatBackgroundService HealthAxis heartbeat running at "2026-07-18T11:02:31.7739313+05:30"------------
[2026-07-18 11:02:41.778 +05:30 INF] HealthApp.Api.BackgroundServices.HeartbeatBackgroundService HealthAxis heartbeat running at "2026-07-18T11:02:41.7779833+05:30"------------
[2026-07-18 11:02:51.782 +05:30 INF] HealthApp.Api.BackgroundServices.HeartbeatBackgroundService HealthAxis heartbeat running at "2026-07-18T11:02:51.7827876+05:30"------------
[2026-07-18 11:03:01.787 +05:30 INF] HealthApp.Api.BackgroundServices.HeartbeatBackgroundService HealthAxis heartbeat running at "2026-07-18T11:03:01.7878187+05:30"------------
[2026-07-18 11:03:11.794 +05:30 INF] HealthApp.Api.BackgroundServices.HeartbeatBackgroundService HealthAxis heartbeat running at "2026-07-18T11:03:11.7940242+05:30"------------
[2026-07-18 11:03:21.797 +05:30 INF] HealthApp.Api.BackgroundServices.HeartbeatBackgroundService HealthAxis heartbeat running at "2026-07-18T11:03:21.7974056+05:30"------------
[2026-07-18 11:03:31.802 +05:30 INF] HealthApp.Api.BackgroundServices.HeartbeatBackgroundService HealthAxis heartbeat running at "2026-07-18T11:03:31.8020489+05:30"------------
[2026-07-18 11:03:41.813 +05:30 INF] HealthApp.Api.BackgroundServices.HeartbeatBackgroundService HealthAxis heartbeat running at "2026-07-18T11:03:41.8137039+05:30"------------
[2026-07-18 11:03:51.826 +05:30 INF] HealthApp.Api.BackgroundServices.HeartbeatBackgroundService HealthAxis heartbeat running at "2026-07-18T11:03:51.8261709+05:30"------------
[2026-07-18 11:04:01.829 +05:30 INF] HealthApp.Api.BackgroundServices.HeartbeatBackgroundService HealthAxis heartbeat running at "2026-07-18T11:04:01.8299329+05:30"------------
[2026-07-18 11:04:11.839 +05:30 INF] HealthApp.Api.BackgroundServices.HeartbeatBackgroundService HealthAxis heartbeat running at "2026-07-18T11:04:11.8395782+05:30"------------
[2026-07-18 11:04:21.844 +05:30 INF] HealthApp.Api.BackgroundServices.HeartbeatBackgroundService HealthAxis heartbeat running at "2026-07-18T11:04:21.8439667+05:30"------------
[2026-07-18 11:04:31.849 +05:30 INF] HealthApp.Api.BackgroundServices.HeartbeatBackgroundService HealthAxis heartbeat running at "2026-07-18T11:04:31.8496325+05:30"------------
[2026-07-18 11:04:41.856 +05:30 INF] HealthApp.Api.BackgroundServices.HeartbeatBackgroundService HealthAxis heartbeat running at "2026-07-18T11:04:41.8558715+05:30"------------
[2026-07-18 11:04:51.865 +05:30 INF] HealthApp.Api.BackgroundServices.HeartbeatBackgroundService HealthAxis heartbeat running at "2026-07-18T11:04:51.8650511+05:30"------------
[2026-07-18 11:05:01.906 +05:30 INF] HealthApp.Api.BackgroundServices.HeartbeatBackgroundService HealthAxis heartbeat running at "2026-07-18T11:05:01.9067152+05:30"------------
[2026-07-18 11:05:11.909 +05:30 INF] HealthApp.Api.BackgroundServices.HeartbeatBackgroundService HealthAxis heartbeat running at "2026-07-18T11:05:11.9096529+05:30"------------
[2026-07-18 11:05:21.913 +05:30 INF] HealthApp.Api.BackgroundServices.HeartbeatBackgroundService HealthAxis heartbeat running at "2026-07-18T11:05:21.9135047+05:30"------------
[2026-07-18 11:05:31.921 +05:30 INF] HealthApp.Api.BackgroundServices.HeartbeatBackgroundService HealthAxis heartbeat running at "2026-07-18T11:05:31.9209751+05:30"------------
[2026-07-18 11:05:41.925 +05:30 INF] HealthApp.Api.BackgroundServices.HeartbeatBackgroundService HealthAxis heartbeat running at "2026-07-18T11:05:41.9256398+05:30"------------
[2026-07-18 11:05:51.951 +05:30 INF] HealthApp.Api.BackgroundServices.HeartbeatBackgroundService HealthAxis heartbeat running at "2026-07-18T11:05:51.9513481+05:30"------------
[2026-07-18 11:06:01.955 +05:30 INF] HealthApp.Api.BackgroundServices.HeartbeatBackgroundService HealthAxis heartbeat running at "2026-07-18T11:06:01.9552449+05:30"------------
[2026-07-18 11:06:11.958 +05:30 INF] HealthApp.Api.BackgroundServices.HeartbeatBackgroundService HealthAxis heartbeat running at "2026-07-18T11:06:11.9580159+05:30"------------
[2026-07-18 11:06:21.963 +05:30 INF] HealthApp.Api.BackgroundServices.HeartbeatBackgroundService HealthAxis heartbeat running at "2026-07-18T11:06:21.9636164+05:30"------------
[2026-07-18 11:06:31.967 +05:30 INF] HealthApp.Api.BackgroundServices.HeartbeatBackgroundService HealthAxis heartbeat running at "2026-07-18T11:06:31.9670952+05:30"------------
[2026-07-18 11:06:41.971 +05:30 INF] HealthApp.Api.BackgroundServices.HeartbeatBackgroundService HealthAxis heartbeat running at "2026-07-18T11:06:41.9718752+05:30"------------
[2026-07-18 11:06:51.980 +05:30 INF] HealthApp.Api.BackgroundServices.HeartbeatBackgroundService HealthAxis heartbeat running at "2026-07-18T11:06:51.9807288+05:30"------------
[2026-07-18 11:07:01.984 +05:30 INF] HealthApp.Api.BackgroundServices.HeartbeatBackgroundService HealthAxis heartbeat running at "2026-07-18T11:07:01.9841958+05:30"------------
[2026-07-18 11:07:11.987 +05:30 INF] HealthApp.Api.BackgroundServices.HeartbeatBackgroundService HealthAxis heartbeat running at "2026-07-18T11:07:11.9879455+05:30"------------
[2026-07-18 11:07:21.992 +05:30 INF] HealthApp.Api.BackgroundServices.HeartbeatBackgroundService HealthAxis heartbeat running at "2026-07-18T11:07:21.9928741+05:30"------------
[2026-07-18 11:07:32.007 +05:30 INF] HealthApp.Api.BackgroundServices.HeartbeatBackgroundService HealthAxis heartbeat running at "2026-07-18T11:07:32.0070375+05:30"------------
[2026-07-18 11:07:42.076 +05:30 INF] HealthApp.Api.BackgroundServices.HeartbeatBackgroundService HealthAxis heartbeat running at "2026-07-18T11:07:42.0762990+05:30"------------
[2026-07-18 11:07:52.079 +05:30 INF] HealthApp.Api.BackgroundServices.HeartbeatBackgroundService HealthAxis heartbeat running at "2026-07-18T11:07:52.0791828+05:30"------------
[2026-07-18 11:08:02.083 +05:30 INF] HealthApp.Api.BackgroundServices.HeartbeatBackgroundService HealthAxis heartbeat running at "2026-07-18T11:08:02.0832887+05:30"------------
[2026-07-18 11:08:12.088 +05:30 INF] HealthApp.Api.BackgroundServices.HeartbeatBackgroundService HealthAxis heartbeat running at "2026-07-18T11:08:12.0880145+05:30"------------
[2026-07-18 11:08:22.091 +05:30 INF] HealthApp.Api.BackgroundServices.HeartbeatBackgroundService HealthAxis heartbeat running at "2026-07-18T11:08:22.0917872+05:30"------------
[2026-07-18 11:08:32.095 +05:30 INF] HealthApp.Api.BackgroundServices.HeartbeatBackgroundService HealthAxis heartbeat running at "2026-07-18T11:08:32.0958219+05:30"------------
[2026-07-18 11:08:42.099 +05:30 INF] HealthApp.Api.BackgroundServices.HeartbeatBackgroundService HealthAxis heartbeat running at "2026-07-18T11:08:42.0990495+05:30"------------
[2026-07-18 11:08:52.102 +05:30 INF] HealthApp.Api.BackgroundServices.HeartbeatBackgroundService HealthAxis heartbeat running at "2026-07-18T11:08:52.1019909+05:30"------------
[2026-07-18 11:09:02.105 +05:30 INF] HealthApp.Api.BackgroundServices.HeartbeatBackgroundService HealthAxis heartbeat running at "2026-07-18T11:09:02.1058745+05:30"------------
[2026-07-18 11:09:12.110 +05:30 INF] HealthApp.Api.BackgroundServices.HeartbeatBackgroundService HealthAxis heartbeat running at "2026-07-18T11:09:12.1104527+05:30"------------
[2026-07-18 11:09:22.115 +05:30 INF] HealthApp.Api.BackgroundServices.HeartbeatBackgroundService HealthAxis heartbeat running at "2026-07-18T11:09:22.1151148+05:30"------------
[2026-07-18 11:09:32.118 +05:30 INF] HealthApp.Api.BackgroundServices.HeartbeatBackgroundService HealthAxis heartbeat running at "2026-07-18T11:09:32.1187763+05:30"------------
[2026-07-18 11:09:42.124 +05:30 INF] HealthApp.Api.BackgroundServices.HeartbeatBackgroundService HealthAxis heartbeat running at "2026-07-18T11:09:42.1248559+05:30"------------
[2026-07-18 11:09:52.128 +05:30 INF] HealthApp.Api.BackgroundServices.HeartbeatBackgroundService HealthAxis heartbeat running at "2026-07-18T11:09:52.1289619+05:30"------------
[2026-07-18 11:10:02.131 +05:30 INF] HealthApp.Api.BackgroundServices.HeartbeatBackgroundService HealthAxis heartbeat running at "2026-07-18T11:10:02.1319672+05:30"------------
[2026-07-18 11:10:12.139 +05:30 INF] HealthApp.Api.BackgroundServices.HeartbeatBackgroundService HealthAxis heartbeat running at "2026-07-18T11:10:12.1397816+05:30"------------
[2026-07-18 11:10:22.146 +05:30 INF] HealthApp.Api.BackgroundServices.HeartbeatBackgroundService HealthAxis heartbeat running at "2026-07-18T11:10:22.1466650+05:30"------------
[2026-07-18 11:10:32.180 +05:30 INF] HealthApp.Api.BackgroundServices.HeartbeatBackgroundService HealthAxis heartbeat running at "2026-07-18T11:10:32.1801915+05:30"------------
[2026-07-18 11:10:42.189 +05:30 INF] HealthApp.Api.BackgroundServices.HeartbeatBackgroundService HealthAxis heartbeat running at "2026-07-18T11:10:42.1891964+05:30"------------
[2026-07-18 11:10:52.193 +05:30 INF] HealthApp.Api.BackgroundServices.HeartbeatBackgroundService HealthAxis heartbeat running at "2026-07-18T11:10:52.1937579+05:30"------------
[2026-07-18 11:11:02.200 +05:30 INF] HealthApp.Api.BackgroundServices.HeartbeatBackgroundService HealthAxis heartbeat running at "2026-07-18T11:11:02.2004791+05:30"------------
[2026-07-18 11:11:12.205 +05:30 INF] HealthApp.Api.BackgroundServices.HeartbeatBackgroundService HealthAxis heartbeat running at "2026-07-18T11:11:12.2052065+05:30"------------
[2026-07-18 11:11:22.209 +05:30 INF] HealthApp.Api.BackgroundServices.HeartbeatBackgroundService HealthAxis heartbeat running at "2026-07-18T11:11:22.2091732+05:30"------------
[2026-07-18 11:11:32.238 +05:30 INF] HealthApp.Api.BackgroundServices.HeartbeatBackgroundService HealthAxis heartbeat running at "2026-07-18T11:11:32.2387513+05:30"------------
[2026-07-18 11:11:42.243 +05:30 INF] HealthApp.Api.BackgroundServices.HeartbeatBackgroundService HealthAxis heartbeat running at "2026-07-18T11:11:42.2439317+05:30"------------
[2026-07-18 11:11:52.248 +05:30 INF] HealthApp.Api.BackgroundServices.HeartbeatBackgroundService HealthAxis heartbeat running at "2026-07-18T11:11:52.2482414+05:30"------------
[2026-07-18 11:12:02.255 +05:30 INF] HealthApp.Api.BackgroundServices.HeartbeatBackgroundService HealthAxis heartbeat running at "2026-07-18T11:12:02.2556153+05:30"------------
[2026-07-18 11:12:12.265 +05:30 INF] HealthApp.Api.BackgroundServices.HeartbeatBackgroundService HealthAxis heartbeat running at "2026-07-18T11:12:12.2655924+05:30"------------
[2026-07-18 11:12:22.287 +05:30 INF] HealthApp.Api.BackgroundServices.HeartbeatBackgroundService HealthAxis heartbeat running at "2026-07-18T11:12:22.2875436+05:30"------------
[2026-07-18 11:12:32.298 +05:30 INF] HealthApp.Api.BackgroundServices.HeartbeatBackgroundService HealthAxis heartbeat running at "2026-07-18T11:12:32.2982200+05:30"------------
[2026-07-18 11:12:42.301 +05:30 INF] HealthApp.Api.BackgroundServices.HeartbeatBackgroundService HealthAxis heartbeat running at "2026-07-18T11:12:42.3010417+05:30"------------
[2026-07-18 11:12:52.306 +05:30 INF] HealthApp.Api.BackgroundServices.HeartbeatBackgroundService HealthAxis heartbeat running at "2026-07-18T11:12:52.3069167+05:30"------------
[2026-07-18 11:13:02.310 +05:30 INF] HealthApp.Api.BackgroundServices.HeartbeatBackgroundService HealthAxis heartbeat running at "2026-07-18T11:13:02.3105891+05:30"------------
[2026-07-18 11:13:12.314 +05:30 INF] HealthApp.Api.BackgroundServices.HeartbeatBackgroundService HealthAxis heartbeat running at "2026-07-18T11:13:12.3146930+05:30"------------
[2026-07-18 11:13:22.317 +05:30 INF] HealthApp.Api.BackgroundServices.HeartbeatBackgroundService HealthAxis heartbeat running at "2026-07-18T11:13:22.3173212+05:30"------------
[2026-07-18 11:13:32.321 +05:30 INF] HealthApp.Api.BackgroundServices.HeartbeatBackgroundService HealthAxis heartbeat running at "2026-07-18T11:13:32.3214791+05:30"------------
[2026-07-18 11:13:42.329 +05:30 INF] HealthApp.Api.BackgroundServices.HeartbeatBackgroundService HealthAxis heartbeat running at "2026-07-18T11:13:42.3296794+05:30"------------
[2026-07-18 11:13:52.333 +05:30 INF] HealthApp.Api.BackgroundServices.HeartbeatBackgroundService HealthAxis heartbeat running at "2026-07-18T11:13:52.3330726+05:30"------------
[2026-07-18 11:14:02.337 +05:30 INF] HealthApp.Api.BackgroundServices.HeartbeatBackgroundService HealthAxis heartbeat running at "2026-07-18T11:14:02.3372582+05:30"------------
[2026-07-18 11:14:12.340 +05:30 INF] HealthApp.Api.BackgroundServices.HeartbeatBackgroundService HealthAxis heartbeat running at "2026-07-18T11:14:12.3402883+05:30"------------
[2026-07-18 11:14:22.342 +05:30 INF] HealthApp.Api.BackgroundServices.HeartbeatBackgroundService HealthAxis heartbeat running at "2026-07-18T11:14:22.3422218+05:30"------------
[2026-07-18 11:14:32.344 +05:30 INF] HealthApp.Api.BackgroundServices.HeartbeatBackgroundService HealthAxis heartbeat running at "2026-07-18T11:14:32.3448812+05:30"------------
[2026-07-18 11:14:42.348 +05:30 INF] HealthApp.Api.BackgroundServices.HeartbeatBackgroundService HealthAxis heartbeat running at "2026-07-18T11:14:42.3486009+05:30"------------
[2026-07-18 11:14:52.351 +05:30 INF] HealthApp.Api.BackgroundServices.HeartbeatBackgroundService HealthAxis heartbeat running at "2026-07-18T11:14:52.3513473+05:30"------------
[2026-07-18 11:15:02.355 +05:30 INF] HealthApp.Api.BackgroundServices.HeartbeatBackgroundService HealthAxis heartbeat running at "2026-07-18T11:15:02.3553008+05:30"------------
[2026-07-18 11:15:12.358 +05:30 INF] HealthApp.Api.BackgroundServices.HeartbeatBackgroundService HealthAxis heartbeat running at "2026-07-18T11:15:12.3580525+05:30"------------
[2026-07-18 11:15:22.361 +05:30 INF] HealthApp.Api.BackgroundServices.HeartbeatBackgroundService HealthAxis heartbeat running at "2026-07-18T11:15:22.3617770+05:30"------------
[2026-07-18 11:15:32.366 +05:30 INF] HealthApp.Api.BackgroundServices.HeartbeatBackgroundService HealthAxis heartbeat running at "2026-07-18T11:15:32.3661307+05:30"------------
[2026-07-18 11:15:42.374 +05:30 INF] HealthApp.Api.BackgroundServices.HeartbeatBackgroundService HealthAxis heartbeat running at "2026-07-18T11:15:42.3744205+05:30"------------
[2026-07-18 11:15:52.396 +05:30 INF] HealthApp.Api.BackgroundServices.HeartbeatBackgroundService HealthAxis heartbeat running at "2026-07-18T11:15:52.3961561+05:30"------------
[2026-07-18 11:16:02.404 +05:30 INF] HealthApp.Api.BackgroundServices.HeartbeatBackgroundService HealthAxis heartbeat running at "2026-07-18T11:16:02.4042491+05:30"------------
[2026-07-18 11:16:12.408 +05:30 INF] HealthApp.Api.BackgroundServices.HeartbeatBackgroundService HealthAxis heartbeat running at "2026-07-18T11:16:12.4081070+05:30"------------
[2026-07-18 11:16:22.412 +05:30 INF] HealthApp.Api.BackgroundServices.HeartbeatBackgroundService HealthAxis heartbeat running at "2026-07-18T11:16:22.4124160+05:30"------------
[2026-07-18 11:16:32.419 +05:30 INF] HealthApp.Api.BackgroundServices.HeartbeatBackgroundService HealthAxis heartbeat running at "2026-07-18T11:16:32.4197821+05:30"------------
[2026-07-18 11:16:42.422 +05:30 INF] HealthApp.Api.BackgroundServices.HeartbeatBackgroundService HealthAxis heartbeat running at "2026-07-18T11:16:42.4229474+05:30"------------
[2026-07-18 11:16:52.425 +05:30 INF] HealthApp.Api.BackgroundServices.HeartbeatBackgroundService HealthAxis heartbeat running at "2026-07-18T11:16:52.4254317+05:30"------------
[2026-07-18 11:17:02.430 +05:30 INF] HealthApp.Api.BackgroundServices.HeartbeatBackgroundService HealthAxis heartbeat running at "2026-07-18T11:17:02.4300529+05:30"------------
[2026-07-18 11:17:12.435 +05:30 INF] HealthApp.Api.BackgroundServices.HeartbeatBackgroundService HealthAxis heartbeat running at "2026-07-18T11:17:12.4353183+05:30"------------
[2026-07-18 11:17:22.438 +05:30 INF] HealthApp.Api.BackgroundServices.HeartbeatBackgroundService HealthAxis heartbeat running at "2026-07-18T11:17:22.4389418+05:30"------------
[2026-07-18 11:17:32.442 +05:30 INF] HealthApp.Api.BackgroundServices.HeartbeatBackgroundService HealthAxis heartbeat running at "2026-07-18T11:17:32.4424544+05:30"------------
[2026-07-18 11:17:42.444 +05:30 INF] HealthApp.Api.BackgroundServices.HeartbeatBackgroundService HealthAxis heartbeat running at "2026-07-18T11:17:42.4449830+05:30"------------
[2026-07-18 11:17:52.447 +05:30 INF] HealthApp.Api.BackgroundServices.HeartbeatBackgroundService HealthAxis heartbeat running at "2026-07-18T11:17:52.4472869+05:30"------------
[2026-07-18 11:18:02.454 +05:30 INF] HealthApp.Api.BackgroundServices.HeartbeatBackgroundService HealthAxis heartbeat running at "2026-07-18T11:18:02.4542064+05:30"------------
[2026-07-18 11:18:12.463 +05:30 INF] HealthApp.Api.BackgroundServices.HeartbeatBackgroundService HealthAxis heartbeat running at "2026-07-18T11:18:12.4635367+05:30"------------
[2026-07-18 11:18:22.467 +05:30 INF] HealthApp.Api.BackgroundServices.HeartbeatBackgroundService HealthAxis heartbeat running at "2026-07-18T11:18:22.4678826+05:30"------------
[2026-07-18 11:18:32.471 +05:30 INF] HealthApp.Api.BackgroundServices.HeartbeatBackgroundService HealthAxis heartbeat running at "2026-07-18T11:18:32.4713167+05:30"------------
[2026-07-18 11:18:42.480 +05:30 INF] HealthApp.Api.BackgroundServices.HeartbeatBackgroundService HealthAxis heartbeat running at "2026-07-18T11:18:42.4802078+05:30"------------
[2026-07-18 11:18:52.485 +05:30 INF] HealthApp.Api.BackgroundServices.HeartbeatBackgroundService HealthAxis heartbeat running at "2026-07-18T11:18:52.4851184+05:30"------------
[2026-07-18 11:19:02.490 +05:30 INF] HealthApp.Api.BackgroundServices.HeartbeatBackgroundService HealthAxis heartbeat running at "2026-07-18T11:19:02.4904697+05:30"------------
[2026-07-18 11:19:12.495 +05:30 INF] HealthApp.Api.BackgroundServices.HeartbeatBackgroundService HealthAxis heartbeat running at "2026-07-18T11:19:12.4957641+05:30"------------
[2026-07-18 11:19:22.522 +05:30 INF] HealthApp.Api.BackgroundServices.HeartbeatBackgroundService HealthAxis heartbeat running at "2026-07-18T11:19:22.5224555+05:30"------------
[2026-07-18 11:19:32.560 +05:30 INF] HealthApp.Api.BackgroundServices.HeartbeatBackgroundService HealthAxis heartbeat running at "2026-07-18T11:19:32.5606666+05:30"------------
[2026-07-18 11:19:42.625 +05:30 INF] HealthApp.Api.BackgroundServices.HeartbeatBackgroundService HealthAxis heartbeat running at "2026-07-18T11:19:42.6255861+05:30"------------
[2026-07-18 11:19:52.667 +05:30 INF] HealthApp.Api.BackgroundServices.HeartbeatBackgroundService HealthAxis heartbeat running at "2026-07-18T11:19:52.6674662+05:30"------------
[2026-07-18 11:20:03.247 +05:30 INF] HealthApp.Api.BackgroundServices.HeartbeatBackgroundService HealthAxis heartbeat running at "2026-07-18T11:20:03.2474427+05:30"------------
[2026-07-18 11:20:13.252 +05:30 INF] HealthApp.Api.BackgroundServices.HeartbeatBackgroundService HealthAxis heartbeat running at "2026-07-18T11:20:13.2527128+05:30"------------
[2026-07-18 11:20:23.276 +05:30 INF] HealthApp.Api.BackgroundServices.HeartbeatBackgroundService HealthAxis heartbeat running at "2026-07-18T11:20:23.2761658+05:30"------------
[2026-07-18 11:20:33.317 +05:30 INF] HealthApp.Api.BackgroundServices.HeartbeatBackgroundService HealthAxis heartbeat running at "2026-07-18T11:20:33.3174020+05:30"------------
[2026-07-18 11:20:43.349 +05:30 INF] HealthApp.Api.BackgroundServices.HeartbeatBackgroundService HealthAxis heartbeat running at "2026-07-18T11:20:43.3496519+05:30"------------
[2026-07-18 11:20:53.355 +05:30 INF] HealthApp.Api.BackgroundServices.HeartbeatBackgroundService HealthAxis heartbeat running at "2026-07-18T11:20:53.3558620+05:30"------------
[2026-07-18 11:21:03.362 +05:30 INF] HealthApp.Api.BackgroundServices.HeartbeatBackgroundService HealthAxis heartbeat running at "2026-07-18T11:21:03.3623910+05:30"------------
[2026-07-18 11:21:13.375 +05:30 INF] HealthApp.Api.BackgroundServices.HeartbeatBackgroundService HealthAxis heartbeat running at "2026-07-18T11:21:13.3755602+05:30"------------
[2026-07-18 11:21:23.378 +05:30 INF] HealthApp.Api.BackgroundServices.HeartbeatBackgroundService HealthAxis heartbeat running at "2026-07-18T11:21:23.3785576+05:30"------------
[2026-07-18 11:21:33.384 +05:30 INF] HealthApp.Api.BackgroundServices.HeartbeatBackgroundService HealthAxis heartbeat running at "2026-07-18T11:21:33.3847350+05:30"------------
[2026-07-18 11:21:43.389 +05:30 INF] HealthApp.Api.BackgroundServices.HeartbeatBackgroundService HealthAxis heartbeat running at "2026-07-18T11:21:43.3896323+05:30"------------
[2026-07-18 11:21:53.391 +05:30 INF] HealthApp.Api.BackgroundServices.HeartbeatBackgroundService HealthAxis heartbeat running at "2026-07-18T11:21:53.3919163+05:30"------------
[2026-07-18 11:22:03.417 +05:30 INF] HealthApp.Api.BackgroundServices.HeartbeatBackgroundService HealthAxis heartbeat running at "2026-07-18T11:22:03.4171578+05:30"------------
[2026-07-18 11:22:13.420 +05:30 INF] HealthApp.Api.BackgroundServices.HeartbeatBackgroundService HealthAxis heartbeat running at "2026-07-18T11:22:13.4199958+05:30"------------
[2026-07-18 11:22:23.426 +05:30 INF] HealthApp.Api.BackgroundServices.HeartbeatBackgroundService HealthAxis heartbeat running at "2026-07-18T11:22:23.4266565+05:30"------------
[2026-07-18 11:22:33.430 +05:30 INF] HealthApp.Api.BackgroundServices.HeartbeatBackgroundService HealthAxis heartbeat running at "2026-07-18T11:22:33.4300648+05:30"------------
[2026-07-18 11:22:43.437 +05:30 INF] HealthApp.Api.BackgroundServices.HeartbeatBackgroundService HealthAxis heartbeat running at "2026-07-18T11:22:43.4376020+05:30"------------
[2026-07-18 11:22:53.440 +05:30 INF] HealthApp.Api.BackgroundServices.HeartbeatBackgroundService HealthAxis heartbeat running at "2026-07-18T11:22:53.4402167+05:30"------------
[2026-07-18 11:23:03.444 +05:30 INF] HealthApp.Api.BackgroundServices.HeartbeatBackgroundService HealthAxis heartbeat running at "2026-07-18T11:23:03.4448971+05:30"------------
[2026-07-18 11:23:13.453 +05:30 INF] HealthApp.Api.BackgroundServices.HeartbeatBackgroundService HealthAxis heartbeat running at "2026-07-18T11:23:13.4539816+05:30"------------
[2026-07-18 11:23:23.456 +05:30 INF] HealthApp.Api.BackgroundServices.HeartbeatBackgroundService HealthAxis heartbeat running at "2026-07-18T11:23:23.4565777+05:30"------------
[2026-07-18 11:23:33.460 +05:30 INF] HealthApp.Api.BackgroundServices.HeartbeatBackgroundService HealthAxis heartbeat running at "2026-07-18T11:23:33.4602829+05:30"------------
[2026-07-18 11:23:43.463 +05:30 INF] HealthApp.Api.BackgroundServices.HeartbeatBackgroundService HealthAxis heartbeat running at "2026-07-18T11:23:43.4632128+05:30"------------
[2026-07-18 11:23:53.467 +05:30 INF] HealthApp.Api.BackgroundServices.HeartbeatBackgroundService HealthAxis heartbeat running at "2026-07-18T11:23:53.4670076+05:30"------------
[2026-07-18 11:24:03.470 +05:30 INF] HealthApp.Api.BackgroundServices.HeartbeatBackgroundService HealthAxis heartbeat running at "2026-07-18T11:24:03.4706735+05:30"------------
[2026-07-18 11:24:13.473 +05:30 INF] HealthApp.Api.BackgroundServices.HeartbeatBackgroundService HealthAxis heartbeat running at "2026-07-18T11:24:13.4738727+05:30"------------
[2026-07-18 11:24:23.478 +05:30 INF] HealthApp.Api.BackgroundServices.HeartbeatBackgroundService HealthAxis heartbeat running at "2026-07-18T11:24:23.4785984+05:30"------------
[2026-07-18 11:24:33.484 +05:30 INF] HealthApp.Api.BackgroundServices.HeartbeatBackgroundService HealthAxis heartbeat running at "2026-07-18T11:24:33.4848944+05:30"------------
[2026-07-18 11:24:43.490 +05:30 INF] HealthApp.Api.BackgroundServices.HeartbeatBackgroundService HealthAxis heartbeat running at "2026-07-18T11:24:43.4905943+05:30"------------
[2026-07-18 11:24:53.494 +05:30 INF] HealthApp.Api.BackgroundServices.HeartbeatBackgroundService HealthAxis heartbeat running at "2026-07-18T11:24:53.4941210+05:30"------------
[2026-07-18 11:25:03.498 +05:30 INF] HealthApp.Api.BackgroundServices.HeartbeatBackgroundService HealthAxis heartbeat running at "2026-07-18T11:25:03.4989693+05:30"------------
[2026-07-18 11:25:13.502 +05:30 INF] HealthApp.Api.BackgroundServices.HeartbeatBackgroundService HealthAxis heartbeat running at "2026-07-18T11:25:13.5026615+05:30"------------
[2026-07-18 11:25:23.507 +05:30 INF] HealthApp.Api.BackgroundServices.HeartbeatBackgroundService HealthAxis heartbeat running at "2026-07-18T11:25:23.5078336+05:30"------------
[2026-07-18 11:25:33.509 +05:30 INF] HealthApp.Api.BackgroundServices.HeartbeatBackgroundService HealthAxis heartbeat running at "2026-07-18T11:25:33.5098943+05:30"------------
[2026-07-18 11:25:43.516 +05:30 INF] HealthApp.Api.BackgroundServices.HeartbeatBackgroundService HealthAxis heartbeat running at "2026-07-18T11:25:43.5161537+05:30"------------
[2026-07-18 11:25:53.519 +05:30 INF] HealthApp.Api.BackgroundServices.HeartbeatBackgroundService HealthAxis heartbeat running at "2026-07-18T11:25:53.5194928+05:30"------------
[2026-07-18 11:26:03.522 +05:30 INF] HealthApp.Api.BackgroundServices.HeartbeatBackgroundService HealthAxis heartbeat running at "2026-07-18T11:26:03.5221188+05:30"------------
[2026-07-18 11:26:13.526 +05:30 INF] HealthApp.Api.BackgroundServices.HeartbeatBackgroundService HealthAxis heartbeat running at "2026-07-18T11:26:13.5264461+05:30"------------
[2026-07-18 11:26:23.529 +05:30 INF] HealthApp.Api.BackgroundServices.HeartbeatBackgroundService HealthAxis heartbeat running at "2026-07-18T11:26:23.5298075+05:30"------------
[2026-07-18 11:26:33.533 +05:30 INF] HealthApp.Api.BackgroundServices.HeartbeatBackgroundService HealthAxis heartbeat running at "2026-07-18T11:26:33.5338090+05:30"------------
[2026-07-18 11:26:43.538 +05:30 INF] HealthApp.Api.BackgroundServices.HeartbeatBackgroundService HealthAxis heartbeat running at "2026-07-18T11:26:43.5382292+05:30"------------
[2026-07-18 11:26:53.564 +05:30 INF] HealthApp.Api.BackgroundServices.HeartbeatBackgroundService HealthAxis heartbeat running at "2026-07-18T11:26:53.5645823+05:30"------------
[2026-07-18 11:27:03.567 +05:30 INF] HealthApp.Api.BackgroundServices.HeartbeatBackgroundService HealthAxis heartbeat running at "2026-07-18T11:27:03.5673930+05:30"------------
[2026-07-18 11:27:13.570 +05:30 INF] HealthApp.Api.BackgroundServices.HeartbeatBackgroundService HealthAxis heartbeat running at "2026-07-18T11:27:13.5702972+05:30"------------
[2026-07-18 11:27:23.574 +05:30 INF] HealthApp.Api.BackgroundServices.HeartbeatBackgroundService HealthAxis heartbeat running at "2026-07-18T11:27:23.5743159+05:30"------------
[2026-07-18 11:27:33.579 +05:30 INF] HealthApp.Api.BackgroundServices.HeartbeatBackgroundService HealthAxis heartbeat running at "2026-07-18T11:27:33.5790839+05:30"------------
[2026-07-18 11:27:43.582 +05:30 INF] HealthApp.Api.BackgroundServices.HeartbeatBackgroundService HealthAxis heartbeat running at "2026-07-18T11:27:43.5828844+05:30"------------
[2026-07-18 11:27:53.587 +05:30 INF] HealthApp.Api.BackgroundServices.HeartbeatBackgroundService HealthAxis heartbeat running at "2026-07-18T11:27:53.5870028+05:30"------------
[2026-07-18 11:28:03.590 +05:30 INF] HealthApp.Api.BackgroundServices.HeartbeatBackgroundService HealthAxis heartbeat running at "2026-07-18T11:28:03.5905903+05:30"------------
[2026-07-18 11:28:13.595 +05:30 INF] HealthApp.Api.BackgroundServices.HeartbeatBackgroundService HealthAxis heartbeat running at "2026-07-18T11:28:13.5958553+05:30"------------
[2026-07-18 11:28:23.598 +05:30 INF] HealthApp.Api.BackgroundServices.HeartbeatBackgroundService HealthAxis heartbeat running at "2026-07-18T11:28:23.5983660+05:30"------------
[2026-07-18 11:28:33.601 +05:30 INF] HealthApp.Api.BackgroundServices.HeartbeatBackgroundService HealthAxis heartbeat running at "2026-07-18T11:28:33.6018441+05:30"------------
[2026-07-18 11:28:43.608 +05:30 INF] HealthApp.Api.BackgroundServices.HeartbeatBackgroundService HealthAxis heartbeat running at "2026-07-18T11:28:43.6088121+05:30"------------
[2026-07-18 11:28:53.613 +05:30 INF] HealthApp.Api.BackgroundServices.HeartbeatBackgroundService HealthAxis heartbeat running at "2026-07-18T11:28:53.6134156+05:30"------------
[2026-07-18 11:29:03.617 +05:30 INF] HealthApp.Api.BackgroundServices.HeartbeatBackgroundService HealthAxis heartbeat running at "2026-07-18T11:29:03.6170854+05:30"------------
[2026-07-18 11:29:13.622 +05:30 INF] HealthApp.Api.BackgroundServices.HeartbeatBackgroundService HealthAxis heartbeat running at "2026-07-18T11:29:13.6220193+05:30"------------
[2026-07-18 11:29:23.624 +05:30 INF] HealthApp.Api.BackgroundServices.HeartbeatBackgroundService HealthAxis heartbeat running at "2026-07-18T11:29:23.6241851+05:30"------------
[2026-07-18 11:29:33.629 +05:30 INF] HealthApp.Api.BackgroundServices.HeartbeatBackgroundService HealthAxis heartbeat running at "2026-07-18T11:29:33.6290624+05:30"------------
[2026-07-18 11:29:43.631 +05:30 INF] HealthApp.Api.BackgroundServices.HeartbeatBackgroundService HealthAxis heartbeat running at "2026-07-18T11:29:43.6311254+05:30"------------
[2026-07-18 11:29:53.633 +05:30 INF] HealthApp.Api.BackgroundServices.HeartbeatBackgroundService HealthAxis heartbeat running at "2026-07-18T11:29:53.6332921+05:30"------------
[2026-07-18 11:30:03.637 +05:30 INF] HealthApp.Api.BackgroundServices.HeartbeatBackgroundService HealthAxis heartbeat running at "2026-07-18T11:30:03.6369976+05:30"------------
[2026-07-18 11:30:13.641 +05:30 INF] HealthApp.Api.BackgroundServices.HeartbeatBackgroundService HealthAxis heartbeat running at "2026-07-18T11:30:13.6411861+05:30"------------
[2026-07-18 11:30:23.644 +05:30 INF] HealthApp.Api.BackgroundServices.HeartbeatBackgroundService HealthAxis heartbeat running at "2026-07-18T11:30:23.6441931+05:30"------------
[2026-07-18 11:30:33.670 +05:30 INF] HealthApp.Api.BackgroundServices.HeartbeatBackgroundService HealthAxis heartbeat running at "2026-07-18T11:30:33.6705088+05:30"------------
[2026-07-18 11:30:43.674 +05:30 INF] HealthApp.Api.BackgroundServices.HeartbeatBackgroundService HealthAxis heartbeat running at "2026-07-18T11:30:43.6745806+05:30"------------
[2026-07-18 11:30:53.679 +05:30 INF] HealthApp.Api.BackgroundServices.HeartbeatBackgroundService HealthAxis heartbeat running at "2026-07-18T11:30:53.6798438+05:30"------------
[2026-07-18 11:31:03.687 +05:30 INF] HealthApp.Api.BackgroundServices.HeartbeatBackgroundService HealthAxis heartbeat running at "2026-07-18T11:31:03.6874059+05:30"------------
[2026-07-18 11:31:13.691 +05:30 INF] HealthApp.Api.BackgroundServices.HeartbeatBackgroundService HealthAxis heartbeat running at "2026-07-18T11:31:13.6914520+05:30"------------
[2026-07-18 11:31:23.696 +05:30 INF] HealthApp.Api.BackgroundServices.HeartbeatBackgroundService HealthAxis heartbeat running at "2026-07-18T11:31:23.6962695+05:30"------------
[2026-07-18 11:31:33.704 +05:30 INF] HealthApp.Api.BackgroundServices.HeartbeatBackgroundService HealthAxis heartbeat running at "2026-07-18T11:31:33.7043383+05:30"------------
[2026-07-18 11:31:43.706 +05:30 INF] HealthApp.Api.BackgroundServices.HeartbeatBackgroundService HealthAxis heartbeat running at "2026-07-18T11:31:43.7068743+05:30"------------
[2026-07-18 11:31:53.709 +05:30 INF] HealthApp.Api.BackgroundServices.HeartbeatBackgroundService HealthAxis heartbeat running at "2026-07-18T11:31:53.7096711+05:30"------------
[2026-07-18 11:32:03.712 +05:30 INF] HealthApp.Api.BackgroundServices.HeartbeatBackgroundService HealthAxis heartbeat running at "2026-07-18T11:32:03.7126577+05:30"------------
[2026-07-18 11:32:13.715 +05:30 INF] HealthApp.Api.BackgroundServices.HeartbeatBackgroundService HealthAxis heartbeat running at "2026-07-18T11:32:13.7155152+05:30"------------
[2026-07-18 11:32:23.721 +05:30 INF] HealthApp.Api.BackgroundServices.HeartbeatBackgroundService HealthAxis heartbeat running at "2026-07-18T11:32:23.7210303+05:30"------------
[2026-07-18 11:32:33.723 +05:30 INF] HealthApp.Api.BackgroundServices.HeartbeatBackgroundService HealthAxis heartbeat running at "2026-07-18T11:32:33.7237748+05:30"------------
[2026-07-18 11:32:43.727 +05:30 INF] HealthApp.Api.BackgroundServices.HeartbeatBackgroundService HealthAxis heartbeat running at "2026-07-18T11:32:43.7273617+05:30"------------
[2026-07-18 11:32:53.732 +05:30 INF] HealthApp.Api.BackgroundServices.HeartbeatBackgroundService HealthAxis heartbeat running at "2026-07-18T11:32:53.7321751+05:30"------------
[2026-07-18 11:33:03.734 +05:30 INF] HealthApp.Api.BackgroundServices.HeartbeatBackgroundService HealthAxis heartbeat running at "2026-07-18T11:33:03.7342418+05:30"------------
[2026-07-18 11:33:13.739 +05:30 INF] HealthApp.Api.BackgroundServices.HeartbeatBackgroundService HealthAxis heartbeat running at "2026-07-18T11:33:13.7392861+05:30"------------
[2026-07-18 11:33:23.742 +05:30 INF] HealthApp.Api.BackgroundServices.HeartbeatBackgroundService HealthAxis heartbeat running at "2026-07-18T11:33:23.7423314+05:30"------------
[2026-07-18 11:33:33.750 +05:30 INF] HealthApp.Api.BackgroundServices.HeartbeatBackgroundService HealthAxis heartbeat running at "2026-07-18T11:33:33.7505311+05:30"------------
[2026-07-18 11:33:43.753 +05:30 INF] HealthApp.Api.BackgroundServices.HeartbeatBackgroundService HealthAxis heartbeat running at "2026-07-18T11:33:43.7532657+05:30"------------
[2026-07-18 11:33:53.756 +05:30 INF] HealthApp.Api.BackgroundServices.HeartbeatBackgroundService HealthAxis heartbeat running at "2026-07-18T11:33:53.7566141+05:30"------------
[2026-07-18 11:34:03.761 +05:30 INF] HealthApp.Api.BackgroundServices.HeartbeatBackgroundService HealthAxis heartbeat running at "2026-07-18T11:34:03.7619103+05:30"------------
[2026-07-18 11:34:13.764 +05:30 INF] HealthApp.Api.BackgroundServices.HeartbeatBackgroundService HealthAxis heartbeat running at "2026-07-18T11:34:13.7641294+05:30"------------
[2026-07-18 11:34:23.767 +05:30 INF] HealthApp.Api.BackgroundServices.HeartbeatBackgroundService HealthAxis heartbeat running at "2026-07-18T11:34:23.7676092+05:30"------------
[2026-07-18 11:34:33.772 +05:30 INF] HealthApp.Api.BackgroundServices.HeartbeatBackgroundService HealthAxis heartbeat running at "2026-07-18T11:34:33.7726865+05:30"------------
[2026-07-18 11:34:43.776 +05:30 INF] HealthApp.Api.BackgroundServices.HeartbeatBackgroundService HealthAxis heartbeat running at "2026-07-18T11:34:43.7760098+05:30"------------
[2026-07-18 11:34:53.781 +05:30 INF] HealthApp.Api.BackgroundServices.HeartbeatBackgroundService HealthAxis heartbeat running at "2026-07-18T11:34:53.7815625+05:30"------------
[2026-07-18 11:35:03.783 +05:30 INF] HealthApp.Api.BackgroundServices.HeartbeatBackgroundService HealthAxis heartbeat running at "2026-07-18T11:35:03.7836786+05:30"------------
[2026-07-18 11:35:13.787 +05:30 INF] HealthApp.Api.BackgroundServices.HeartbeatBackgroundService HealthAxis heartbeat running at "2026-07-18T11:35:13.7869797+05:30"------------
[2026-07-18 11:35:23.791 +05:30 INF] HealthApp.Api.BackgroundServices.HeartbeatBackgroundService HealthAxis heartbeat running at "2026-07-18T11:35:23.7911546+05:30"------------
[2026-07-18 11:35:33.793 +05:30 INF] HealthApp.Api.BackgroundServices.HeartbeatBackgroundService HealthAxis heartbeat running at "2026-07-18T11:35:33.7933789+05:30"------------
[2026-07-18 11:35:43.795 +05:30 INF] HealthApp.Api.BackgroundServices.HeartbeatBackgroundService HealthAxis heartbeat running at "2026-07-18T11:35:43.7959551+05:30"------------
[2026-07-18 11:35:53.801 +05:30 INF] HealthApp.Api.BackgroundServices.HeartbeatBackgroundService HealthAxis heartbeat running at "2026-07-18T11:35:53.8011626+05:30"------------
[2026-07-18 11:36:03.807 +05:30 INF] HealthApp.Api.BackgroundServices.HeartbeatBackgroundService HealthAxis heartbeat running at "2026-07-18T11:36:03.8069967+05:30"------------
[2026-07-18 11:36:13.831 +05:30 INF] HealthApp.Api.BackgroundServices.HeartbeatBackgroundService HealthAxis heartbeat running at "2026-07-18T11:36:13.8310355+05:30"------------
[2026-07-18 11:36:23.834 +05:30 INF] HealthApp.Api.BackgroundServices.HeartbeatBackgroundService HealthAxis heartbeat running at "2026-07-18T11:36:23.8339837+05:30"------------
[2026-07-18 11:36:33.836 +05:30 INF] HealthApp.Api.BackgroundServices.HeartbeatBackgroundService HealthAxis heartbeat running at "2026-07-18T11:36:33.8368564+05:30"------------
[2026-07-18 11:36:43.840 +05:30 INF] HealthApp.Api.BackgroundServices.HeartbeatBackgroundService HealthAxis heartbeat running at "2026-07-18T11:36:43.8408315+05:30"------------
[2026-07-18 11:36:53.847 +05:30 INF] HealthApp.Api.BackgroundServices.HeartbeatBackgroundService HealthAxis heartbeat running at "2026-07-18T11:36:53.8479450+05:30"------------
[2026-07-18 11:37:03.851 +05:30 INF] HealthApp.Api.BackgroundServices.HeartbeatBackgroundService HealthAxis heartbeat running at "2026-07-18T11:37:03.8517126+05:30"------------
[2026-07-18 11:37:13.855 +05:30 INF] HealthApp.Api.BackgroundServices.HeartbeatBackgroundService HealthAxis heartbeat running at "2026-07-18T11:37:13.8553981+05:30"------------
[2026-07-18 11:37:23.858 +05:30 INF] HealthApp.Api.BackgroundServices.HeartbeatBackgroundService HealthAxis heartbeat running at "2026-07-18T11:37:23.8587735+05:30"------------
[2026-07-18 11:37:33.863 +05:30 INF] HealthApp.Api.BackgroundServices.HeartbeatBackgroundService HealthAxis heartbeat running at "2026-07-18T11:37:33.8633650+05:30"------------
[2026-07-18 11:37:43.867 +05:30 INF] HealthApp.Api.BackgroundServices.HeartbeatBackgroundService HealthAxis heartbeat running at "2026-07-18T11:37:43.8669893+05:30"------------
[2026-07-18 11:37:53.870 +05:30 INF] HealthApp.Api.BackgroundServices.HeartbeatBackgroundService HealthAxis heartbeat running at "2026-07-18T11:37:53.8703372+05:30"------------
[2026-07-18 11:38:03.899 +05:30 INF] HealthApp.Api.BackgroundServices.HeartbeatBackgroundService HealthAxis heartbeat running at "2026-07-18T11:38:03.8994214+05:30"------------
[2026-07-18 11:38:13.901 +05:30 INF] HealthApp.Api.BackgroundServices.HeartbeatBackgroundService HealthAxis heartbeat running at "2026-07-18T11:38:13.9018794+05:30"------------
[2026-07-18 11:38:23.904 +05:30 INF] HealthApp.Api.BackgroundServices.HeartbeatBackgroundService HealthAxis heartbeat running at "2026-07-18T11:38:23.9044441+05:30"------------
[2026-07-18 11:38:33.906 +05:30 INF] HealthApp.Api.BackgroundServices.HeartbeatBackgroundService HealthAxis heartbeat running at "2026-07-18T11:38:33.9063121+05:30"------------
[2026-07-18 11:38:43.909 +05:30 INF] HealthApp.Api.BackgroundServices.HeartbeatBackgroundService HealthAxis heartbeat running at "2026-07-18T11:38:43.9091147+05:30"------------
[2026-07-18 11:38:53.936 +05:30 INF] HealthApp.Api.BackgroundServices.HeartbeatBackgroundService HealthAxis heartbeat running at "2026-07-18T11:38:53.9366281+05:30"------------
[2026-07-18 11:39:03.940 +05:30 INF] HealthApp.Api.BackgroundServices.HeartbeatBackgroundService HealthAxis heartbeat running at "2026-07-18T11:39:03.9400045+05:30"------------
[2026-07-18 11:39:13.967 +05:30 INF] HealthApp.Api.BackgroundServices.HeartbeatBackgroundService HealthAxis heartbeat running at "2026-07-18T11:39:13.9672787+05:30"------------
[2026-07-18 11:39:23.969 +05:30 INF] HealthApp.Api.BackgroundServices.HeartbeatBackgroundService HealthAxis heartbeat running at "2026-07-18T11:39:23.9699352+05:30"------------
[2026-07-18 11:39:33.972 +05:30 INF] HealthApp.Api.BackgroundServices.HeartbeatBackgroundService HealthAxis heartbeat running at "2026-07-18T11:39:33.9728131+05:30"------------
[2026-07-18 11:39:43.974 +05:30 INF] HealthApp.Api.BackgroundServices.HeartbeatBackgroundService HealthAxis heartbeat running at "2026-07-18T11:39:43.9747647+05:30"------------
[2026-07-18 11:39:53.978 +05:30 INF] HealthApp.Api.BackgroundServices.HeartbeatBackgroundService HealthAxis heartbeat running at "2026-07-18T11:39:53.9783747+05:30"------------
[2026-07-18 11:40:04.003 +05:30 INF] HealthApp.Api.BackgroundServices.HeartbeatBackgroundService HealthAxis heartbeat running at "2026-07-18T11:40:04.0034059+05:30"------------
[2026-07-18 11:40:14.007 +05:30 INF] HealthApp.Api.BackgroundServices.HeartbeatBackgroundService HealthAxis heartbeat running at "2026-07-18T11:40:14.0073082+05:30"------------
[2026-07-18 11:40:24.013 +05:30 INF] HealthApp.Api.BackgroundServices.HeartbeatBackgroundService HealthAxis heartbeat running at "2026-07-18T11:40:24.0130268+05:30"------------
[2026-07-18 11:40:34.017 +05:30 INF] HealthApp.Api.BackgroundServices.HeartbeatBackgroundService HealthAxis heartbeat running at "2026-07-18T11:40:34.0170955+05:30"------------
[2026-07-18 11:40:44.020 +05:30 INF] HealthApp.Api.BackgroundServices.HeartbeatBackgroundService HealthAxis heartbeat running at "2026-07-18T11:40:44.0203396+05:30"------------
[2026-07-18 11:40:54.024 +05:30 INF] HealthApp.Api.BackgroundServices.HeartbeatBackgroundService HealthAxis heartbeat running at "2026-07-18T11:40:54.0240872+05:30"------------
[2026-07-18 11:41:04.027 +05:30 INF] HealthApp.Api.BackgroundServices.HeartbeatBackgroundService HealthAxis heartbeat running at "2026-07-18T11:41:04.0272873+05:30"------------
[2026-07-18 11:41:14.033 +05:30 INF] HealthApp.Api.BackgroundServices.HeartbeatBackgroundService HealthAxis heartbeat running at "2026-07-18T11:41:14.0333529+05:30"------------
[2026-07-18 11:41:24.045 +05:30 INF] HealthApp.Api.BackgroundServices.HeartbeatBackgroundService HealthAxis heartbeat running at "2026-07-18T11:41:24.0455848+05:30"------------
[2026-07-18 11:41:34.049 +05:30 INF] HealthApp.Api.BackgroundServices.HeartbeatBackgroundService HealthAxis heartbeat running at "2026-07-18T11:41:34.0499297+05:30"------------
[2026-07-18 11:41:44.055 +05:30 INF] HealthApp.Api.BackgroundServices.HeartbeatBackgroundService HealthAxis heartbeat running at "2026-07-18T11:41:44.0550401+05:30"------------
[2026-07-18 11:41:54.057 +05:30 INF] HealthApp.Api.BackgroundServices.HeartbeatBackgroundService HealthAxis heartbeat running at "2026-07-18T11:41:54.0577961+05:30"------------
[2026-07-18 11:42:04.060 +05:30 INF] HealthApp.Api.BackgroundServices.HeartbeatBackgroundService HealthAxis heartbeat running at "2026-07-18T11:42:04.0600554+05:30"------------
[2026-07-18 11:42:14.062 +05:30 INF] HealthApp.Api.BackgroundServices.HeartbeatBackgroundService HealthAxis heartbeat running at "2026-07-18T11:42:14.0626619+05:30"------------
[2026-07-18 11:42:24.066 +05:30 INF] HealthApp.Api.BackgroundServices.HeartbeatBackgroundService HealthAxis heartbeat running at "2026-07-18T11:42:24.0668669+05:30"------------
[2026-07-18 11:42:34.070 +05:30 INF] HealthApp.Api.BackgroundServices.HeartbeatBackgroundService HealthAxis heartbeat running at "2026-07-18T11:42:34.0704809+05:30"------------
[2026-07-18 11:42:44.075 +05:30 INF] HealthApp.Api.BackgroundServices.HeartbeatBackgroundService HealthAxis heartbeat running at "2026-07-18T11:42:44.0751407+05:30"------------
[2026-07-18 11:42:54.078 +05:30 INF] HealthApp.Api.BackgroundServices.HeartbeatBackgroundService HealthAxis heartbeat running at "2026-07-18T11:42:54.0784946+05:30"------------
[2026-07-18 11:43:04.103 +05:30 INF] HealthApp.Api.BackgroundServices.HeartbeatBackgroundService HealthAxis heartbeat running at "2026-07-18T11:43:04.1038826+05:30"------------
[2026-07-18 11:43:14.107 +05:30 INF] HealthApp.Api.BackgroundServices.HeartbeatBackgroundService HealthAxis heartbeat running at "2026-07-18T11:43:14.1071508+05:30"------------
[2026-07-18 11:43:24.110 +05:30 INF] HealthApp.Api.BackgroundServices.HeartbeatBackgroundService HealthAxis heartbeat running at "2026-07-18T11:43:24.1102048+05:30"------------
[2026-07-18 11:43:34.113 +05:30 INF] HealthApp.Api.BackgroundServices.HeartbeatBackgroundService HealthAxis heartbeat running at "2026-07-18T11:43:34.1132558+05:30"------------
[2026-07-18 11:43:44.116 +05:30 INF] HealthApp.Api.BackgroundServices.HeartbeatBackgroundService HealthAxis heartbeat running at "2026-07-18T11:43:44.1167233+05:30"------------
[2026-07-18 11:43:54.120 +05:30 INF] HealthApp.Api.BackgroundServices.HeartbeatBackgroundService HealthAxis heartbeat running at "2026-07-18T11:43:54.1204737+05:30"------------
[2026-07-18 11:44:04.124 +05:30 INF] HealthApp.Api.BackgroundServices.HeartbeatBackgroundService HealthAxis heartbeat running at "2026-07-18T11:44:04.1239913+05:30"------------
[2026-07-18 11:44:14.129 +05:30 INF] HealthApp.Api.BackgroundServices.HeartbeatBackgroundService HealthAxis heartbeat running at "2026-07-18T11:44:14.1296882+05:30"------------
[2026-07-18 11:44:24.132 +05:30 INF] HealthApp.Api.BackgroundServices.HeartbeatBackgroundService HealthAxis heartbeat running at "2026-07-18T11:44:24.1328628+05:30"------------
[2026-07-18 11:44:34.137 +05:30 INF] HealthApp.Api.BackgroundServices.HeartbeatBackgroundService HealthAxis heartbeat running at "2026-07-18T11:44:34.1374832+05:30"------------
[2026-07-18 11:44:44.146 +05:30 INF] HealthApp.Api.BackgroundServices.HeartbeatBackgroundService HealthAxis heartbeat running at "2026-07-18T11:44:44.1464317+05:30"------------
[2026-07-18 11:44:54.150 +05:30 INF] HealthApp.Api.BackgroundServices.HeartbeatBackgroundService HealthAxis heartbeat running at "2026-07-18T11:44:54.1504691+05:30"------------
[2026-07-18 11:45:04.154 +05:30 INF] HealthApp.Api.BackgroundServices.HeartbeatBackgroundService HealthAxis heartbeat running at "2026-07-18T11:45:04.1547106+05:30"------------
[2026-07-18 11:45:14.158 +05:30 INF] HealthApp.Api.BackgroundServices.HeartbeatBackgroundService HealthAxis heartbeat running at "2026-07-18T11:45:14.1584897+05:30"------------
[2026-07-18 11:45:24.162 +05:30 INF] HealthApp.Api.BackgroundServices.HeartbeatBackgroundService HealthAxis heartbeat running at "2026-07-18T11:45:24.1623901+05:30"------------
[2026-07-18 11:45:34.168 +05:30 INF] HealthApp.Api.BackgroundServices.HeartbeatBackgroundService HealthAxis heartbeat running at "2026-07-18T11:45:34.1685090+05:30"------------
[2026-07-18 11:45:44.177 +05:30 INF] HealthApp.Api.BackgroundServices.HeartbeatBackgroundService HealthAxis heartbeat running at "2026-07-18T11:45:44.1774863+05:30"------------
[2026-07-18 11:45:54.181 +05:30 INF] HealthApp.Api.BackgroundServices.HeartbeatBackgroundService HealthAxis heartbeat running at "2026-07-18T11:45:54.1815441+05:30"------------
[2026-07-18 11:46:04.185 +05:30 INF] HealthApp.Api.BackgroundServices.HeartbeatBackgroundService HealthAxis heartbeat running at "2026-07-18T11:46:04.1858607+05:30"------------
[2026-07-18 11:46:14.191 +05:30 INF] HealthApp.Api.BackgroundServices.HeartbeatBackgroundService HealthAxis heartbeat running at "2026-07-18T11:46:14.1912779+05:30"------------
[2026-07-18 11:46:24.195 +05:30 INF] HealthApp.Api.BackgroundServices.HeartbeatBackgroundService HealthAxis heartbeat running at "2026-07-18T11:46:24.1952909+05:30"------------
[2026-07-18 11:46:34.197 +05:30 INF] HealthApp.Api.BackgroundServices.HeartbeatBackgroundService HealthAxis heartbeat running at "2026-07-18T11:46:34.1971581+05:30"------------
[2026-07-18 11:46:44.207 +05:30 INF] HealthApp.Api.BackgroundServices.HeartbeatBackgroundService HealthAxis heartbeat running at "2026-07-18T11:46:44.2070554+05:30"------------
[2026-07-18 11:46:54.211 +05:30 INF] HealthApp.Api.BackgroundServices.HeartbeatBackgroundService HealthAxis heartbeat running at "2026-07-18T11:46:54.2111029+05:30"------------
[2026-07-18 11:47:04.215 +05:30 INF] HealthApp.Api.BackgroundServices.HeartbeatBackgroundService HealthAxis heartbeat running at "2026-07-18T11:47:04.2153932+05:30"------------
[2026-07-18 11:47:14.222 +05:30 INF] HealthApp.Api.BackgroundServices.HeartbeatBackgroundService HealthAxis heartbeat running at "2026-07-18T11:47:14.2223481+05:30"------------
[2026-07-18 11:47:24.225 +05:30 INF] HealthApp.Api.BackgroundServices.HeartbeatBackgroundService HealthAxis heartbeat running at "2026-07-18T11:47:24.2250889+05:30"------------
[2026-07-18 11:47:34.227 +05:30 INF] HealthApp.Api.BackgroundServices.HeartbeatBackgroundService HealthAxis heartbeat running at "2026-07-18T11:47:34.2277983+05:30"------------
[2026-07-18 11:47:44.231 +05:30 INF] HealthApp.Api.BackgroundServices.HeartbeatBackgroundService HealthAxis heartbeat running at "2026-07-18T11:47:44.2319447+05:30"------------
[2026-07-18 11:47:54.235 +05:30 INF] HealthApp.Api.BackgroundServices.HeartbeatBackgroundService HealthAxis heartbeat running at "2026-07-18T11:47:54.2358691+05:30"------------
[2026-07-18 11:48:04.237 +05:30 INF] HealthApp.Api.BackgroundServices.HeartbeatBackgroundService HealthAxis heartbeat running at "2026-07-18T11:48:04.2374224+05:30"------------
[2026-07-18 11:48:14.240 +05:30 INF] HealthApp.Api.BackgroundServices.HeartbeatBackgroundService HealthAxis heartbeat running at "2026-07-18T11:48:14.2401719+05:30"------------
[2026-07-18 11:48:24.243 +05:30 INF] HealthApp.Api.BackgroundServices.HeartbeatBackgroundService HealthAxis heartbeat running at "2026-07-18T11:48:24.2432849+05:30"------------
[2026-07-18 11:48:34.246 +05:30 INF] HealthApp.Api.BackgroundServices.HeartbeatBackgroundService HealthAxis heartbeat running at "2026-07-18T11:48:34.2469697+05:30"------------
[2026-07-18 11:48:44.251 +05:30 INF] HealthApp.Api.BackgroundServices.HeartbeatBackgroundService HealthAxis heartbeat running at "2026-07-18T11:48:44.2513958+05:30"------------
[2026-07-18 11:48:54.255 +05:30 INF] HealthApp.Api.BackgroundServices.HeartbeatBackgroundService HealthAxis heartbeat running at "2026-07-18T11:48:54.2553035+05:30"------------
[2026-07-18 11:49:04.258 +05:30 INF] HealthApp.Api.BackgroundServices.HeartbeatBackgroundService HealthAxis heartbeat running at "2026-07-18T11:49:04.2589286+05:30"------------
[2026-07-18 11:49:14.262 +05:30 INF] HealthApp.Api.BackgroundServices.HeartbeatBackgroundService HealthAxis heartbeat running at "2026-07-18T11:49:14.2626439+05:30"------------
[2026-07-18 11:49:24.266 +05:30 INF] HealthApp.Api.BackgroundServices.HeartbeatBackgroundService HealthAxis heartbeat running at "2026-07-18T11:49:24.2669465+05:30"------------
[2026-07-18 11:49:34.269 +05:30 INF] HealthApp.Api.BackgroundServices.HeartbeatBackgroundService HealthAxis heartbeat running at "2026-07-18T11:49:34.2699364+05:30"------------
[2026-07-18 11:49:44.273 +05:30 INF] HealthApp.Api.BackgroundServices.HeartbeatBackgroundService HealthAxis heartbeat running at "2026-07-18T11:49:44.2734771+05:30"------------
[2026-07-18 11:49:54.276 +05:30 INF] HealthApp.Api.BackgroundServices.HeartbeatBackgroundService HealthAxis heartbeat running at "2026-07-18T11:49:54.2767861+05:30"------------
[2026-07-18 11:50:04.281 +05:30 INF] HealthApp.Api.BackgroundServices.HeartbeatBackgroundService HealthAxis heartbeat running at "2026-07-18T11:50:04.2817651+05:30"------------
[2026-07-18 11:50:14.286 +05:30 INF] HealthApp.Api.BackgroundServices.HeartbeatBackgroundService HealthAxis heartbeat running at "2026-07-18T11:50:14.2863341+05:30"------------
[2026-07-18 11:50:24.289 +05:30 INF] HealthApp.Api.BackgroundServices.HeartbeatBackgroundService HealthAxis heartbeat running at "2026-07-18T11:50:24.2891584+05:30"------------
[2026-07-18 11:50:34.292 +05:30 INF] HealthApp.Api.BackgroundServices.HeartbeatBackgroundService HealthAxis heartbeat running at "2026-07-18T11:50:34.2927426+05:30"------------
[2026-07-18 11:50:44.298 +05:30 INF] HealthApp.Api.BackgroundServices.HeartbeatBackgroundService HealthAxis heartbeat running at "2026-07-18T11:50:44.2989797+05:30"------------
[2026-07-18 11:50:54.303 +05:30 INF] HealthApp.Api.BackgroundServices.HeartbeatBackgroundService HealthAxis heartbeat running at "2026-07-18T11:50:54.3038111+05:30"------------
[2026-07-18 11:51:04.307 +05:30 INF] HealthApp.Api.BackgroundServices.HeartbeatBackgroundService HealthAxis heartbeat running at "2026-07-18T11:51:04.3079280+05:30"------------
[2026-07-18 11:51:14.310 +05:30 INF] HealthApp.Api.BackgroundServices.HeartbeatBackgroundService HealthAxis heartbeat running at "2026-07-18T11:51:14.3101601+05:30"------------
[2026-07-18 11:51:24.316 +05:30 INF] HealthApp.Api.BackgroundServices.HeartbeatBackgroundService HealthAxis heartbeat running at "2026-07-18T11:51:24.3164545+05:30"------------
[2026-07-18 11:51:34.319 +05:30 INF] HealthApp.Api.BackgroundServices.HeartbeatBackgroundService HealthAxis heartbeat running at "2026-07-18T11:51:34.3194958+05:30"------------
[2026-07-18 11:51:44.322 +05:30 INF] HealthApp.Api.BackgroundServices.HeartbeatBackgroundService HealthAxis heartbeat running at "2026-07-18T11:51:44.3227910+05:30"------------
[2026-07-18 11:51:54.326 +05:30 INF] HealthApp.Api.BackgroundServices.HeartbeatBackgroundService HealthAxis heartbeat running at "2026-07-18T11:51:54.3269578+05:30"------------
[2026-07-18 11:52:04.330 +05:30 INF] HealthApp.Api.BackgroundServices.HeartbeatBackgroundService HealthAxis heartbeat running at "2026-07-18T11:52:04.3306080+05:30"------------
[2026-07-18 11:52:14.335 +05:30 INF] HealthApp.Api.BackgroundServices.HeartbeatBackgroundService HealthAxis heartbeat running at "2026-07-18T11:52:14.3352711+05:30"------------
[2026-07-18 11:52:24.337 +05:30 INF] HealthApp.Api.BackgroundServices.HeartbeatBackgroundService HealthAxis heartbeat running at "2026-07-18T11:52:24.3372010+05:30"------------
[2026-07-18 11:52:34.340 +05:30 INF] HealthApp.Api.BackgroundServices.HeartbeatBackgroundService HealthAxis heartbeat running at "2026-07-18T11:52:34.3409423+05:30"------------
[2026-07-18 11:52:44.347 +05:30 INF] HealthApp.Api.BackgroundServices.HeartbeatBackgroundService HealthAxis heartbeat running at "2026-07-18T11:52:44.3473017+05:30"------------
[2026-07-18 11:52:54.350 +05:30 INF] HealthApp.Api.BackgroundServices.HeartbeatBackgroundService HealthAxis heartbeat running at "2026-07-18T11:52:54.3502407+05:30"------------
[2026-07-18 11:53:04.352 +05:30 INF] HealthApp.Api.BackgroundServices.HeartbeatBackgroundService HealthAxis heartbeat running at "2026-07-18T11:53:04.3528964+05:30"------------
[2026-07-18 11:53:14.355 +05:30 INF] HealthApp.Api.BackgroundServices.HeartbeatBackgroundService HealthAxis heartbeat running at "2026-07-18T11:53:14.3555644+05:30"------------
[2026-07-18 11:53:24.360 +05:30 INF] HealthApp.Api.BackgroundServices.HeartbeatBackgroundService HealthAxis heartbeat running at "2026-07-18T11:53:24.3603969+05:30"------------
[2026-07-18 11:53:34.362 +05:30 INF] HealthApp.Api.BackgroundServices.HeartbeatBackgroundService HealthAxis heartbeat running at "2026-07-18T11:53:34.3629568+05:30"------------
[2026-07-18 11:53:44.367 +05:30 INF] HealthApp.Api.BackgroundServices.HeartbeatBackgroundService HealthAxis heartbeat running at "2026-07-18T11:53:44.3671879+05:30"------------
[2026-07-18 11:53:54.369 +05:30 INF] HealthApp.Api.BackgroundServices.HeartbeatBackgroundService HealthAxis heartbeat running at "2026-07-18T11:53:54.3695854+05:30"------------
[2026-07-18 11:54:04.374 +05:30 INF] HealthApp.Api.BackgroundServices.HeartbeatBackgroundService HealthAxis heartbeat running at "2026-07-18T11:54:04.3742176+05:30"------------
[2026-07-18 11:54:14.379 +05:30 INF] HealthApp.Api.BackgroundServices.HeartbeatBackgroundService HealthAxis heartbeat running at "2026-07-18T11:54:14.3798998+05:30"------------
[2026-07-18 11:54:24.384 +05:30 INF] HealthApp.Api.BackgroundServices.HeartbeatBackgroundService HealthAxis heartbeat running at "2026-07-18T11:54:24.3847561+05:30"------------
[2026-07-18 11:54:34.391 +05:30 INF] HealthApp.Api.BackgroundServices.HeartbeatBackgroundService HealthAxis heartbeat running at "2026-07-18T11:54:34.3913996+05:30"------------
[2026-07-18 11:54:44.395 +05:30 INF] HealthApp.Api.BackgroundServices.HeartbeatBackgroundService HealthAxis heartbeat running at "2026-07-18T11:54:44.3958746+05:30"------------
[2026-07-18 11:54:54.398 +05:30 INF] HealthApp.Api.BackgroundServices.HeartbeatBackgroundService HealthAxis heartbeat running at "2026-07-18T11:54:54.3983275+05:30"------------
[2026-07-18 11:55:04.406 +05:30 INF] HealthApp.Api.BackgroundServices.HeartbeatBackgroundService HealthAxis heartbeat running at "2026-07-18T11:55:04.4053075+05:30"------------
[2026-07-18 11:55:14.417 +05:30 INF] HealthApp.Api.BackgroundServices.HeartbeatBackgroundService HealthAxis heartbeat running at "2026-07-18T11:55:14.4175367+05:30"------------
[2026-07-18 11:55:24.419 +05:30 INF] HealthApp.Api.BackgroundServices.HeartbeatBackgroundService HealthAxis heartbeat running at "2026-07-18T11:55:24.4198359+05:30"------------
[2026-07-18 11:55:34.424 +05:30 INF] HealthApp.Api.BackgroundServices.HeartbeatBackgroundService HealthAxis heartbeat running at "2026-07-18T11:55:34.4247756+05:30"------------
[2026-07-18 11:55:44.427 +05:30 INF] HealthApp.Api.BackgroundServices.HeartbeatBackgroundService HealthAxis heartbeat running at "2026-07-18T11:55:44.4279345+05:30"------------
[2026-07-18 11:55:54.430 +05:30 INF] HealthApp.Api.BackgroundServices.HeartbeatBackgroundService HealthAxis heartbeat running at "2026-07-18T11:55:54.4308143+05:30"------------
[2026-07-18 11:56:04.435 +05:30 INF] HealthApp.Api.BackgroundServices.HeartbeatBackgroundService HealthAxis heartbeat running at "2026-07-18T11:56:04.4353004+05:30"------------
[2026-07-18 11:56:14.438 +05:30 INF] HealthApp.Api.BackgroundServices.HeartbeatBackgroundService HealthAxis heartbeat running at "2026-07-18T11:56:14.4381681+05:30"------------
[2026-07-18 11:56:24.441 +05:30 INF] HealthApp.Api.BackgroundServices.HeartbeatBackgroundService HealthAxis heartbeat running at "2026-07-18T11:56:24.4410371+05:30"------------
[2026-07-18 11:56:34.465 +05:30 INF] HealthApp.Api.BackgroundServices.HeartbeatBackgroundService HealthAxis heartbeat running at "2026-07-18T11:56:34.4656700+05:30"------------
[2026-07-18 11:56:44.469 +05:30 INF] HealthApp.Api.BackgroundServices.HeartbeatBackgroundService HealthAxis heartbeat running at "2026-07-18T11:56:44.4696757+05:30"------------
[2026-07-18 11:56:54.474 +05:30 INF] HealthApp.Api.BackgroundServices.HeartbeatBackgroundService HealthAxis heartbeat running at "2026-07-18T11:56:54.4745106+05:30"------------
[2026-07-18 11:57:04.478 +05:30 INF] HealthApp.Api.BackgroundServices.HeartbeatBackgroundService HealthAxis heartbeat running at "2026-07-18T11:57:04.4780770+05:30"------------
[2026-07-18 11:57:14.481 +05:30 INF] HealthApp.Api.BackgroundServices.HeartbeatBackgroundService HealthAxis heartbeat running at "2026-07-18T11:57:14.4815309+05:30"------------
[2026-07-18 11:57:24.487 +05:30 INF] HealthApp.Api.BackgroundServices.HeartbeatBackgroundService HealthAxis heartbeat running at "2026-07-18T11:57:24.4874533+05:30"------------
[2026-07-18 11:57:34.492 +05:30 INF] HealthApp.Api.BackgroundServices.HeartbeatBackgroundService HealthAxis heartbeat running at "2026-07-18T11:57:34.4920239+05:30"------------
[2026-07-18 11:57:44.496 +05:30 INF] HealthApp.Api.BackgroundServices.HeartbeatBackgroundService HealthAxis heartbeat running at "2026-07-18T11:57:44.4968619+05:30"------------
[2026-07-18 11:57:54.501 +05:30 INF] HealthApp.Api.BackgroundServices.HeartbeatBackgroundService HealthAxis heartbeat running at "2026-07-18T11:57:54.5012239+05:30"------------
[2026-07-18 11:58:04.505 +05:30 INF] HealthApp.Api.BackgroundServices.HeartbeatBackgroundService HealthAxis heartbeat running at "2026-07-18T11:58:04.5055257+05:30"------------
[2026-07-18 11:58:14.508 +05:30 INF] HealthApp.Api.BackgroundServices.HeartbeatBackgroundService HealthAxis heartbeat running at "2026-07-18T11:58:14.5089394+05:30"------------
[2026-07-18 11:58:24.515 +05:30 INF] HealthApp.Api.BackgroundServices.HeartbeatBackgroundService HealthAxis heartbeat running at "2026-07-18T11:58:24.5152229+05:30"------------
[2026-07-18 11:58:34.519 +05:30 INF] HealthApp.Api.BackgroundServices.HeartbeatBackgroundService HealthAxis heartbeat running at "2026-07-18T11:58:34.5192914+05:30"------------
[2026-07-18 11:58:44.522 +05:30 INF] HealthApp.Api.BackgroundServices.HeartbeatBackgroundService HealthAxis heartbeat running at "2026-07-18T11:58:44.5225130+05:30"------------
[2026-07-18 11:58:54.526 +05:30 INF] HealthApp.Api.BackgroundServices.HeartbeatBackgroundService HealthAxis heartbeat running at "2026-07-18T11:58:54.5263385+05:30"------------
[2026-07-18 11:59:04.529 +05:30 INF] HealthApp.Api.BackgroundServices.HeartbeatBackgroundService HealthAxis heartbeat running at "2026-07-18T11:59:04.5295730+05:30"------------
[2026-07-18 11:59:14.533 +05:30 INF] HealthApp.Api.BackgroundServices.HeartbeatBackgroundService HealthAxis heartbeat running at "2026-07-18T11:59:14.5334771+05:30"------------
[2026-07-18 11:59:24.539 +05:30 INF] HealthApp.Api.BackgroundServices.HeartbeatBackgroundService HealthAxis heartbeat running at "2026-07-18T11:59:24.5391468+05:30"------------
[2026-07-18 11:59:34.550 +05:30 INF] HealthApp.Api.BackgroundServices.HeartbeatBackgroundService HealthAxis heartbeat running at "2026-07-18T11:59:34.5504897+05:30"------------
[2026-07-18 11:59:44.589 +05:30 INF] HealthApp.Api.BackgroundServices.HeartbeatBackgroundService HealthAxis heartbeat running at "2026-07-18T11:59:44.5892891+05:30"------------
