[2026-07-20 14:22:07.590 +05:30 INF] HealthApp.Api.BackgroundServices.NotificationCleanupBackgroundService Notification cleanup background service started.
[2026-07-20 14:22:07.620 +05:30 INF] HealthApp.Api.BackgroundServices.HeartbeatBackgroundService HealthAxis Heartbeat Background Service started.+++++++++++++
[2026-07-20 14:22:07.797 +05:30 INF] HealthApp.Api.BackgroundServices.HeartbeatBackgroundService HealthAxis heartbeat running at "2026-07-20T14:22:07.7959323+05:30"------------
[2026-07-20 14:22:07.807 +05:30 INF] Microsoft.Hosting.Lifetime Now listening on: http://localhost:5066
[2026-07-20 14:22:07.875 +05:30 INF] Microsoft.Hosting.Lifetime Application started. Press Ctrl+C to shut down.
[2026-07-20 14:22:07.878 +05:30 INF] Microsoft.Hosting.Lifetime Hosting environment: Development
[2026-07-20 14:22:07.887 +05:30 INF] Microsoft.Hosting.Lifetime Content root path: C:\Users\310208\source\repos\Sprint 4\UST-Live-01\HealthApp.Api
[2026-07-20 14:22:07.895 +05:30 INF] HealthApp.Api.BackgroundServices.NotificationCleanupBackgroundService Notification cleanup completed. Deleted 0 read notifications older than 30 days.
[2026-07-20 14:22:08.099 +05:30 INF] MassTransit Bus started: "rabbitmq://localhost/"
[2026-07-20 14:22:14.756 +05:30 INF] Serilog.AspNetCore.RequestLoggingMiddleware HTTP OPTIONS /api/auth/login responded 204 in 53.8794 ms
[2026-07-20 14:22:14.846 +05:30 WRN] Microsoft.AspNetCore.HttpsPolicy.HttpsRedirectionMiddleware Failed to determine the https port for redirect.
[2026-07-20 14:22:16.012 +05:30 INF] Serilog.AspNetCore.RequestLoggingMiddleware HTTP POST /api/auth/login responded 200 in 1177.2353 ms
[2026-07-20 14:22:16.057 +05:30 INF] Serilog.AspNetCore.RequestLoggingMiddleware HTTP OPTIONS /api/appointments/doctor/me responded 204 in 3.2265 ms
[2026-07-20 14:22:16.121 +05:30 INF] Serilog.AspNetCore.RequestLoggingMiddleware HTTP OPTIONS /api/doctors/me responded 204 in 0.2368 ms
[2026-07-20 14:22:16.122 +05:30 INF] Serilog.AspNetCore.RequestLoggingMiddleware HTTP OPTIONS /api/doctor-leaves/my responded 204 in 0.0773 ms
[2026-07-20 14:22:16.784 +05:30 WRN] LuckyPennySoftware.AutoMapper.License You do not have a valid license key for the Lucky Penny software AutoMapper. This is allowed for development and testing scenarios. If you are running in production you are required to have a licensed version. Please visit https://luckypennysoftware.com to obtain a valid license.
[2026-07-20 14:22:17.054 +05:30 INF] Serilog.AspNetCore.RequestLoggingMiddleware HTTP GET /api/doctors/me responded 200 in 913.6062 ms
[2026-07-20 14:22:17.750 +05:30 INF] Serilog.AspNetCore.RequestLoggingMiddleware HTTP GET /api/doctor-leaves/my responded 200 in 1605.2112 ms
[2026-07-20 14:22:17.810 +05:30 INF] HealthApp.Api.BackgroundServices.HeartbeatBackgroundService HealthAxis heartbeat running at "2026-07-20T14:22:17.8103025+05:30"------------
[2026-07-20 14:22:17.884 +05:30 INF] Serilog.AspNetCore.RequestLoggingMiddleware HTTP GET /api/appointments/doctor/me responded 200 in 1745.0322 ms
[2026-07-20 14:22:19.582 +05:30 INF] Serilog.AspNetCore.RequestLoggingMiddleware HTTP GET /api/appointments/doctor/me responded 200 in 21.1323 ms
[2026-07-20 14:22:20.612 +05:30 INF] Serilog.AspNetCore.RequestLoggingMiddleware HTTP OPTIONS /api/HealthRecordApi/doctor/me responded 204 in 0.1437 ms
[2026-07-20 14:22:20.631 +05:30 INF] Serilog.AspNetCore.RequestLoggingMiddleware HTTP GET /api/doctors/me responded 200 in 17.5407 ms
[2026-07-20 14:22:20.838 +05:30 INF] Serilog.AspNetCore.RequestLoggingMiddleware HTTP GET /api/HealthRecordApi/doctor/me responded 200 in 192.3664 ms
[2026-07-20 14:22:22.057 +05:30 INF] Serilog.AspNetCore.RequestLoggingMiddleware HTTP OPTIONS /api/doctor-leaves/my responded 204 in 0.1512 ms
[2026-07-20 14:22:22.087 +05:30 INF] Serilog.AspNetCore.RequestLoggingMiddleware HTTP GET /api/doctor-leaves/my responded 200 in 10.9396 ms
[2026-07-20 14:22:24.174 +05:30 INF] Serilog.AspNetCore.RequestLoggingMiddleware HTTP OPTIONS /api/appointments/doctor/me responded 204 in 0.1376 ms
[2026-07-20 14:22:24.174 +05:30 INF] Serilog.AspNetCore.RequestLoggingMiddleware HTTP OPTIONS /api/doctors/me responded 204 in 0.1024 ms
[2026-07-20 14:22:24.210 +05:30 INF] Serilog.AspNetCore.RequestLoggingMiddleware HTTP GET /api/doctor-leaves/my responded 200 in 34.3471 ms
[2026-07-20 14:22:24.227 +05:30 INF] Serilog.AspNetCore.RequestLoggingMiddleware HTTP GET /api/doctors/me responded 200 in 6.6082 ms
[2026-07-20 14:22:24.259 +05:30 INF] Serilog.AspNetCore.RequestLoggingMiddleware HTTP GET /api/appointments/doctor/me responded 200 in 36.0361 ms
[2026-07-20 14:22:25.461 +05:30 INF] Serilog.AspNetCore.RequestLoggingMiddleware HTTP GET /api/doctors/me responded 200 in 21.1850 ms
[2026-07-20 14:22:25.510 +05:30 INF] Serilog.AspNetCore.RequestLoggingMiddleware HTTP GET /api/appointments/doctor/me responded 200 in 69.9021 ms
[2026-07-20 14:22:25.985 +05:30 INF] Serilog.AspNetCore.RequestLoggingMiddleware HTTP GET /api/doctor-leaves/my responded 200 in 544.1863 ms
[2026-07-20 14:22:27.096 +05:30 INF] Serilog.AspNetCore.RequestLoggingMiddleware HTTP GET /api/appointments/doctor/me responded 200 in 15.7729 ms
[2026-07-20 14:22:27.843 +05:30 INF] HealthApp.Api.BackgroundServices.HeartbeatBackgroundService HealthAxis heartbeat running at "2026-07-20T14:22:27.8433960+05:30"------------
[2026-07-20 14:22:37.881 +05:30 INF] HealthApp.Api.BackgroundServices.HeartbeatBackgroundService HealthAxis heartbeat running at "2026-07-20T14:22:37.8816956+05:30"------------
[2026-07-20 14:22:47.911 +05:30 INF] HealthApp.Api.BackgroundServices.HeartbeatBackgroundService HealthAxis heartbeat running at "2026-07-20T14:22:47.9114194+05:30"------------
[2026-07-20 14:22:57.938 +05:30 INF] HealthApp.Api.BackgroundServices.HeartbeatBackgroundService HealthAxis heartbeat running at "2026-07-20T14:22:57.9386351+05:30"------------
[2026-07-20 14:23:07.962 +05:30 INF] HealthApp.Api.BackgroundServices.HeartbeatBackgroundService HealthAxis heartbeat running at "2026-07-20T14:23:07.9625659+05:30"------------
[2026-07-20 14:23:17.976 +05:30 INF] HealthApp.Api.BackgroundServices.HeartbeatBackgroundService HealthAxis heartbeat running at "2026-07-20T14:23:17.9767648+05:30"------------
[2026-07-20 14:23:28.006 +05:30 INF] HealthApp.Api.BackgroundServices.HeartbeatBackgroundService HealthAxis heartbeat running at "2026-07-20T14:23:28.0061014+05:30"------------
[2026-07-20 14:23:38.044 +05:30 INF] HealthApp.Api.BackgroundServices.HeartbeatBackgroundService HealthAxis heartbeat running at "2026-07-20T14:23:38.0440645+05:30"------------
[2026-07-20 14:23:48.091 +05:30 INF] HealthApp.Api.BackgroundServices.HeartbeatBackgroundService HealthAxis heartbeat running at "2026-07-20T14:23:48.0900370+05:30"------------
[2026-07-20 14:23:58.103 +05:30 INF] HealthApp.Api.BackgroundServices.HeartbeatBackgroundService HealthAxis heartbeat running at "2026-07-20T14:23:58.1030373+05:30"------------
[2026-07-20 14:24:08.127 +05:30 INF] HealthApp.Api.BackgroundServices.HeartbeatBackgroundService HealthAxis heartbeat running at "2026-07-20T14:24:08.1274598+05:30"------------
[2026-07-20 14:24:18.154 +05:30 INF] HealthApp.Api.BackgroundServices.HeartbeatBackgroundService HealthAxis heartbeat running at "2026-07-20T14:24:18.1545952+05:30"------------
[2026-07-20 14:24:28.175 +05:30 INF] HealthApp.Api.BackgroundServices.HeartbeatBackgroundService HealthAxis heartbeat running at "2026-07-20T14:24:28.1752305+05:30"------------
[2026-07-20 14:24:38.187 +05:30 INF] HealthApp.Api.BackgroundServices.HeartbeatBackgroundService HealthAxis heartbeat running at "2026-07-20T14:24:38.1875043+05:30"------------
[2026-07-20 14:24:48.216 +05:30 INF] HealthApp.Api.BackgroundServices.HeartbeatBackgroundService HealthAxis heartbeat running at "2026-07-20T14:24:48.2165643+05:30"------------
[2026-07-20 14:24:58.237 +05:30 INF] HealthApp.Api.BackgroundServices.HeartbeatBackgroundService HealthAxis heartbeat running at "2026-07-20T14:24:58.2369508+05:30"------------
[2026-07-20 14:25:08.263 +05:30 INF] HealthApp.Api.BackgroundServices.HeartbeatBackgroundService HealthAxis heartbeat running at "2026-07-20T14:25:08.2633350+05:30"------------
[2026-07-20 14:25:18.285 +05:30 INF] HealthApp.Api.BackgroundServices.HeartbeatBackgroundService HealthAxis heartbeat running at "2026-07-20T14:25:18.2854238+05:30"------------
[2026-07-20 14:25:20.039 +05:30 INF] Serilog.AspNetCore.RequestLoggingMiddleware HTTP OPTIONS /api/HealthRecordApi/doctor/me responded 204 in 0.4088 ms
[2026-07-20 14:25:20.040 +05:30 INF] Serilog.AspNetCore.RequestLoggingMiddleware HTTP OPTIONS /api/doctors/me responded 204 in 0.2103 ms
[2026-07-20 14:25:20.089 +05:30 INF] Serilog.AspNetCore.RequestLoggingMiddleware HTTP GET /api/doctors/me responded 200 in 17.5443 ms
[2026-07-20 14:25:20.108 +05:30 INF] Serilog.AspNetCore.RequestLoggingMiddleware HTTP GET /api/HealthRecordApi/doctor/me responded 200 in 40.0636 ms
[2026-07-20 14:25:21.420 +05:30 INF] Serilog.AspNetCore.RequestLoggingMiddleware HTTP OPTIONS /api/appointments/doctor/me responded 204 in 0.1922 ms
[2026-07-20 14:25:21.475 +05:30 INF] Serilog.AspNetCore.RequestLoggingMiddleware HTTP GET /api/appointments/doctor/me responded 200 in 26.5599 ms
[2026-07-20 14:25:28.297 +05:30 INF] HealthApp.Api.BackgroundServices.HeartbeatBackgroundService HealthAxis heartbeat running at "2026-07-20T14:25:28.2972835+05:30"------------
[2026-07-20 14:25:38.323 +05:30 INF] HealthApp.Api.BackgroundServices.HeartbeatBackgroundService HealthAxis heartbeat running at "2026-07-20T14:25:38.3230023+05:30"------------
[2026-07-20 14:25:48.339 +05:30 INF] HealthApp.Api.BackgroundServices.HeartbeatBackgroundService HealthAxis heartbeat running at "2026-07-20T14:25:48.3395885+05:30"------------
[2026-07-20 14:25:58.351 +05:30 INF] HealthApp.Api.BackgroundServices.HeartbeatBackgroundService HealthAxis heartbeat running at "2026-07-20T14:25:58.3517024+05:30"------------
[2026-07-20 14:26:08.370 +05:30 INF] HealthApp.Api.BackgroundServices.HeartbeatBackgroundService HealthAxis heartbeat running at "2026-07-20T14:26:08.3706656+05:30"------------
[2026-07-20 14:26:18.381 +05:30 INF] HealthApp.Api.BackgroundServices.HeartbeatBackgroundService HealthAxis heartbeat running at "2026-07-20T14:26:18.3813957+05:30"------------
[2026-07-20 14:26:28.398 +05:30 INF] HealthApp.Api.BackgroundServices.HeartbeatBackgroundService HealthAxis heartbeat running at "2026-07-20T14:26:28.3980966+05:30"------------
[2026-07-20 14:26:38.422 +05:30 INF] HealthApp.Api.BackgroundServices.HeartbeatBackgroundService HealthAxis heartbeat running at "2026-07-20T14:26:38.4219449+05:30"------------
[2026-07-20 14:26:48.440 +05:30 INF] HealthApp.Api.BackgroundServices.HeartbeatBackgroundService HealthAxis heartbeat running at "2026-07-20T14:26:48.4394567+05:30"------------
[2026-07-20 14:26:58.460 +05:30 INF] HealthApp.Api.BackgroundServices.HeartbeatBackgroundService HealthAxis heartbeat running at "2026-07-20T14:26:58.4595701+05:30"------------
[2026-07-20 14:27:08.474 +05:30 INF] HealthApp.Api.BackgroundServices.HeartbeatBackgroundService HealthAxis heartbeat running at "2026-07-20T14:27:08.4739583+05:30"------------
[2026-07-20 14:27:18.486 +05:30 INF] HealthApp.Api.BackgroundServices.HeartbeatBackgroundService HealthAxis heartbeat running at "2026-07-20T14:27:18.4865108+05:30"------------
[2026-07-20 14:27:28.505 +05:30 INF] HealthApp.Api.BackgroundServices.HeartbeatBackgroundService HealthAxis heartbeat running at "2026-07-20T14:27:28.5054270+05:30"------------
[2026-07-20 14:27:38.523 +05:30 INF] HealthApp.Api.BackgroundServices.HeartbeatBackgroundService HealthAxis heartbeat running at "2026-07-20T14:27:38.5233204+05:30"------------
[2026-07-20 14:27:44.249 +05:30 INF] Serilog.AspNetCore.RequestLoggingMiddleware HTTP OPTIONS /api/appointments/doctor/me responded 204 in 0.2221 ms
[2026-07-20 14:27:44.308 +05:30 INF] Serilog.AspNetCore.RequestLoggingMiddleware HTTP GET /api/appointments/doctor/me responded 200 in 30.6550 ms
[2026-07-20 14:27:48.552 +05:30 INF] HealthApp.Api.BackgroundServices.HeartbeatBackgroundService HealthAxis heartbeat running at "2026-07-20T14:27:48.5521366+05:30"------------
[2026-07-20 14:27:58.563 +05:30 INF] HealthApp.Api.BackgroundServices.HeartbeatBackgroundService HealthAxis heartbeat running at "2026-07-20T14:27:58.5638380+05:30"------------
[2026-07-20 14:28:08.574 +05:30 INF] HealthApp.Api.BackgroundServices.HeartbeatBackgroundService HealthAxis heartbeat running at "2026-07-20T14:28:08.5742852+05:30"------------
[2026-07-20 14:28:18.598 +05:30 INF] HealthApp.Api.BackgroundServices.HeartbeatBackgroundService HealthAxis heartbeat running at "2026-07-20T14:28:18.5983176+05:30"------------
[2026-07-20 14:28:28.610 +05:30 INF] HealthApp.Api.BackgroundServices.HeartbeatBackgroundService HealthAxis heartbeat running at "2026-07-20T14:28:28.6102627+05:30"------------
[2026-07-20 14:28:38.619 +05:30 INF] HealthApp.Api.BackgroundServices.HeartbeatBackgroundService HealthAxis heartbeat running at "2026-07-20T14:28:38.6193674+05:30"------------
[2026-07-20 14:28:48.639 +05:30 INF] HealthApp.Api.BackgroundServices.HeartbeatBackgroundService HealthAxis heartbeat running at "2026-07-20T14:28:48.6390485+05:30"------------
[2026-07-20 14:28:55.248 +05:30 INF] Serilog.AspNetCore.RequestLoggingMiddleware HTTP OPTIONS /api/appointments/doctor/me responded 204 in 0.9051 ms
[2026-07-20 14:28:55.375 +05:30 INF] Serilog.AspNetCore.RequestLoggingMiddleware HTTP GET /api/appointments/doctor/me responded 200 in 26.7726 ms
[2026-07-20 14:28:58.612 +05:30 INF] Serilog.AspNetCore.RequestLoggingMiddleware HTTP OPTIONS /api/appointments/9/complete responded 204 in 0.1318 ms
[2026-07-20 14:28:58.660 +05:30 INF] HealthApp.Api.BackgroundServices.HeartbeatBackgroundService HealthAxis heartbeat running at "2026-07-20T14:28:58.6604828+05:30"------------
[2026-07-20 14:28:59.966 +05:30 INF] Serilog.AspNetCore.RequestLoggingMiddleware HTTP PUT /api/appointments/9/complete responded 200 in 1339.6669 ms
[2026-07-20 14:29:00.020 +05:30 INF] Serilog.AspNetCore.RequestLoggingMiddleware HTTP GET /api/appointments/doctor/me responded 200 in 36.4803 ms
[2026-07-20 14:29:08.672 +05:30 INF] HealthApp.Api.BackgroundServices.HeartbeatBackgroundService HealthAxis heartbeat running at "2026-07-20T14:29:08.6722266+05:30"------------
[2026-07-20 14:29:18.687 +05:30 INF] HealthApp.Api.BackgroundServices.HeartbeatBackgroundService HealthAxis heartbeat running at "2026-07-20T14:29:18.6878171+05:30"------------
[2026-07-20 14:29:28.703 +05:30 INF] HealthApp.Api.BackgroundServices.HeartbeatBackgroundService HealthAxis heartbeat running at "2026-07-20T14:29:28.7034530+05:30"------------
[2026-07-20 14:29:38.724 +05:30 INF] HealthApp.Api.BackgroundServices.HeartbeatBackgroundService HealthAxis heartbeat running at "2026-07-20T14:29:38.7240528+05:30"------------
[2026-07-20 14:29:48.736 +05:30 INF] HealthApp.Api.BackgroundServices.HeartbeatBackgroundService HealthAxis heartbeat running at "2026-07-20T14:29:48.7367030+05:30"------------
[2026-07-20 14:29:58.746 +05:30 INF] HealthApp.Api.BackgroundServices.HeartbeatBackgroundService HealthAxis heartbeat running at "2026-07-20T14:29:58.7468726+05:30"------------
[2026-07-20 14:30:08.758 +05:30 INF] HealthApp.Api.BackgroundServices.HeartbeatBackgroundService HealthAxis heartbeat running at "2026-07-20T14:30:08.7587476+05:30"------------
[2026-07-20 14:30:18.764 +05:30 INF] HealthApp.Api.BackgroundServices.HeartbeatBackgroundService HealthAxis heartbeat running at "2026-07-20T14:30:18.7646481+05:30"------------
[2026-07-20 14:30:28.784 +05:30 INF] HealthApp.Api.BackgroundServices.HeartbeatBackgroundService HealthAxis heartbeat running at "2026-07-20T14:30:28.7840500+05:30"------------
[2026-07-20 14:30:38.802 +05:30 INF] HealthApp.Api.BackgroundServices.HeartbeatBackgroundService HealthAxis heartbeat running at "2026-07-20T14:30:38.8019298+05:30"------------
[2026-07-20 14:30:48.821 +05:30 INF] HealthApp.Api.BackgroundServices.HeartbeatBackgroundService HealthAxis heartbeat running at "2026-07-20T14:30:48.8218650+05:30"------------
[2026-07-20 14:30:58.835 +05:30 INF] HealthApp.Api.BackgroundServices.HeartbeatBackgroundService HealthAxis heartbeat running at "2026-07-20T14:30:58.8354987+05:30"------------
[2026-07-20 14:31:08.855 +05:30 INF] HealthApp.Api.BackgroundServices.HeartbeatBackgroundService HealthAxis heartbeat running at "2026-07-20T14:31:08.8557278+05:30"------------
[2026-07-20 14:31:18.877 +05:30 INF] HealthApp.Api.BackgroundServices.HeartbeatBackgroundService HealthAxis heartbeat running at "2026-07-20T14:31:18.8775907+05:30"------------
[2026-07-20 14:31:28.889 +05:30 INF] HealthApp.Api.BackgroundServices.HeartbeatBackgroundService HealthAxis heartbeat running at "2026-07-20T14:31:28.8897993+05:30"------------
[2026-07-20 14:31:38.906 +05:30 INF] HealthApp.Api.BackgroundServices.HeartbeatBackgroundService HealthAxis heartbeat running at "2026-07-20T14:31:38.9063476+05:30"------------
[2026-07-20 14:31:48.919 +05:30 INF] HealthApp.Api.BackgroundServices.HeartbeatBackgroundService HealthAxis heartbeat running at "2026-07-20T14:31:48.9193229+05:30"------------
[2026-07-20 14:31:58.937 +05:30 INF] HealthApp.Api.BackgroundServices.HeartbeatBackgroundService HealthAxis heartbeat running at "2026-07-20T14:31:58.9366479+05:30"------------
[2026-07-20 14:32:08.957 +05:30 INF] HealthApp.Api.BackgroundServices.HeartbeatBackgroundService HealthAxis heartbeat running at "2026-07-20T14:32:08.9571799+05:30"------------
[2026-07-20 14:32:18.973 +05:30 INF] HealthApp.Api.BackgroundServices.HeartbeatBackgroundService HealthAxis heartbeat running at "2026-07-20T14:32:18.9730887+05:30"------------
[2026-07-20 14:32:28.989 +05:30 INF] HealthApp.Api.BackgroundServices.HeartbeatBackgroundService HealthAxis heartbeat running at "2026-07-20T14:32:28.9889535+05:30"------------
[2026-07-20 14:32:39.011 +05:30 INF] HealthApp.Api.BackgroundServices.HeartbeatBackgroundService HealthAxis heartbeat running at "2026-07-20T14:32:39.0118604+05:30"------------
[2026-07-20 14:32:49.036 +05:30 INF] HealthApp.Api.BackgroundServices.HeartbeatBackgroundService HealthAxis heartbeat running at "2026-07-20T14:32:49.0362756+05:30"------------
[2026-07-20 14:32:59.048 +05:30 INF] HealthApp.Api.BackgroundServices.HeartbeatBackgroundService HealthAxis heartbeat running at "2026-07-20T14:32:59.0480472+05:30"------------
[2026-07-20 14:33:09.067 +05:30 INF] HealthApp.Api.BackgroundServices.HeartbeatBackgroundService HealthAxis heartbeat running at "2026-07-20T14:33:09.0675412+05:30"------------
[2026-07-20 14:33:19.087 +05:30 INF] HealthApp.Api.BackgroundServices.HeartbeatBackgroundService HealthAxis heartbeat running at "2026-07-20T14:33:19.0877244+05:30"------------
[2026-07-20 14:33:29.103 +05:30 INF] HealthApp.Api.BackgroundServices.HeartbeatBackgroundService HealthAxis heartbeat running at "2026-07-20T14:33:29.1032313+05:30"------------
[2026-07-20 14:33:39.120 +05:30 INF] HealthApp.Api.BackgroundServices.HeartbeatBackgroundService HealthAxis heartbeat running at "2026-07-20T14:33:39.1204544+05:30"------------
[2026-07-20 14:33:49.140 +05:30 INF] HealthApp.Api.BackgroundServices.HeartbeatBackgroundService HealthAxis heartbeat running at "2026-07-20T14:33:49.1402235+05:30"------------
[2026-07-20 14:33:59.150 +05:30 INF] HealthApp.Api.BackgroundServices.HeartbeatBackgroundService HealthAxis heartbeat running at "2026-07-20T14:33:59.1507501+05:30"------------
[2026-07-20 14:34:09.170 +05:30 INF] HealthApp.Api.BackgroundServices.HeartbeatBackgroundService HealthAxis heartbeat running at "2026-07-20T14:34:09.1708135+05:30"------------
[2026-07-20 14:34:19.187 +05:30 INF] HealthApp.Api.BackgroundServices.HeartbeatBackgroundService HealthAxis heartbeat running at "2026-07-20T14:34:19.1872399+05:30"------------
[2026-07-20 14:34:29.046 +05:30 INF] Serilog.AspNetCore.RequestLoggingMiddleware HTTP OPTIONS /api/appointments/doctor/me responded 204 in 0.1269 ms
[2026-07-20 14:34:29.106 +05:30 INF] Serilog.AspNetCore.RequestLoggingMiddleware HTTP GET /api/appointments/doctor/me responded 200 in 43.9673 ms
[2026-07-20 14:34:29.206 +05:30 INF] HealthApp.Api.BackgroundServices.HeartbeatBackgroundService HealthAxis heartbeat running at "2026-07-20T14:34:29.2063253+05:30"------------
[2026-07-20 14:34:39.222 +05:30 INF] HealthApp.Api.BackgroundServices.HeartbeatBackgroundService HealthAxis heartbeat running at "2026-07-20T14:34:39.2227079+05:30"------------
[2026-07-20 14:34:49.237 +05:30 INF] HealthApp.Api.BackgroundServices.HeartbeatBackgroundService HealthAxis heartbeat running at "2026-07-20T14:34:49.2378612+05:30"------------
[2026-07-20 14:34:59.260 +05:30 INF] HealthApp.Api.BackgroundServices.HeartbeatBackgroundService HealthAxis heartbeat running at "2026-07-20T14:34:59.2607845+05:30"------------
[2026-07-20 14:35:09.282 +05:30 INF] HealthApp.Api.BackgroundServices.HeartbeatBackgroundService HealthAxis heartbeat running at "2026-07-20T14:35:09.2823307+05:30"------------
[2026-07-20 14:35:19.296 +05:30 INF] HealthApp.Api.BackgroundServices.HeartbeatBackgroundService HealthAxis heartbeat running at "2026-07-20T14:35:19.2961523+05:30"------------
[2026-07-20 14:35:29.311 +05:30 INF] HealthApp.Api.BackgroundServices.HeartbeatBackgroundService HealthAxis heartbeat running at "2026-07-20T14:35:29.3118304+05:30"------------
[2026-07-20 14:35:39.334 +05:30 INF] HealthApp.Api.BackgroundServices.HeartbeatBackgroundService HealthAxis heartbeat running at "2026-07-20T14:35:39.3346467+05:30"------------
[2026-07-20 14:35:49.348 +05:30 INF] HealthApp.Api.BackgroundServices.HeartbeatBackgroundService HealthAxis heartbeat running at "2026-07-20T14:35:49.3481244+05:30"------------
[2026-07-20 14:35:59.370 +05:30 INF] HealthApp.Api.BackgroundServices.HeartbeatBackgroundService HealthAxis heartbeat running at "2026-07-20T14:35:59.3699934+05:30"------------
[2026-07-20 14:36:09.384 +05:30 INF] HealthApp.Api.BackgroundServices.HeartbeatBackgroundService HealthAxis heartbeat running at "2026-07-20T14:36:09.3844087+05:30"------------
[2026-07-20 14:36:19.398 +05:30 INF] HealthApp.Api.BackgroundServices.HeartbeatBackgroundService HealthAxis heartbeat running at "2026-07-20T14:36:19.3986344+05:30"------------
[2026-07-20 14:36:29.409 +05:30 INF] HealthApp.Api.BackgroundServices.HeartbeatBackgroundService HealthAxis heartbeat running at "2026-07-20T14:36:29.4098637+05:30"------------
[2026-07-20 14:36:39.421 +05:30 INF] HealthApp.Api.BackgroundServices.HeartbeatBackgroundService HealthAxis heartbeat running at "2026-07-20T14:36:39.4218557+05:30"------------
[2026-07-20 14:36:49.436 +05:30 INF] HealthApp.Api.BackgroundServices.HeartbeatBackgroundService HealthAxis heartbeat running at "2026-07-20T14:36:49.4368144+05:30"------------
[2026-07-20 14:36:59.448 +05:30 INF] HealthApp.Api.BackgroundServices.HeartbeatBackgroundService HealthAxis heartbeat running at "2026-07-20T14:36:59.4486409+05:30"------------
[2026-07-20 14:37:09.467 +05:30 INF] HealthApp.Api.BackgroundServices.HeartbeatBackgroundService HealthAxis heartbeat running at "2026-07-20T14:37:09.4670363+05:30"------------
[2026-07-20 14:37:19.488 +05:30 INF] HealthApp.Api.BackgroundServices.HeartbeatBackgroundService HealthAxis heartbeat running at "2026-07-20T14:37:19.4881054+05:30"------------
[2026-07-20 14:37:25.311 +05:30 INF] Serilog.AspNetCore.RequestLoggingMiddleware HTTP OPTIONS /api/appointments/doctor/me responded 204 in 1.7414 ms
[2026-07-20 14:37:25.380 +05:30 INF] Serilog.AspNetCore.RequestLoggingMiddleware HTTP GET /api/appointments/doctor/me responded 200 in 32.9626 ms
[2026-07-20 14:37:28.041 +05:30 INF] Serilog.AspNetCore.RequestLoggingMiddleware HTTP GET /api/appointments/doctor/me responded 200 in 6.2866 ms
[2026-07-20 14:37:29.506 +05:30 INF] HealthApp.Api.BackgroundServices.HeartbeatBackgroundService HealthAxis heartbeat running at "2026-07-20T14:37:29.5064054+05:30"------------
[2026-07-20 14:37:39.515 +05:30 INF] HealthApp.Api.BackgroundServices.HeartbeatBackgroundService HealthAxis heartbeat running at "2026-07-20T14:37:39.5156680+05:30"------------
[2026-07-20 14:37:47.030 +05:30 INF] Serilog.AspNetCore.RequestLoggingMiddleware HTTP OPTIONS /api/HealthRecordApi responded 204 in 0.2331 ms
[2026-07-20 14:37:47.187 +05:30 INF] Serilog.AspNetCore.RequestLoggingMiddleware HTTP POST /api/HealthRecordApi responded 400 in 128.8164 ms
[2026-07-20 14:37:49.535 +05:30 INF] HealthApp.Api.BackgroundServices.HeartbeatBackgroundService HealthAxis heartbeat running at "2026-07-20T14:37:49.5354318+05:30"------------
[2026-07-20 14:37:51.559 +05:30 INF] Serilog.AspNetCore.RequestLoggingMiddleware HTTP OPTIONS /api/appointments/doctor/me responded 204 in 0.0759 ms
[2026-07-20 14:37:51.578 +05:30 INF] Serilog.AspNetCore.RequestLoggingMiddleware HTTP GET /api/appointments/doctor/me responded 200 in 11.6778 ms
[2026-07-20 14:37:59.553 +05:30 INF] HealthApp.Api.BackgroundServices.HeartbeatBackgroundService HealthAxis heartbeat running at "2026-07-20T14:37:59.5538144+05:30"------------
[2026-07-20 14:38:09.568 +05:30 INF] HealthApp.Api.BackgroundServices.HeartbeatBackgroundService HealthAxis heartbeat running at "2026-07-20T14:38:09.5685304+05:30"------------
[2026-07-20 14:38:19.576 +05:30 INF] HealthApp.Api.BackgroundServices.HeartbeatBackgroundService HealthAxis heartbeat running at "2026-07-20T14:38:19.5762826+05:30"------------
[2026-07-20 14:38:29.592 +05:30 INF] HealthApp.Api.BackgroundServices.HeartbeatBackgroundService HealthAxis heartbeat running at "2026-07-20T14:38:29.5922432+05:30"------------
[2026-07-20 14:38:39.608 +05:30 INF] HealthApp.Api.BackgroundServices.HeartbeatBackgroundService HealthAxis heartbeat running at "2026-07-20T14:38:39.6086964+05:30"------------
[2026-07-20 14:38:49.626 +05:30 INF] HealthApp.Api.BackgroundServices.HeartbeatBackgroundService HealthAxis heartbeat running at "2026-07-20T14:38:49.6265646+05:30"------------
[2026-07-20 14:38:59.652 +05:30 INF] HealthApp.Api.BackgroundServices.HeartbeatBackgroundService HealthAxis heartbeat running at "2026-07-20T14:38:59.6519958+05:30"------------
[2026-07-20 14:39:09.672 +05:30 INF] HealthApp.Api.BackgroundServices.HeartbeatBackgroundService HealthAxis heartbeat running at "2026-07-20T14:39:09.6726133+05:30"------------
[2026-07-20 14:39:19.724 +05:30 INF] HealthApp.Api.BackgroundServices.HeartbeatBackgroundService HealthAxis heartbeat running at "2026-07-20T14:39:19.7249398+05:30"------------
[2026-07-20 14:39:29.734 +05:30 INF] HealthApp.Api.BackgroundServices.HeartbeatBackgroundService HealthAxis heartbeat running at "2026-07-20T14:39:29.7346834+05:30"------------
[2026-07-20 14:39:38.877 +05:30 INF] Serilog.AspNetCore.RequestLoggingMiddleware HTTP OPTIONS /api/appointments/11/complete responded 204 in 0.1501 ms
[2026-07-20 14:39:38.952 +05:30 INF] Serilog.AspNetCore.RequestLoggingMiddleware HTTP PUT /api/appointments/11/complete responded 200 in 59.4485 ms
[2026-07-20 14:39:38.966 +05:30 INF] Serilog.AspNetCore.RequestLoggingMiddleware HTTP OPTIONS /api/appointments/doctor/me responded 204 in 0.2160 ms
[2026-07-20 14:39:39.006 +05:30 INF] Serilog.AspNetCore.RequestLoggingMiddleware HTTP GET /api/appointments/doctor/me responded 200 in 27.8789 ms
[2026-07-20 14:39:39.742 +05:30 INF] HealthApp.Api.BackgroundServices.HeartbeatBackgroundService HealthAxis heartbeat running at "2026-07-20T14:39:39.7421810+05:30"------------
[2026-07-20 14:39:49.233 +05:30 INF] Serilog.AspNetCore.RequestLoggingMiddleware HTTP OPTIONS /api/HealthRecordApi responded 204 in 0.0776 ms
[2026-07-20 14:39:49.258 +05:30 INF] Serilog.AspNetCore.RequestLoggingMiddleware HTTP POST /api/HealthRecordApi responded 400 in 4.5836 ms
[2026-07-20 14:39:49.754 +05:30 INF] HealthApp.Api.BackgroundServices.HeartbeatBackgroundService HealthAxis heartbeat running at "2026-07-20T14:39:49.7548980+05:30"------------
[2026-07-20 14:39:59.763 +05:30 INF] HealthApp.Api.BackgroundServices.HeartbeatBackgroundService HealthAxis heartbeat running at "2026-07-20T14:39:59.7632842+05:30"------------
[2026-07-20 14:40:09.786 +05:30 INF] HealthApp.Api.BackgroundServices.HeartbeatBackgroundService HealthAxis heartbeat running at "2026-07-20T14:40:09.7864362+05:30"------------
[2026-07-20 14:40:19.807 +05:30 INF] HealthApp.Api.BackgroundServices.HeartbeatBackgroundService HealthAxis heartbeat running at "2026-07-20T14:40:19.8075267+05:30"------------
[2026-07-20 14:40:29.822 +05:30 INF] HealthApp.Api.BackgroundServices.HeartbeatBackgroundService HealthAxis heartbeat running at "2026-07-20T14:40:29.8228654+05:30"------------
[2026-07-20 14:40:39.842 +05:30 INF] HealthApp.Api.BackgroundServices.HeartbeatBackgroundService HealthAxis heartbeat running at "2026-07-20T14:40:39.8411213+05:30"------------
[2026-07-20 14:40:49.861 +05:30 INF] HealthApp.Api.BackgroundServices.HeartbeatBackgroundService HealthAxis heartbeat running at "2026-07-20T14:40:49.8612342+05:30"------------
[2026-07-20 14:40:59.884 +05:30 INF] HealthApp.Api.BackgroundServices.HeartbeatBackgroundService HealthAxis heartbeat running at "2026-07-20T14:40:59.8841106+05:30"------------
[2026-07-20 14:41:09.897 +05:30 INF] HealthApp.Api.BackgroundServices.HeartbeatBackgroundService HealthAxis heartbeat running at "2026-07-20T14:41:09.8978337+05:30"------------
[2026-07-20 14:41:19.918 +05:30 INF] HealthApp.Api.BackgroundServices.HeartbeatBackgroundService HealthAxis heartbeat running at "2026-07-20T14:41:19.9182794+05:30"------------
[2026-07-20 14:41:29.938 +05:30 INF] HealthApp.Api.BackgroundServices.HeartbeatBackgroundService HealthAxis heartbeat running at "2026-07-20T14:41:29.9382391+05:30"------------
[2026-07-20 14:41:39.950 +05:30 INF] HealthApp.Api.BackgroundServices.HeartbeatBackgroundService HealthAxis heartbeat running at "2026-07-20T14:41:39.9508633+05:30"------------
[2026-07-20 14:41:49.965 +05:30 INF] HealthApp.Api.BackgroundServices.HeartbeatBackgroundService HealthAxis heartbeat running at "2026-07-20T14:41:49.9657938+05:30"------------
[2026-07-20 14:41:59.987 +05:30 INF] HealthApp.Api.BackgroundServices.HeartbeatBackgroundService HealthAxis heartbeat running at "2026-07-20T14:41:59.9875592+05:30"------------
[2026-07-20 14:42:07.948 +05:30 INF] Serilog.AspNetCore.RequestLoggingMiddleware HTTP OPTIONS /api/HealthRecordApi responded 204 in 0.1239 ms
[2026-07-20 14:42:07.968 +05:30 INF] Serilog.AspNetCore.RequestLoggingMiddleware HTTP POST /api/HealthRecordApi responded 400 in 2.2380 ms
[2026-07-20 14:42:09.924 +05:30 INF] Serilog.AspNetCore.RequestLoggingMiddleware HTTP POST /api/HealthRecordApi responded 400 in 3.7165 ms
[2026-07-20 14:42:10.006 +05:30 INF] HealthApp.Api.BackgroundServices.HeartbeatBackgroundService HealthAxis heartbeat running at "2026-07-20T14:42:10.0060153+05:30"------------
[2026-07-20 14:42:10.417 +05:30 INF] Serilog.AspNetCore.RequestLoggingMiddleware HTTP POST /api/HealthRecordApi responded 400 in 2.0567 ms
[2026-07-20 14:42:10.671 +05:30 INF] Serilog.AspNetCore.RequestLoggingMiddleware HTTP POST /api/HealthRecordApi responded 400 in 2.5726 ms
[2026-07-20 14:42:20.010 +05:30 INF] HealthApp.Api.BackgroundServices.HeartbeatBackgroundService HealthAxis heartbeat running at "2026-07-20T14:42:20.0108813+05:30"------------
[2026-07-20 14:42:30.021 +05:30 INF] HealthApp.Api.BackgroundServices.HeartbeatBackgroundService HealthAxis heartbeat running at "2026-07-20T14:42:30.0215155+05:30"------------
[2026-07-20 14:42:40.033 +05:30 INF] HealthApp.Api.BackgroundServices.HeartbeatBackgroundService HealthAxis heartbeat running at "2026-07-20T14:42:40.0335376+05:30"------------
[2026-07-20 14:42:50.043 +05:30 INF] HealthApp.Api.BackgroundServices.HeartbeatBackgroundService HealthAxis heartbeat running at "2026-07-20T14:42:50.0439109+05:30"------------
[2026-07-20 14:43:00.065 +05:30 INF] HealthApp.Api.BackgroundServices.HeartbeatBackgroundService HealthAxis heartbeat running at "2026-07-20T14:43:00.0653224+05:30"------------
[2026-07-20 14:43:10.079 +05:30 INF] HealthApp.Api.BackgroundServices.HeartbeatBackgroundService HealthAxis heartbeat running at "2026-07-20T14:43:10.0794878+05:30"------------
[2026-07-20 14:43:20.092 +05:30 INF] HealthApp.Api.BackgroundServices.HeartbeatBackgroundService HealthAxis heartbeat running at "2026-07-20T14:43:20.0929188+05:30"------------
[2026-07-20 14:43:30.109 +05:30 INF] HealthApp.Api.BackgroundServices.HeartbeatBackgroundService HealthAxis heartbeat running at "2026-07-20T14:43:30.1092732+05:30"------------
[2026-07-20 14:43:40.120 +05:30 INF] HealthApp.Api.BackgroundServices.HeartbeatBackgroundService HealthAxis heartbeat running at "2026-07-20T14:43:40.1205628+05:30"------------
[2026-07-20 14:43:50.144 +05:30 INF] HealthApp.Api.BackgroundServices.HeartbeatBackgroundService HealthAxis heartbeat running at "2026-07-20T14:43:50.1441089+05:30"------------
[2026-07-20 14:44:00.156 +05:30 INF] HealthApp.Api.BackgroundServices.HeartbeatBackgroundService HealthAxis heartbeat running at "2026-07-20T14:44:00.1562855+05:30"------------
[2026-07-20 14:44:10.163 +05:30 INF] HealthApp.Api.BackgroundServices.HeartbeatBackgroundService HealthAxis heartbeat running at "2026-07-20T14:44:10.1631946+05:30"------------
[2026-07-20 14:44:20.183 +05:30 INF] HealthApp.Api.BackgroundServices.HeartbeatBackgroundService HealthAxis heartbeat running at "2026-07-20T14:44:20.1831045+05:30"------------
[2026-07-20 14:44:30.194 +05:30 INF] HealthApp.Api.BackgroundServices.HeartbeatBackgroundService HealthAxis heartbeat running at "2026-07-20T14:44:30.1944111+05:30"------------
[2026-07-20 14:44:40.209 +05:30 INF] HealthApp.Api.BackgroundServices.HeartbeatBackgroundService HealthAxis heartbeat running at "2026-07-20T14:44:40.2096152+05:30"------------
[2026-07-20 14:44:50.220 +05:30 INF] HealthApp.Api.BackgroundServices.HeartbeatBackgroundService HealthAxis heartbeat running at "2026-07-20T14:44:50.2200817+05:30"------------
[2026-07-20 14:45:00.242 +05:30 INF] HealthApp.Api.BackgroundServices.HeartbeatBackgroundService HealthAxis heartbeat running at "2026-07-20T14:45:00.2422516+05:30"------------
[2026-07-20 14:45:10.256 +05:30 INF] HealthApp.Api.BackgroundServices.HeartbeatBackgroundService HealthAxis heartbeat running at "2026-07-20T14:45:10.2569401+05:30"------------
[2026-07-20 14:45:20.270 +05:30 INF] HealthApp.Api.BackgroundServices.HeartbeatBackgroundService HealthAxis heartbeat running at "2026-07-20T14:45:20.2708999+05:30"------------
[2026-07-20 14:45:30.287 +05:30 INF] HealthApp.Api.BackgroundServices.HeartbeatBackgroundService HealthAxis heartbeat running at "2026-07-20T14:45:30.2874750+05:30"------------
[2026-07-20 14:45:40.300 +05:30 INF] HealthApp.Api.BackgroundServices.HeartbeatBackgroundService HealthAxis heartbeat running at "2026-07-20T14:45:40.3008423+05:30"------------
[2026-07-20 14:45:50.321 +05:30 INF] HealthApp.Api.BackgroundServices.HeartbeatBackgroundService HealthAxis heartbeat running at "2026-07-20T14:45:50.3216192+05:30"------------
[2026-07-20 14:46:00.344 +05:30 INF] HealthApp.Api.BackgroundServices.HeartbeatBackgroundService HealthAxis heartbeat running at "2026-07-20T14:46:00.3449721+05:30"------------
[2026-07-20 14:46:10.365 +05:30 INF] HealthApp.Api.BackgroundServices.HeartbeatBackgroundService HealthAxis heartbeat running at "2026-07-20T14:46:10.3651670+05:30"------------
[2026-07-20 14:46:20.379 +05:30 INF] HealthApp.Api.BackgroundServices.HeartbeatBackgroundService HealthAxis heartbeat running at "2026-07-20T14:46:20.3795468+05:30"------------
[2026-07-20 14:46:30.391 +05:30 INF] HealthApp.Api.BackgroundServices.HeartbeatBackgroundService HealthAxis heartbeat running at "2026-07-20T14:46:30.3918547+05:30"------------
[2026-07-20 14:46:40.410 +05:30 INF] HealthApp.Api.BackgroundServices.HeartbeatBackgroundService HealthAxis heartbeat running at "2026-07-20T14:46:40.4108830+05:30"------------
[2026-07-20 14:46:50.424 +05:30 INF] HealthApp.Api.BackgroundServices.HeartbeatBackgroundService HealthAxis heartbeat running at "2026-07-20T14:46:50.4249143+05:30"------------
[2026-07-20 14:47:00.443 +05:30 INF] HealthApp.Api.BackgroundServices.HeartbeatBackgroundService HealthAxis heartbeat running at "2026-07-20T14:47:00.4435279+05:30"------------
[2026-07-20 14:47:10.454 +05:30 INF] HealthApp.Api.BackgroundServices.HeartbeatBackgroundService HealthAxis heartbeat running at "2026-07-20T14:47:10.4543581+05:30"------------
[2026-07-20 14:47:20.468 +05:30 INF] HealthApp.Api.BackgroundServices.HeartbeatBackgroundService HealthAxis heartbeat running at "2026-07-20T14:47:20.4688939+05:30"------------
[2026-07-20 14:47:30.482 +05:30 INF] HealthApp.Api.BackgroundServices.HeartbeatBackgroundService HealthAxis heartbeat running at "2026-07-20T14:47:30.4820890+05:30"------------
[2026-07-20 14:47:40.503 +05:30 INF] HealthApp.Api.BackgroundServices.HeartbeatBackgroundService HealthAxis heartbeat running at "2026-07-20T14:47:40.5034865+05:30"------------
[2026-07-20 14:47:50.530 +05:30 INF] HealthApp.Api.BackgroundServices.HeartbeatBackgroundService HealthAxis heartbeat running at "2026-07-20T14:47:50.5299971+05:30"------------
[2026-07-20 14:48:00.547 +05:30 INF] HealthApp.Api.BackgroundServices.HeartbeatBackgroundService HealthAxis heartbeat running at "2026-07-20T14:48:00.5475666+05:30"------------
[2026-07-20 14:48:10.568 +05:30 INF] HealthApp.Api.BackgroundServices.HeartbeatBackgroundService HealthAxis heartbeat running at "2026-07-20T14:48:10.5685988+05:30"------------
[2026-07-20 14:48:20.587 +05:30 INF] HealthApp.Api.BackgroundServices.HeartbeatBackgroundService HealthAxis heartbeat running at "2026-07-20T14:48:20.5877076+05:30"------------
[2026-07-20 14:48:30.600 +05:30 INF] HealthApp.Api.BackgroundServices.HeartbeatBackgroundService HealthAxis heartbeat running at "2026-07-20T14:48:30.6007929+05:30"------------
[2026-07-20 14:48:40.608 +05:30 INF] HealthApp.Api.BackgroundServices.HeartbeatBackgroundService HealthAxis heartbeat running at "2026-07-20T14:48:40.6087963+05:30"------------
[2026-07-20 14:48:50.619 +05:30 INF] HealthApp.Api.BackgroundServices.HeartbeatBackgroundService HealthAxis heartbeat running at "2026-07-20T14:48:50.6196624+05:30"------------
[2026-07-20 14:49:00.633 +05:30 INF] HealthApp.Api.BackgroundServices.HeartbeatBackgroundService HealthAxis heartbeat running at "2026-07-20T14:49:00.6335010+05:30"------------
[2026-07-20 14:49:10.656 +05:30 INF] HealthApp.Api.BackgroundServices.HeartbeatBackgroundService HealthAxis heartbeat running at "2026-07-20T14:49:10.6569231+05:30"------------
[2026-07-20 14:49:20.669 +05:30 INF] HealthApp.Api.BackgroundServices.HeartbeatBackgroundService HealthAxis heartbeat running at "2026-07-20T14:49:20.6692093+05:30"------------
[2026-07-20 14:49:30.682 +05:30 INF] HealthApp.Api.BackgroundServices.HeartbeatBackgroundService HealthAxis heartbeat running at "2026-07-20T14:49:30.6826274+05:30"------------
[2026-07-20 14:49:40.701 +05:30 INF] HealthApp.Api.BackgroundServices.HeartbeatBackgroundService HealthAxis heartbeat running at "2026-07-20T14:49:40.7011155+05:30"------------
[2026-07-20 14:49:47.144 +05:30 INF] Serilog.AspNetCore.RequestLoggingMiddleware HTTP OPTIONS /api/appointments/doctor/me responded 204 in 0.0914 ms
[2026-07-20 14:49:47.721 +05:30 INF] Serilog.AspNetCore.RequestLoggingMiddleware HTTP GET /api/appointments/doctor/me responded 200 in 551.0647 ms
[2026-07-20 14:49:50.714 +05:30 INF] HealthApp.Api.BackgroundServices.HeartbeatBackgroundService HealthAxis heartbeat running at "2026-07-20T14:49:50.7144576+05:30"------------
[2026-07-20 14:50:00.720 +05:30 INF] HealthApp.Api.BackgroundServices.HeartbeatBackgroundService HealthAxis heartbeat running at "2026-07-20T14:50:00.7209718+05:30"------------
[2026-07-20 14:50:08.481 +05:30 INF] Serilog.AspNetCore.RequestLoggingMiddleware HTTP OPTIONS /api/appointments/doctor/me responded 204 in 0.3032 ms
[2026-07-20 14:50:08.526 +05:30 INF] Serilog.AspNetCore.RequestLoggingMiddleware HTTP GET /api/appointments/doctor/me responded 200 in 8.4954 ms
[2026-07-20 14:50:10.751 +05:30 INF] HealthApp.Api.BackgroundServices.HeartbeatBackgroundService HealthAxis heartbeat running at "2026-07-20T14:50:10.7518141+05:30"------------
[2026-07-20 14:50:18.247 +05:30 INF] Serilog.AspNetCore.RequestLoggingMiddleware HTTP OPTIONS /api/HealthRecordApi responded 204 in 0.5256 ms
[2026-07-20 14:50:18.273 +05:30 INF] Serilog.AspNetCore.RequestLoggingMiddleware HTTP POST /api/HealthRecordApi responded 400 in 2.1895 ms
[2026-07-20 14:50:20.054 +05:30 INF] Serilog.AspNetCore.RequestLoggingMiddleware HTTP POST /api/HealthRecordApi responded 400 in 1.2401 ms
[2026-07-20 14:50:20.759 +05:30 INF] HealthApp.Api.BackgroundServices.HeartbeatBackgroundService HealthAxis heartbeat running at "2026-07-20T14:50:20.7590119+05:30"------------
[2026-07-20 14:50:30.772 +05:30 INF] HealthApp.Api.BackgroundServices.HeartbeatBackgroundService HealthAxis heartbeat running at "2026-07-20T14:50:30.7722125+05:30"------------
[2026-07-20 14:50:40.789 +05:30 INF] HealthApp.Api.BackgroundServices.HeartbeatBackgroundService HealthAxis heartbeat running at "2026-07-20T14:50:40.7898473+05:30"------------
[2026-07-20 14:50:50.807 +05:30 INF] HealthApp.Api.BackgroundServices.HeartbeatBackgroundService HealthAxis heartbeat running at "2026-07-20T14:50:50.8079796+05:30"------------
[2026-07-20 14:51:00.811 +05:30 INF] HealthApp.Api.BackgroundServices.HeartbeatBackgroundService HealthAxis heartbeat running at "2026-07-20T14:51:00.8119281+05:30"------------
[2026-07-20 14:51:10.827 +05:30 INF] HealthApp.Api.BackgroundServices.HeartbeatBackgroundService HealthAxis heartbeat running at "2026-07-20T14:51:10.8279072+05:30"------------
[2026-07-20 14:51:20.850 +05:30 INF] HealthApp.Api.BackgroundServices.HeartbeatBackgroundService HealthAxis heartbeat running at "2026-07-20T14:51:20.8502434+05:30"------------
[2026-07-20 14:51:30.870 +05:30 INF] HealthApp.Api.BackgroundServices.HeartbeatBackgroundService HealthAxis heartbeat running at "2026-07-20T14:51:30.8709233+05:30"------------
[2026-07-20 14:51:40.887 +05:30 INF] HealthApp.Api.BackgroundServices.HeartbeatBackgroundService HealthAxis heartbeat running at "2026-07-20T14:51:40.8877963+05:30"------------
[2026-07-20 14:51:50.904 +05:30 INF] HealthApp.Api.BackgroundServices.HeartbeatBackgroundService HealthAxis heartbeat running at "2026-07-20T14:51:50.9044981+05:30"------------
[2026-07-20 14:51:56.147 +05:30 INF] Microsoft.Hosting.Lifetime Application is shutting down...
[2026-07-20 16:46:12.299 +05:30 INF] HealthApp.Api.BackgroundServices.NotificationCleanupBackgroundService Notification cleanup background service started.
[2026-07-20 16:46:12.378 +05:30 INF] HealthApp.Api.BackgroundServices.HeartbeatBackgroundService HealthAxis Heartbeat Background Service started.+++++++++++++
[2026-07-20 16:46:12.770 +05:30 INF] HealthApp.Api.BackgroundServices.HeartbeatBackgroundService HealthAxis heartbeat running at "2026-07-20T16:46:12.7673209+05:30"------------
[2026-07-20 16:46:12.799 +05:30 INF] Microsoft.Hosting.Lifetime Now listening on: http://localhost:5066
[2026-07-20 16:46:13.005 +05:30 INF] MassTransit Bus started: "rabbitmq://localhost/"
[2026-07-20 16:46:13.085 +05:30 INF] Microsoft.Hosting.Lifetime Application started. Press Ctrl+C to shut down.
[2026-07-20 16:46:13.096 +05:30 INF] Microsoft.Hosting.Lifetime Hosting environment: Development
[2026-07-20 16:46:13.100 +05:30 INF] HealthApp.Api.BackgroundServices.NotificationCleanupBackgroundService Notification cleanup completed. Deleted 0 read notifications older than 30 days.
[2026-07-20 16:46:13.112 +05:30 INF] Microsoft.Hosting.Lifetime Content root path: C:\Users\310208\source\repos\Sprint 4\UST-Live-01\HealthApp.Api
[2026-07-20 16:46:22.807 +05:30 INF] HealthApp.Api.BackgroundServices.HeartbeatBackgroundService HealthAxis heartbeat running at "2026-07-20T16:46:22.8072607+05:30"------------
[2026-07-20 16:46:32.830 +05:30 INF] HealthApp.Api.BackgroundServices.HeartbeatBackgroundService HealthAxis heartbeat running at "2026-07-20T16:46:32.8306548+05:30"------------
[2026-07-20 16:46:42.852 +05:30 INF] HealthApp.Api.BackgroundServices.HeartbeatBackgroundService HealthAxis heartbeat running at "2026-07-20T16:46:42.8523274+05:30"------------
[2026-07-20 16:46:52.870 +05:30 INF] HealthApp.Api.BackgroundServices.HeartbeatBackgroundService HealthAxis heartbeat running at "2026-07-20T16:46:52.8708268+05:30"------------
[2026-07-20 16:47:02.895 +05:30 INF] HealthApp.Api.BackgroundServices.HeartbeatBackgroundService HealthAxis heartbeat running at "2026-07-20T16:47:02.8956695+05:30"------------
[2026-07-20 16:47:06.950 +05:30 INF] Serilog.AspNetCore.RequestLoggingMiddleware HTTP OPTIONS /api/auth/login responded 204 in 55.3683 ms
[2026-07-20 16:47:07.031 +05:30 WRN] Microsoft.AspNetCore.HttpsPolicy.HttpsRedirectionMiddleware Failed to determine the https port for redirect.
[2026-07-20 16:47:07.422 +05:30 INF] Serilog.AspNetCore.RequestLoggingMiddleware HTTP POST /api/auth/login responded 200 in 399.9026 ms
[2026-07-20 16:47:08.296 +05:30 INF] Serilog.AspNetCore.RequestLoggingMiddleware HTTP POST /api/auth/login responded 200 in 16.4525 ms
[2026-07-20 16:47:12.906 +05:30 INF] HealthApp.Api.BackgroundServices.HeartbeatBackgroundService HealthAxis heartbeat running at "2026-07-20T16:47:12.9065064+05:30"------------
[2026-07-20 16:47:22.929 +05:30 INF] HealthApp.Api.BackgroundServices.HeartbeatBackgroundService HealthAxis heartbeat running at "2026-07-20T16:47:22.9293173+05:30"------------
[2026-07-20 16:47:29.742 +05:30 INF] Serilog.AspNetCore.RequestLoggingMiddleware HTTP OPTIONS /api/auth/login responded 204 in 0.7725 ms
[2026-07-20 16:47:30.503 +05:30 INF] Serilog.AspNetCore.RequestLoggingMiddleware HTTP POST /api/auth/login responded 200 in 747.0112 ms
[2026-07-20 16:47:30.539 +05:30 INF] Serilog.AspNetCore.RequestLoggingMiddleware HTTP OPTIONS /api/appointments/doctor/me responded 204 in 0.1764 ms
[2026-07-20 16:47:30.543 +05:30 INF] Serilog.AspNetCore.RequestLoggingMiddleware HTTP OPTIONS /api/doctors/me responded 204 in 0.4633 ms
[2026-07-20 16:47:30.543 +05:30 INF] Serilog.AspNetCore.RequestLoggingMiddleware HTTP OPTIONS /api/doctor-leaves/my responded 204 in 0.0938 ms
[2026-07-20 16:47:31.141 +05:30 WRN] LuckyPennySoftware.AutoMapper.License You do not have a valid license key for the Lucky Penny software AutoMapper. This is allowed for development and testing scenarios. If you are running in production you are required to have a licensed version. Please visit https://luckypennysoftware.com to obtain a valid license.
[2026-07-20 16:47:31.426 +05:30 INF] Serilog.AspNetCore.RequestLoggingMiddleware HTTP GET /api/doctors/me responded 200 in 859.0161 ms
[2026-07-20 16:47:31.943 +05:30 INF] Serilog.AspNetCore.RequestLoggingMiddleware HTTP GET /api/doctor-leaves/my responded 200 in 1375.7637 ms
[2026-07-20 16:47:32.171 +05:30 INF] Serilog.AspNetCore.RequestLoggingMiddleware HTTP GET /api/appointments/doctor/me responded 200 in 1602.3775 ms
[2026-07-20 16:47:32.202 +05:30 INF] Serilog.AspNetCore.RequestLoggingMiddleware HTTP GET /api/appointments/doctor/me responded 200 in 27.4597 ms
[2026-07-20 16:47:32.953 +05:30 INF] HealthApp.Api.BackgroundServices.HeartbeatBackgroundService HealthAxis heartbeat running at "2026-07-20T16:47:32.9524906+05:30"------------
[2026-07-20 16:47:42.962 +05:30 INF] HealthApp.Api.BackgroundServices.HeartbeatBackgroundService HealthAxis heartbeat running at "2026-07-20T16:47:42.9621794+05:30"------------
[2026-07-20 16:47:45.695 +05:30 INF] Serilog.AspNetCore.RequestLoggingMiddleware HTTP OPTIONS /api/HealthRecordApi responded 204 in 0.8441 ms
[2026-07-20 16:47:45.818 +05:30 INF] Serilog.AspNetCore.RequestLoggingMiddleware HTTP POST /api/HealthRecordApi responded 400 in 98.9342 ms
[2026-07-20 16:47:52.989 +05:30 INF] HealthApp.Api.BackgroundServices.HeartbeatBackgroundService HealthAxis heartbeat running at "2026-07-20T16:47:52.9896893+05:30"------------
[2026-07-20 16:48:03.004 +05:30 INF] HealthApp.Api.BackgroundServices.HeartbeatBackgroundService HealthAxis heartbeat running at "2026-07-20T16:48:03.0039868+05:30"------------
[2026-07-20 16:48:13.031 +05:30 INF] HealthApp.Api.BackgroundServices.HeartbeatBackgroundService HealthAxis heartbeat running at "2026-07-20T16:48:13.0314646+05:30"------------
[2026-07-20 16:48:16.832 +05:30 INF] Serilog.AspNetCore.RequestLoggingMiddleware HTTP OPTIONS /api/doctors/me responded 204 in 0.2565 ms
[2026-07-20 16:48:16.836 +05:30 INF] Serilog.AspNetCore.RequestLoggingMiddleware HTTP OPTIONS /api/HealthRecordApi/doctor/me responded 204 in 4.8341 ms
[2026-07-20 16:48:16.878 +05:30 INF] Serilog.AspNetCore.RequestLoggingMiddleware HTTP GET /api/doctors/me responded 200 in 15.6573 ms
[2026-07-20 16:48:17.021 +05:30 INF] Serilog.AspNetCore.RequestLoggingMiddleware HTTP GET /api/HealthRecordApi/doctor/me responded 200 in 151.9783 ms
[2026-07-20 16:48:23.059 +05:30 INF] HealthApp.Api.BackgroundServices.HeartbeatBackgroundService HealthAxis heartbeat running at "2026-07-20T16:48:23.0591354+05:30"------------
[2026-07-20 16:48:33.074 +05:30 INF] HealthApp.Api.BackgroundServices.HeartbeatBackgroundService HealthAxis heartbeat running at "2026-07-20T16:48:33.0742370+05:30"------------
[2026-07-20 16:48:43.091 +05:30 INF] HealthApp.Api.BackgroundServices.HeartbeatBackgroundService HealthAxis heartbeat running at "2026-07-20T16:48:43.0906667+05:30"------------
[2026-07-20 16:48:53.117 +05:30 INF] HealthApp.Api.BackgroundServices.HeartbeatBackgroundService HealthAxis heartbeat running at "2026-07-20T16:48:53.1178664+05:30"------------
[2026-07-20 16:49:03.145 +05:30 INF] HealthApp.Api.BackgroundServices.HeartbeatBackgroundService HealthAxis heartbeat running at "2026-07-20T16:49:03.1451522+05:30"------------
[2026-07-20 16:49:13.173 +05:30 INF] HealthApp.Api.BackgroundServices.HeartbeatBackgroundService HealthAxis heartbeat running at "2026-07-20T16:49:13.1735865+05:30"------------
[2026-07-20 16:49:23.184 +05:30 INF] HealthApp.Api.BackgroundServices.HeartbeatBackgroundService HealthAxis heartbeat running at "2026-07-20T16:49:23.1841822+05:30"------------
[2026-07-20 16:49:32.894 +05:30 INF] Serilog.AspNetCore.RequestLoggingMiddleware HTTP OPTIONS /api/HealthRecordApi responded 204 in 0.3631 ms
[2026-07-20 16:49:33.195 +05:30 INF] HealthApp.Api.BackgroundServices.HeartbeatBackgroundService HealthAxis heartbeat running at "2026-07-20T16:49:33.1959000+05:30"------------
[2026-07-20 16:49:33.647 +05:30 INF] Serilog.AspNetCore.RequestLoggingMiddleware HTTP POST /api/HealthRecordApi responded 200 in 738.7892 ms
[2026-07-20 16:49:33.666 +05:30 INF] Serilog.AspNetCore.RequestLoggingMiddleware HTTP OPTIONS /api/HealthRecordApi/doctor/me responded 204 in 0.1158 ms
[2026-07-20 16:49:33.704 +05:30 INF] Serilog.AspNetCore.RequestLoggingMiddleware HTTP GET /api/HealthRecordApi/doctor/me responded 200 in 25.2504 ms
[2026-07-20 16:49:43.209 +05:30 INF] HealthApp.Api.BackgroundServices.HeartbeatBackgroundService HealthAxis heartbeat running at "2026-07-20T16:49:43.2097345+05:30"------------
[2026-07-20 16:49:53.224 +05:30 INF] HealthApp.Api.BackgroundServices.HeartbeatBackgroundService HealthAxis heartbeat running at "2026-07-20T16:49:53.2246952+05:30"------------
[2026-07-20 16:50:03.246 +05:30 INF] HealthApp.Api.BackgroundServices.HeartbeatBackgroundService HealthAxis heartbeat running at "2026-07-20T16:50:03.2465716+05:30"------------
[2026-07-20 16:50:13.264 +05:30 INF] HealthApp.Api.BackgroundServices.HeartbeatBackgroundService HealthAxis heartbeat running at "2026-07-20T16:50:13.2648507+05:30"------------
[2026-07-20 16:50:23.285 +05:30 INF] HealthApp.Api.BackgroundServices.HeartbeatBackgroundService HealthAxis heartbeat running at "2026-07-20T16:50:23.2854484+05:30"------------
[2026-07-20 16:50:33.311 +05:30 INF] HealthApp.Api.BackgroundServices.HeartbeatBackgroundService HealthAxis heartbeat running at "2026-07-20T16:50:33.3117599+05:30"------------
[2026-07-20 16:50:43.330 +05:30 INF] HealthApp.Api.BackgroundServices.HeartbeatBackgroundService HealthAxis heartbeat running at "2026-07-20T16:50:43.3307420+05:30"------------
[2026-07-20 16:50:53.346 +05:30 INF] HealthApp.Api.BackgroundServices.HeartbeatBackgroundService HealthAxis heartbeat running at "2026-07-20T16:50:53.3453525+05:30"------------
[2026-07-20 16:51:03.365 +05:30 INF] HealthApp.Api.BackgroundServices.HeartbeatBackgroundService HealthAxis heartbeat running at "2026-07-20T16:51:03.3633498+05:30"------------
[2026-07-20 16:51:13.384 +05:30 INF] HealthApp.Api.BackgroundServices.HeartbeatBackgroundService HealthAxis heartbeat running at "2026-07-20T16:51:13.3839515+05:30"------------
[2026-07-20 16:51:23.406 +05:30 INF] HealthApp.Api.BackgroundServices.HeartbeatBackgroundService HealthAxis heartbeat running at "2026-07-20T16:51:23.4065569+05:30"------------
[2026-07-20 16:51:33.432 +05:30 INF] HealthApp.Api.BackgroundServices.HeartbeatBackgroundService HealthAxis heartbeat running at "2026-07-20T16:51:33.4319782+05:30"------------
[2026-07-20 16:51:43.448 +05:30 INF] HealthApp.Api.BackgroundServices.HeartbeatBackgroundService HealthAxis heartbeat running at "2026-07-20T16:51:43.4482703+05:30"------------
[2026-07-20 16:51:53.472 +05:30 INF] HealthApp.Api.BackgroundServices.HeartbeatBackgroundService HealthAxis heartbeat running at "2026-07-20T16:51:53.4721095+05:30"------------
[2026-07-20 16:52:03.484 +05:30 INF] HealthApp.Api.BackgroundServices.HeartbeatBackgroundService HealthAxis heartbeat running at "2026-07-20T16:52:03.4839907+05:30"------------
[2026-07-20 16:52:13.501 +05:30 INF] HealthApp.Api.BackgroundServices.HeartbeatBackgroundService HealthAxis heartbeat running at "2026-07-20T16:52:13.5018724+05:30"------------
[2026-07-20 16:52:23.522 +05:30 INF] HealthApp.Api.BackgroundServices.HeartbeatBackgroundService HealthAxis heartbeat running at "2026-07-20T16:52:23.5229436+05:30"------------
[2026-07-20 16:52:33.256 +05:30 INF] Serilog.AspNetCore.RequestLoggingMiddleware HTTP OPTIONS /api/appointments/doctor/me responded 204 in 0.2884 ms
[2026-07-20 16:52:33.343 +05:30 INF] Serilog.AspNetCore.RequestLoggingMiddleware HTTP GET /api/appointments/doctor/me responded 200 in 65.2209 ms
[2026-07-20 16:52:33.536 +05:30 INF] HealthApp.Api.BackgroundServices.HeartbeatBackgroundService HealthAxis heartbeat running at "2026-07-20T16:52:33.5367771+05:30"------------
[2026-07-20 16:52:43.543 +05:30 INF] HealthApp.Api.BackgroundServices.HeartbeatBackgroundService HealthAxis heartbeat running at "2026-07-20T16:52:43.5433465+05:30"------------
[2026-07-20 16:52:46.815 +05:30 INF] Serilog.AspNetCore.RequestLoggingMiddleware HTTP OPTIONS /api/HealthRecordApi responded 204 in 0.2416 ms
[2026-07-20 16:52:46.838 +05:30 INF] Serilog.AspNetCore.RequestLoggingMiddleware HTTP POST /api/HealthRecordApi responded 400 in 7.3488 ms
[2026-07-20 16:52:48.297 +05:30 INF] Serilog.AspNetCore.RequestLoggingMiddleware HTTP POST /api/HealthRecordApi responded 400 in 4.3469 ms
[2026-07-20 16:52:53.552 +05:30 INF] HealthApp.Api.BackgroundServices.HeartbeatBackgroundService HealthAxis heartbeat running at "2026-07-20T16:52:53.5526912+05:30"------------
[2026-07-20 16:53:03.564 +05:30 INF] HealthApp.Api.BackgroundServices.HeartbeatBackgroundService HealthAxis heartbeat running at "2026-07-20T16:53:03.5642533+05:30"------------
[2026-07-20 16:53:13.576 +05:30 INF] HealthApp.Api.BackgroundServices.HeartbeatBackgroundService HealthAxis heartbeat running at "2026-07-20T16:53:13.5767504+05:30"------------
[2026-07-20 16:53:23.596 +05:30 INF] HealthApp.Api.BackgroundServices.HeartbeatBackgroundService HealthAxis heartbeat running at "2026-07-20T16:53:23.5961845+05:30"------------
[2026-07-20 16:53:33.622 +05:30 INF] HealthApp.Api.BackgroundServices.HeartbeatBackgroundService HealthAxis heartbeat running at "2026-07-20T16:53:33.6221461+05:30"------------
[2026-07-20 16:53:43.648 +05:30 INF] HealthApp.Api.BackgroundServices.HeartbeatBackgroundService HealthAxis heartbeat running at "2026-07-20T16:53:43.6485728+05:30"------------
[2026-07-20 16:53:53.671 +05:30 INF] HealthApp.Api.BackgroundServices.HeartbeatBackgroundService HealthAxis heartbeat running at "2026-07-20T16:53:53.6715333+05:30"------------
[2026-07-20 16:54:03.689 +05:30 INF] HealthApp.Api.BackgroundServices.HeartbeatBackgroundService HealthAxis heartbeat running at "2026-07-20T16:54:03.6898341+05:30"------------
[2026-07-20 16:54:05.174 +05:30 INF] Serilog.AspNetCore.RequestLoggingMiddleware HTTP OPTIONS /api/appointments/doctor/me responded 204 in 0.1207 ms
[2026-07-20 16:54:05.219 +05:30 INF] Serilog.AspNetCore.RequestLoggingMiddleware HTTP GET /api/appointments/doctor/me responded 200 in 33.9862 ms
[2026-07-20 16:54:13.699 +05:30 INF] HealthApp.Api.BackgroundServices.HeartbeatBackgroundService HealthAxis heartbeat running at "2026-07-20T16:54:13.6992651+05:30"------------
[2026-07-20 16:54:23.726 +05:30 INF] HealthApp.Api.BackgroundServices.HeartbeatBackgroundService HealthAxis heartbeat running at "2026-07-20T16:54:23.7264764+05:30"------------
[2026-07-20 16:54:33.742 +05:30 INF] HealthApp.Api.BackgroundServices.HeartbeatBackgroundService HealthAxis heartbeat running at "2026-07-20T16:54:33.7424171+05:30"------------
[2026-07-20 16:54:43.769 +05:30 INF] HealthApp.Api.BackgroundServices.HeartbeatBackgroundService HealthAxis heartbeat running at "2026-07-20T16:54:43.7695374+05:30"------------
[2026-07-20 16:54:53.791 +05:30 INF] HealthApp.Api.BackgroundServices.HeartbeatBackgroundService HealthAxis heartbeat running at "2026-07-20T16:54:53.7917375+05:30"------------
[2026-07-20 16:55:03.815 +05:30 INF] HealthApp.Api.BackgroundServices.HeartbeatBackgroundService HealthAxis heartbeat running at "2026-07-20T16:55:03.8158488+05:30"------------
[2026-07-20 16:55:13.837 +05:30 INF] HealthApp.Api.BackgroundServices.HeartbeatBackgroundService HealthAxis heartbeat running at "2026-07-20T16:55:13.8377224+05:30"------------
[2026-07-20 16:55:23.851 +05:30 INF] HealthApp.Api.BackgroundServices.HeartbeatBackgroundService HealthAxis heartbeat running at "2026-07-20T16:55:23.8513771+05:30"------------
[2026-07-20 16:55:33.865 +05:30 INF] HealthApp.Api.BackgroundServices.HeartbeatBackgroundService HealthAxis heartbeat running at "2026-07-20T16:55:33.8645381+05:30"------------
[2026-07-20 16:55:43.874 +05:30 INF] HealthApp.Api.BackgroundServices.HeartbeatBackgroundService HealthAxis heartbeat running at "2026-07-20T16:55:43.8748885+05:30"------------
[2026-07-20 16:55:53.887 +05:30 INF] HealthApp.Api.BackgroundServices.HeartbeatBackgroundService HealthAxis heartbeat running at "2026-07-20T16:55:53.8861939+05:30"------------
[2026-07-20 16:56:03.905 +05:30 INF] HealthApp.Api.BackgroundServices.HeartbeatBackgroundService HealthAxis heartbeat running at "2026-07-20T16:56:03.9058676+05:30"------------
[2026-07-20 16:56:13.919 +05:30 INF] HealthApp.Api.BackgroundServices.HeartbeatBackgroundService HealthAxis heartbeat running at "2026-07-20T16:56:13.9197919+05:30"------------
[2026-07-20 16:56:23.944 +05:30 INF] HealthApp.Api.BackgroundServices.HeartbeatBackgroundService HealthAxis heartbeat running at "2026-07-20T16:56:23.9439595+05:30"------------
[2026-07-20 16:56:24.732 +05:30 INF] Serilog.AspNetCore.RequestLoggingMiddleware HTTP OPTIONS /api/appointments/doctor/me responded 204 in 0.2490 ms
[2026-07-20 16:56:24.836 +05:30 INF] Serilog.AspNetCore.RequestLoggingMiddleware HTTP GET /api/appointments/doctor/me responded 200 in 81.6619 ms
[2026-07-20 16:56:33.951 +05:30 INF] HealthApp.Api.BackgroundServices.HeartbeatBackgroundService HealthAxis heartbeat running at "2026-07-20T16:56:33.9516094+05:30"------------
[2026-07-20 16:56:38.320 +05:30 INF] Serilog.AspNetCore.RequestLoggingMiddleware HTTP OPTIONS /api/appointments/doctor/me responded 204 in 0.1922 ms
[2026-07-20 16:56:38.342 +05:30 INF] Serilog.AspNetCore.RequestLoggingMiddleware HTTP GET /api/appointments/doctor/me responded 200 in 12.5899 ms
[2026-07-20 16:56:43.966 +05:30 INF] HealthApp.Api.BackgroundServices.HeartbeatBackgroundService HealthAxis heartbeat running at "2026-07-20T16:56:43.9661865+05:30"------------
[2026-07-20 16:56:49.228 +05:30 INF] Serilog.AspNetCore.RequestLoggingMiddleware HTTP OPTIONS /api/HealthRecordApi responded 204 in 0.2672 ms
[2026-07-20 16:56:49.296 +05:30 INF] Serilog.AspNetCore.RequestLoggingMiddleware HTTP POST /api/HealthRecordApi responded 200 in 49.7099 ms
[2026-07-20 16:56:49.311 +05:30 INF] Serilog.AspNetCore.RequestLoggingMiddleware HTTP OPTIONS /api/appointments/41/complete responded 204 in 0.1346 ms
[2026-07-20 16:56:50.471 +05:30 INF] Serilog.AspNetCore.RequestLoggingMiddleware HTTP PUT /api/appointments/41/complete responded 200 in 1143.6685 ms
[2026-07-20 16:56:50.488 +05:30 INF] Serilog.AspNetCore.RequestLoggingMiddleware HTTP OPTIONS /api/appointments/doctor/me responded 204 in 0.0916 ms
[2026-07-20 16:56:50.544 +05:30 INF] Serilog.AspNetCore.RequestLoggingMiddleware HTTP GET /api/appointments/doctor/me responded 200 in 34.1280 ms
[2026-07-20 16:56:53.989 +05:30 INF] HealthApp.Api.BackgroundServices.HeartbeatBackgroundService HealthAxis heartbeat running at "2026-07-20T16:56:53.9895100+05:30"------------
[2026-07-20 16:57:03.999 +05:30 INF] HealthApp.Api.BackgroundServices.HeartbeatBackgroundService HealthAxis heartbeat running at "2026-07-20T16:57:03.9998636+05:30"------------
[2026-07-20 16:57:14.017 +05:30 INF] HealthApp.Api.BackgroundServices.HeartbeatBackgroundService HealthAxis heartbeat running at "2026-07-20T16:57:14.0171316+05:30"------------
[2026-07-20 16:57:24.031 +05:30 INF] HealthApp.Api.BackgroundServices.HeartbeatBackgroundService HealthAxis heartbeat running at "2026-07-20T16:57:24.0314815+05:30"------------
[2026-07-20 16:57:34.046 +05:30 INF] HealthApp.Api.BackgroundServices.HeartbeatBackgroundService HealthAxis heartbeat running at "2026-07-20T16:57:34.0462114+05:30"------------
[2026-07-20 16:57:34.755 +05:30 INF] Serilog.AspNetCore.RequestLoggingMiddleware HTTP OPTIONS /api/appointments/doctor/me responded 204 in 0.2640 ms
[2026-07-20 16:57:34.755 +05:30 INF] Serilog.AspNetCore.RequestLoggingMiddleware HTTP OPTIONS /api/doctors/me responded 204 in 0.1131 ms
[2026-07-20 16:57:34.756 +05:30 INF] Serilog.AspNetCore.RequestLoggingMiddleware HTTP OPTIONS /api/doctor-leaves/my responded 204 in 0.0715 ms
[2026-07-20 16:57:34.802 +05:30 INF] Serilog.AspNetCore.RequestLoggingMiddleware HTTP GET /api/appointments/doctor/me responded 200 in 26.0068 ms
[2026-07-20 16:57:35.306 +05:30 INF] Serilog.AspNetCore.RequestLoggingMiddleware HTTP GET /api/doctors/me responded 200 in 524.9138 ms
[2026-07-20 16:57:35.316 +05:30 INF] Serilog.AspNetCore.RequestLoggingMiddleware HTTP GET /api/doctor-leaves/my responded 200 in 532.7315 ms
[2026-07-20 16:57:44.058 +05:30 INF] HealthApp.Api.BackgroundServices.HeartbeatBackgroundService HealthAxis heartbeat running at "2026-07-20T16:57:44.0587249+05:30"------------
[2026-07-20 16:57:54.076 +05:30 INF] HealthApp.Api.BackgroundServices.HeartbeatBackgroundService HealthAxis heartbeat running at "2026-07-20T16:57:54.0769402+05:30"------------
[2026-07-20 16:58:04.091 +05:30 INF] HealthApp.Api.BackgroundServices.HeartbeatBackgroundService HealthAxis heartbeat running at "2026-07-20T16:58:04.0915235+05:30"------------
[2026-07-20 16:58:14.101 +05:30 INF] HealthApp.Api.BackgroundServices.HeartbeatBackgroundService HealthAxis heartbeat running at "2026-07-20T16:58:14.1019611+05:30"------------
[2026-07-20 16:58:16.638 +05:30 INF] Serilog.AspNetCore.RequestLoggingMiddleware HTTP OPTIONS /api/auth/login responded 204 in 0.1036 ms
[2026-07-20 16:58:16.906 +05:30 INF] Serilog.AspNetCore.RequestLoggingMiddleware HTTP POST /api/auth/login responded 200 in 253.0947 ms
[2026-07-20 16:58:16.929 +05:30 INF] Serilog.AspNetCore.RequestLoggingMiddleware HTTP OPTIONS /api/appointments/doctor/me responded 204 in 1.6491 ms
[2026-07-20 16:58:16.930 +05:30 INF] Serilog.AspNetCore.RequestLoggingMiddleware HTTP OPTIONS /api/doctor-leaves/my responded 204 in 0.0394 ms
[2026-07-20 16:58:16.930 +05:30 INF] Serilog.AspNetCore.RequestLoggingMiddleware HTTP OPTIONS /api/doctors/me responded 204 in 2.2304 ms
[2026-07-20 16:58:16.988 +05:30 INF] Serilog.AspNetCore.RequestLoggingMiddleware HTTP GET /api/appointments/doctor/me responded 200 in 29.6280 ms
[2026-07-20 16:58:17.012 +05:30 INF] Serilog.AspNetCore.RequestLoggingMiddleware HTTP GET /api/doctor-leaves/my responded 200 in 56.4594 ms
[2026-07-20 16:58:17.572 +05:30 INF] Serilog.AspNetCore.RequestLoggingMiddleware HTTP GET /api/doctors/me responded 200 in 602.4013 ms
[2026-07-20 16:58:21.628 +05:30 INF] Serilog.AspNetCore.RequestLoggingMiddleware HTTP GET /api/appointments/doctor/me responded 200 in 10.8308 ms
[2026-07-20 16:58:24.121 +05:30 INF] HealthApp.Api.BackgroundServices.HeartbeatBackgroundService HealthAxis heartbeat running at "2026-07-20T16:58:24.1212611+05:30"------------
[2026-07-20 16:58:34.145 +05:30 INF] HealthApp.Api.BackgroundServices.HeartbeatBackgroundService HealthAxis heartbeat running at "2026-07-20T16:58:34.1453106+05:30"------------
[2026-07-20 16:58:41.518 +05:30 INF] Serilog.AspNetCore.RequestLoggingMiddleware HTTP OPTIONS /api/HealthRecordApi responded 204 in 0.2799 ms
[2026-07-20 16:58:41.574 +05:30 INF] Serilog.AspNetCore.RequestLoggingMiddleware HTTP POST /api/HealthRecordApi responded 200 in 35.5611 ms
[2026-07-20 16:58:41.589 +05:30 INF] Serilog.AspNetCore.RequestLoggingMiddleware HTTP OPTIONS /api/appointments/22/complete responded 204 in 0.0595 ms
[2026-07-20 16:58:41.654 +05:30 INF] Serilog.AspNetCore.RequestLoggingMiddleware HTTP PUT /api/appointments/22/complete responded 200 in 49.8716 ms
[2026-07-20 16:58:41.671 +05:30 INF] Serilog.AspNetCore.RequestLoggingMiddleware HTTP OPTIONS /api/appointments/doctor/me responded 204 in 0.0760 ms
[2026-07-20 16:58:41.689 +05:30 INF] Serilog.AspNetCore.RequestLoggingMiddleware HTTP GET /api/appointments/doctor/me responded 200 in 6.2985 ms
[2026-07-20 16:58:44.160 +05:30 INF] HealthApp.Api.BackgroundServices.HeartbeatBackgroundService HealthAxis heartbeat running at "2026-07-20T16:58:44.1601929+05:30"------------
[2026-07-20 16:58:46.639 +05:30 INF] Serilog.AspNetCore.RequestLoggingMiddleware HTTP GET /api/appointments/doctor/me responded 200 in 13.1504 ms
[2026-07-20 16:58:54.187 +05:30 INF] HealthApp.Api.BackgroundServices.HeartbeatBackgroundService HealthAxis heartbeat running at "2026-07-20T16:58:54.1875924+05:30"------------
[2026-07-20 16:59:04.197 +05:30 INF] HealthApp.Api.BackgroundServices.HeartbeatBackgroundService HealthAxis heartbeat running at "2026-07-20T16:59:04.1970458+05:30"------------
[2026-07-20 16:59:14.218 +05:30 INF] HealthApp.Api.BackgroundServices.HeartbeatBackgroundService HealthAxis heartbeat running at "2026-07-20T16:59:14.2185577+05:30"------------
[2026-07-20 16:59:24.228 +05:30 INF] HealthApp.Api.BackgroundServices.HeartbeatBackgroundService HealthAxis heartbeat running at "2026-07-20T16:59:24.2288806+05:30"------------
[2026-07-20 16:59:34.238 +05:30 INF] HealthApp.Api.BackgroundServices.HeartbeatBackgroundService HealthAxis heartbeat running at "2026-07-20T16:59:34.2383015+05:30"------------
[2026-07-20 16:59:44.254 +05:30 INF] HealthApp.Api.BackgroundServices.HeartbeatBackgroundService HealthAxis heartbeat running at "2026-07-20T16:59:44.2547944+05:30"------------
[2026-07-20 16:59:44.736 +05:30 INF] Serilog.AspNetCore.RequestLoggingMiddleware HTTP OPTIONS /api/appointments/doctor/me responded 204 in 0.1193 ms
[2026-07-20 16:59:44.737 +05:30 INF] Serilog.AspNetCore.RequestLoggingMiddleware HTTP OPTIONS /api/doctors/me responded 204 in 0.1185 ms
[2026-07-20 16:59:44.737 +05:30 INF] Serilog.AspNetCore.RequestLoggingMiddleware HTTP OPTIONS /api/doctor-leaves/my responded 204 in 0.0728 ms
[2026-07-20 16:59:44.771 +05:30 INF] Serilog.AspNetCore.RequestLoggingMiddleware HTTP GET /api/doctors/me responded 200 in 6.5093 ms
[2026-07-20 16:59:44.786 +05:30 INF] Serilog.AspNetCore.RequestLoggingMiddleware HTTP GET /api/doctor-leaves/my responded 200 in 20.0233 ms
[2026-07-20 16:59:44.788 +05:30 INF] Serilog.AspNetCore.RequestLoggingMiddleware HTTP GET /api/appointments/doctor/me responded 200 in 26.4300 ms
[2026-07-20 16:59:47.782 +05:30 INF] Serilog.AspNetCore.RequestLoggingMiddleware HTTP GET /api/appointments/doctor/me responded 200 in 23.2428 ms
[2026-07-20 16:59:54.261 +05:30 INF] HealthApp.Api.BackgroundServices.HeartbeatBackgroundService HealthAxis heartbeat running at "2026-07-20T16:59:54.2615046+05:30"------------
[2026-07-20 16:59:56.261 +05:30 INF] Serilog.AspNetCore.RequestLoggingMiddleware HTTP OPTIONS /api/appointments/14/confirm responded 204 in 1.2922 ms
[2026-07-20 16:59:56.423 +05:30 INF] Serilog.AspNetCore.RequestLoggingMiddleware HTTP PUT /api/appointments/14/confirm responded 200 in 148.9904 ms
[2026-07-20 16:59:56.437 +05:30 INF] Serilog.AspNetCore.RequestLoggingMiddleware HTTP OPTIONS /api/appointments/doctor/me responded 204 in 0.0501 ms
[2026-07-20 16:59:56.452 +05:30 INF] Serilog.AspNetCore.RequestLoggingMiddleware HTTP GET /api/appointments/doctor/me responded 200 in 6.7472 ms
[2026-07-20 17:00:04.281 +05:30 INF] HealthApp.Api.BackgroundServices.HeartbeatBackgroundService HealthAxis heartbeat running at "2026-07-20T17:00:04.2818356+05:30"------------
[2026-07-20 17:00:14.305 +05:30 INF] HealthApp.Api.BackgroundServices.HeartbeatBackgroundService HealthAxis heartbeat running at "2026-07-20T17:00:14.3055115+05:30"------------
[2026-07-20 17:00:23.170 +05:30 INF] Serilog.AspNetCore.RequestLoggingMiddleware HTTP OPTIONS /api/HealthRecordApi responded 204 in 1.1456 ms
[2026-07-20 17:00:23.230 +05:30 INF] Serilog.AspNetCore.RequestLoggingMiddleware HTTP POST /api/HealthRecordApi responded 200 in 32.6439 ms
[2026-07-20 17:00:23.246 +05:30 INF] Serilog.AspNetCore.RequestLoggingMiddleware HTTP OPTIONS /api/appointments/14/complete responded 204 in 0.1074 ms
[2026-07-20 17:00:23.301 +05:30 INF] Serilog.AspNetCore.RequestLoggingMiddleware HTTP PUT /api/appointments/14/complete responded 200 in 38.6251 ms
[2026-07-20 17:00:23.316 +05:30 INF] Serilog.AspNetCore.RequestLoggingMiddleware HTTP OPTIONS /api/appointments/doctor/me responded 204 in 0.0518 ms
[2026-07-20 17:00:23.350 +05:30 INF] Serilog.AspNetCore.RequestLoggingMiddleware HTTP GET /api/appointments/doctor/me responded 200 in 23.0538 ms
[2026-07-20 17:00:24.332 +05:30 INF] HealthApp.Api.BackgroundServices.HeartbeatBackgroundService HealthAxis heartbeat running at "2026-07-20T17:00:24.3319831+05:30"------------
[2026-07-20 17:00:25.562 +05:30 INF] Serilog.AspNetCore.RequestLoggingMiddleware HTTP OPTIONS /api/doctors/me responded 204 in 0.2355 ms
[2026-07-20 17:00:25.562 +05:30 INF] Serilog.AspNetCore.RequestLoggingMiddleware HTTP OPTIONS /api/doctor-leaves/my responded 204 in 0.0822 ms
[2026-07-20 17:00:25.574 +05:30 INF] Serilog.AspNetCore.RequestLoggingMiddleware HTTP GET /api/appointments/doctor/me responded 200 in 11.6048 ms
[2026-07-20 17:00:25.593 +05:30 INF] Serilog.AspNetCore.RequestLoggingMiddleware HTTP GET /api/doctors/me responded 200 in 3.2096 ms
[2026-07-20 17:00:25.599 +05:30 INF] Serilog.AspNetCore.RequestLoggingMiddleware HTTP GET /api/doctor-leaves/my responded 200 in 7.2363 ms
[2026-07-20 17:00:34.340 +05:30 INF] HealthApp.Api.BackgroundServices.HeartbeatBackgroundService HealthAxis heartbeat running at "2026-07-20T17:00:34.3402343+05:30"------------
[2026-07-20 17:00:44.348 +05:30 INF] HealthApp.Api.BackgroundServices.HeartbeatBackgroundService HealthAxis heartbeat running at "2026-07-20T17:00:44.3483245+05:30"------------
[2026-07-20 17:00:54.362 +05:30 INF] HealthApp.Api.BackgroundServices.HeartbeatBackgroundService HealthAxis heartbeat running at "2026-07-20T17:00:54.3626577+05:30"------------
[2026-07-20 17:01:04.372 +05:30 INF] HealthApp.Api.BackgroundServices.HeartbeatBackgroundService HealthAxis heartbeat running at "2026-07-20T17:01:04.3724692+05:30"------------
[2026-07-20 17:01:14.387 +05:30 INF] HealthApp.Api.BackgroundServices.HeartbeatBackgroundService HealthAxis heartbeat running at "2026-07-20T17:01:14.3877590+05:30"------------
[2026-07-20 17:01:24.414 +05:30 INF] HealthApp.Api.BackgroundServices.HeartbeatBackgroundService HealthAxis heartbeat running at "2026-07-20T17:01:24.4144853+05:30"------------
[2026-07-20 17:01:34.432 +05:30 INF] HealthApp.Api.BackgroundServices.HeartbeatBackgroundService HealthAxis heartbeat running at "2026-07-20T17:01:34.4322878+05:30"------------
[2026-07-20 17:01:44.451 +05:30 INF] HealthApp.Api.BackgroundServices.HeartbeatBackgroundService HealthAxis heartbeat running at "2026-07-20T17:01:44.4517632+05:30"------------
[2026-07-20 17:01:54.469 +05:30 INF] HealthApp.Api.BackgroundServices.HeartbeatBackgroundService HealthAxis heartbeat running at "2026-07-20T17:01:54.4693772+05:30"------------
[2026-07-20 17:02:04.493 +05:30 INF] HealthApp.Api.BackgroundServices.HeartbeatBackgroundService HealthAxis heartbeat running at "2026-07-20T17:02:04.4937432+05:30"------------
[2026-07-20 17:02:14.515 +05:30 INF] HealthApp.Api.BackgroundServices.HeartbeatBackgroundService HealthAxis heartbeat running at "2026-07-20T17:02:14.5155115+05:30"------------
[2026-07-20 17:02:24.538 +05:30 INF] HealthApp.Api.BackgroundServices.HeartbeatBackgroundService HealthAxis heartbeat running at "2026-07-20T17:02:24.5385347+05:30"------------
[2026-07-20 17:02:34.549 +05:30 INF] HealthApp.Api.BackgroundServices.HeartbeatBackgroundService HealthAxis heartbeat running at "2026-07-20T17:02:34.5490754+05:30"------------
[2026-07-20 17:02:44.567 +05:30 INF] HealthApp.Api.BackgroundServices.HeartbeatBackgroundService HealthAxis heartbeat running at "2026-07-20T17:02:44.5672653+05:30"------------
[2026-07-20 17:02:54.591 +05:30 INF] HealthApp.Api.BackgroundServices.HeartbeatBackgroundService HealthAxis heartbeat running at "2026-07-20T17:02:54.5915687+05:30"------------
[2026-07-20 17:03:04.604 +05:30 INF] HealthApp.Api.BackgroundServices.HeartbeatBackgroundService HealthAxis heartbeat running at "2026-07-20T17:03:04.6045463+05:30"------------
[2026-07-20 17:03:14.622 +05:30 INF] HealthApp.Api.BackgroundServices.HeartbeatBackgroundService HealthAxis heartbeat running at "2026-07-20T17:03:14.6228546+05:30"------------
[2026-07-20 17:03:20.668 +05:30 INF] Serilog.AspNetCore.RequestLoggingMiddleware HTTP OPTIONS /api/appointments/doctor/me responded 204 in 0.0510 ms
[2026-07-20 17:03:20.712 +05:30 INF] Serilog.AspNetCore.RequestLoggingMiddleware HTTP GET /api/appointments/doctor/me responded 200 in 29.1486 ms
[2026-07-20 17:03:24.645 +05:30 INF] HealthApp.Api.BackgroundServices.HeartbeatBackgroundService HealthAxis heartbeat running at "2026-07-20T17:03:24.6450360+05:30"------------
[2026-07-20 17:03:34.674 +05:30 INF] HealthApp.Api.BackgroundServices.HeartbeatBackgroundService HealthAxis heartbeat running at "2026-07-20T17:03:34.6746780+05:30"------------
[2026-07-20 17:03:44.686 +05:30 INF] HealthApp.Api.BackgroundServices.HeartbeatBackgroundService HealthAxis heartbeat running at "2026-07-20T17:03:44.6860551+05:30"------------
[2026-07-20 17:03:54.697 +05:30 INF] HealthApp.Api.BackgroundServices.HeartbeatBackgroundService HealthAxis heartbeat running at "2026-07-20T17:03:54.6978760+05:30"------------
[2026-07-20 17:04:04.709 +05:30 INF] HealthApp.Api.BackgroundServices.HeartbeatBackgroundService HealthAxis heartbeat running at "2026-07-20T17:04:04.7094665+05:30"------------
[2026-07-20 17:04:14.727 +05:30 INF] HealthApp.Api.BackgroundServices.HeartbeatBackgroundService HealthAxis heartbeat running at "2026-07-20T17:04:14.7270035+05:30"------------
[2026-07-20 17:04:24.746 +05:30 INF] HealthApp.Api.BackgroundServices.HeartbeatBackgroundService HealthAxis heartbeat running at "2026-07-20T17:04:24.7468827+05:30"------------
[2026-07-20 17:04:34.758 +05:30 INF] HealthApp.Api.BackgroundServices.HeartbeatBackgroundService HealthAxis heartbeat running at "2026-07-20T17:04:34.7581766+05:30"------------
[2026-07-20 17:04:44.776 +05:30 INF] HealthApp.Api.BackgroundServices.HeartbeatBackgroundService HealthAxis heartbeat running at "2026-07-20T17:04:44.7763492+05:30"------------
[2026-07-20 17:04:54.793 +05:30 INF] HealthApp.Api.BackgroundServices.HeartbeatBackgroundService HealthAxis heartbeat running at "2026-07-20T17:04:54.7936101+05:30"------------
[2026-07-20 17:05:04.803 +05:30 INF] HealthApp.Api.BackgroundServices.HeartbeatBackgroundService HealthAxis heartbeat running at "2026-07-20T17:05:04.8037109+05:30"------------
[2026-07-20 17:05:14.827 +05:30 INF] HealthApp.Api.BackgroundServices.HeartbeatBackgroundService HealthAxis heartbeat running at "2026-07-20T17:05:14.8275765+05:30"------------
[2026-07-20 17:05:24.837 +05:30 INF] HealthApp.Api.BackgroundServices.HeartbeatBackgroundService HealthAxis heartbeat running at "2026-07-20T17:05:24.8377533+05:30"------------
[2026-07-20 17:05:34.855 +05:30 INF] HealthApp.Api.BackgroundServices.HeartbeatBackgroundService HealthAxis heartbeat running at "2026-07-20T17:05:34.8555006+05:30"------------
[2026-07-20 17:05:44.869 +05:30 INF] HealthApp.Api.BackgroundServices.HeartbeatBackgroundService HealthAxis heartbeat running at "2026-07-20T17:05:44.8696250+05:30"------------
[2026-07-20 17:05:54.882 +05:30 INF] HealthApp.Api.BackgroundServices.HeartbeatBackgroundService HealthAxis heartbeat running at "2026-07-20T17:05:54.8821885+05:30"------------
[2026-07-20 17:06:04.903 +05:30 INF] HealthApp.Api.BackgroundServices.HeartbeatBackgroundService HealthAxis heartbeat running at "2026-07-20T17:06:04.9035727+05:30"------------
[2026-07-20 17:06:14.921 +05:30 INF] HealthApp.Api.BackgroundServices.HeartbeatBackgroundService HealthAxis heartbeat running at "2026-07-20T17:06:14.9209965+05:30"------------
[2026-07-20 17:06:24.938 +05:30 INF] HealthApp.Api.BackgroundServices.HeartbeatBackgroundService HealthAxis heartbeat running at "2026-07-20T17:06:24.9387285+05:30"------------
[2026-07-20 17:06:34.947 +05:30 INF] HealthApp.Api.BackgroundServices.HeartbeatBackgroundService HealthAxis heartbeat running at "2026-07-20T17:06:34.9473722+05:30"------------
[2026-07-20 17:06:44.959 +05:30 INF] HealthApp.Api.BackgroundServices.HeartbeatBackgroundService HealthAxis heartbeat running at "2026-07-20T17:06:44.9598086+05:30"------------
[2026-07-20 17:06:54.982 +05:30 INF] HealthApp.Api.BackgroundServices.HeartbeatBackgroundService HealthAxis heartbeat running at "2026-07-20T17:06:54.9826391+05:30"------------
[2026-07-20 17:07:04.999 +05:30 INF] HealthApp.Api.BackgroundServices.HeartbeatBackgroundService HealthAxis heartbeat running at "2026-07-20T17:07:04.9993744+05:30"------------
[2026-07-20 17:07:15.020 +05:30 INF] HealthApp.Api.BackgroundServices.HeartbeatBackgroundService HealthAxis heartbeat running at "2026-07-20T17:07:15.0201818+05:30"------------
[2026-07-20 17:07:25.040 +05:30 INF] HealthApp.Api.BackgroundServices.HeartbeatBackgroundService HealthAxis heartbeat running at "2026-07-20T17:07:25.0406712+05:30"------------
[2026-07-20 17:07:35.060 +05:30 INF] HealthApp.Api.BackgroundServices.HeartbeatBackgroundService HealthAxis heartbeat running at "2026-07-20T17:07:35.0603296+05:30"------------
[2026-07-20 17:07:45.084 +05:30 INF] HealthApp.Api.BackgroundServices.HeartbeatBackgroundService HealthAxis heartbeat running at "2026-07-20T17:07:45.0841204+05:30"------------
[2026-07-20 17:07:55.103 +05:30 INF] HealthApp.Api.BackgroundServices.HeartbeatBackgroundService HealthAxis heartbeat running at "2026-07-20T17:07:55.1033172+05:30"------------
[2026-07-20 17:08:05.118 +05:30 INF] HealthApp.Api.BackgroundServices.HeartbeatBackgroundService HealthAxis heartbeat running at "2026-07-20T17:08:05.1189020+05:30"------------
[2026-07-20 17:08:15.131 +05:30 INF] HealthApp.Api.BackgroundServices.HeartbeatBackgroundService HealthAxis heartbeat running at "2026-07-20T17:08:15.1310641+05:30"------------
[2026-07-20 17:08:25.150 +05:30 INF] HealthApp.Api.BackgroundServices.HeartbeatBackgroundService HealthAxis heartbeat running at "2026-07-20T17:08:25.1500301+05:30"------------
[2026-07-20 17:08:35.161 +05:30 INF] HealthApp.Api.BackgroundServices.HeartbeatBackgroundService HealthAxis heartbeat running at "2026-07-20T17:08:35.1615728+05:30"------------
[2026-07-20 17:08:45.181 +05:30 INF] HealthApp.Api.BackgroundServices.HeartbeatBackgroundService HealthAxis heartbeat running at "2026-07-20T17:08:45.1814934+05:30"------------
[2026-07-20 17:08:55.199 +05:30 INF] HealthApp.Api.BackgroundServices.HeartbeatBackgroundService HealthAxis heartbeat running at "2026-07-20T17:08:55.1997795+05:30"------------
[2026-07-20 17:09:05.217 +05:30 INF] HealthApp.Api.BackgroundServices.HeartbeatBackgroundService HealthAxis heartbeat running at "2026-07-20T17:09:05.2179334+05:30"------------
[2026-07-20 17:09:15.234 +05:30 INF] HealthApp.Api.BackgroundServices.HeartbeatBackgroundService HealthAxis heartbeat running at "2026-07-20T17:09:15.2345353+05:30"------------
