2026-07-10 00:22:32.009 +05:30 [INF] Configured endpoint appointment.events.queue, Consumer: HealthAxis.API.Consumers.AppointmentBookedConsumer
2026-07-10 00:22:32.275 +05:30 [INF] HeartbeatService started.
2026-07-10 00:22:32.278 +05:30 [INF] NotificationCleanupService started.
2026-07-10 00:22:32.280 +05:30 [INF] HealthAxis API heartbeat running at "2026-07-10T00:22:32.2788761+05:30"
2026-07-10 00:22:32.421 +05:30 [INF] No old notifications found for cleanup.
2026-07-10 00:22:32.692 +05:30 [INF] Now listening on: https://localhost:7130
2026-07-10 00:22:32.699 +05:30 [INF] Now listening on: http://localhost:5145
2026-07-10 00:22:32.748 +05:30 [INF] Bus started: "rabbitmq://localhost/"
2026-07-10 00:22:32.778 +05:30 [INF] Application started. Press Ctrl+C to shut down.
2026-07-10 00:22:32.781 +05:30 [INF] Hosting environment: Development
2026-07-10 00:22:32.785 +05:30 [INF] Content root path: C:\Users\310481\source\repos\UST-Live-01\Healthcare.netcore\Healthcare.netcore
2026-07-10 00:22:40.672 +05:30 [INF] HTTP OPTIONS /api/auth/login responded 204 in 12.4171 ms
2026-07-10 00:22:42.258 +05:30 [INF] HTTP POST /api/auth/login responded 200 in 1537.6434 ms
2026-07-10 00:22:42.292 +05:30 [INF] HealthAxis API heartbeat running at "2026-07-10T00:22:42.2918906+05:30"
2026-07-10 00:22:42.297 +05:30 [INF] HTTP OPTIONS /api/patients/me responded 204 in 1.5766 ms
2026-07-10 00:22:42.304 +05:30 [INF] HTTP OPTIONS /api/patients/me responded 204 in 0.2375 ms
2026-07-10 00:22:43.072 +05:30 [WRN] You do not have a valid license key for the Lucky Penny software AutoMapper. This is allowed for development and testing scenarios. If you are running in production you are required to have a licensed version. Please visit https://luckypennysoftware.com to obtain a valid license.
2026-07-10 00:22:43.262 +05:30 [INF] HTTP GET /api/patients/me responded 200 in 951.3737 ms
2026-07-10 00:22:43.294 +05:30 [INF] HTTP GET /api/patients/me responded 200 in 27.4490 ms
2026-07-10 00:22:43.306 +05:30 [INF] HTTP OPTIONS /api/doctors responded 204 in 0.0928 ms
2026-07-10 00:22:43.307 +05:30 [INF] HTTP OPTIONS /api/patients/1006/health-records responded 204 in 0.0731 ms
2026-07-10 00:22:43.307 +05:30 [INF] HTTP OPTIONS /api/appointments responded 204 in 0.1584 ms
2026-07-10 00:22:43.559 +05:30 [INF] HTTP GET /api/appointments responded 200 in 230.2613 ms
2026-07-10 00:22:43.594 +05:30 [INF] HTTP GET /api/patients/1006/health-records responded 200 in 271.0773 ms
2026-07-10 00:22:44.416 +05:30 [INF] HTTP GET /api/doctors responded 200 in 1096.7985 ms
2026-07-10 00:22:47.580 +05:30 [INF] HTTP OPTIONS /api/doctors responded 204 in 0.3140 ms
2026-07-10 00:22:47.622 +05:30 [INF] HTTP GET /api/doctors responded 200 in 30.3469 ms
2026-07-10 00:22:50.476 +05:30 [INF] HTTP OPTIONS /api/doctors responded 204 in 0.1199 ms
2026-07-10 00:22:50.571 +05:30 [INF] HTTP GET /api/doctors responded 200 in 84.3241 ms
2026-07-10 00:22:52.305 +05:30 [INF] HealthAxis API heartbeat running at "2026-07-10T00:22:52.3050903+05:30"
2026-07-10 00:22:53.741 +05:30 [INF] HTTP OPTIONS /api/doctors responded 204 in 0.6111 ms
2026-07-10 00:22:53.772 +05:30 [INF] HTTP GET /api/doctors responded 200 in 13.8392 ms
2026-07-10 00:22:56.453 +05:30 [INF] HTTP OPTIONS /api/doctors responded 204 in 0.2325 ms
2026-07-10 00:22:56.478 +05:30 [INF] HTTP GET /api/doctors responded 200 in 12.8503 ms
2026-07-10 00:23:01.023 +05:30 [INF] HTTP OPTIONS /api/doctors responded 204 in 0.1493 ms
2026-07-10 00:23:01.056 +05:30 [INF] HTTP GET /api/doctors responded 200 in 13.2353 ms
2026-07-10 00:23:02.313 +05:30 [INF] HealthAxis API heartbeat running at "2026-07-10T00:23:02.3135098+05:30"
2026-07-10 00:23:06.259 +05:30 [INF] HTTP OPTIONS /api/appointments responded 204 in 0.2551 ms
2026-07-10 00:23:06.260 +05:30 [INF] HTTP OPTIONS /api/doctors responded 204 in 0.1302 ms
2026-07-10 00:23:06.261 +05:30 [INF] HTTP OPTIONS /api/health-records/patient/1006 responded 204 in 0.1034 ms
2026-07-10 00:23:06.291 +05:30 [INF] HTTP GET /api/appointments responded 200 in 15.1419 ms
2026-07-10 00:23:06.297 +05:30 [INF] HTTP GET /api/doctors responded 200 in 7.2334 ms
2026-07-10 00:23:06.370 +05:30 [INF] HTTP GET /api/health-records/patient/1006 responded 200 in 75.5253 ms
2026-07-10 00:23:11.357 +05:30 [INF] HTTP OPTIONS /api/health-records/patient/1006 responded 204 in 0.1936 ms
2026-07-10 00:23:11.357 +05:30 [INF] HTTP OPTIONS /api/doctors responded 204 in 0.2078 ms
2026-07-10 00:23:11.385 +05:30 [INF] HTTP GET /api/health-records/patient/1006 responded 200 in 17.4285 ms
2026-07-10 00:23:11.390 +05:30 [INF] HTTP GET /api/doctors responded 200 in 15.3640 ms
2026-07-10 00:23:12.318 +05:30 [INF] HealthAxis API heartbeat running at "2026-07-10T00:23:12.3187031+05:30"
2026-07-10 00:23:15.737 +05:30 [INF] HTTP OPTIONS /api/doctors responded 204 in 0.2510 ms
2026-07-10 00:23:15.768 +05:30 [INF] HTTP GET /api/doctors responded 200 in 13.2340 ms
2026-07-10 00:23:21.550 +05:30 [INF] HTTP OPTIONS /api/doctors responded 204 in 0.1461 ms
2026-07-10 00:23:21.573 +05:30 [INF] HTTP GET /api/doctors responded 200 in 10.7191 ms
2026-07-10 00:23:22.332 +05:30 [INF] HealthAxis API heartbeat running at "2026-07-10T00:23:22.3325109+05:30"
2026-07-10 00:23:32.349 +05:30 [INF] HealthAxis API heartbeat running at "2026-07-10T00:23:32.3495943+05:30"
2026-07-10 00:23:42.368 +05:30 [INF] HealthAxis API heartbeat running at "2026-07-10T00:23:42.3687502+05:30"
2026-07-10 00:23:52.382 +05:30 [INF] HealthAxis API heartbeat running at "2026-07-10T00:23:52.3827439+05:30"
2026-07-10 00:24:02.395 +05:30 [INF] HealthAxis API heartbeat running at "2026-07-10T00:24:02.3955750+05:30"
2026-07-10 00:24:12.402 +05:30 [INF] HealthAxis API heartbeat running at "2026-07-10T00:24:12.4016456+05:30"
2026-07-10 00:24:22.419 +05:30 [INF] HealthAxis API heartbeat running at "2026-07-10T00:24:22.4192957+05:30"
2026-07-10 00:24:32.430 +05:30 [INF] HealthAxis API heartbeat running at "2026-07-10T00:24:32.4304056+05:30"
2026-07-10 00:24:42.436 +05:30 [INF] HealthAxis API heartbeat running at "2026-07-10T00:24:42.4364171+05:30"
2026-07-10 00:24:52.446 +05:30 [INF] HealthAxis API heartbeat running at "2026-07-10T00:24:52.4455005+05:30"
2026-07-10 00:25:02.469 +05:30 [INF] HealthAxis API heartbeat running at "2026-07-10T00:25:02.4689013+05:30"
2026-07-10 00:25:12.478 +05:30 [INF] HealthAxis API heartbeat running at "2026-07-10T00:25:12.4781922+05:30"
2026-07-10 00:25:22.485 +05:30 [INF] HealthAxis API heartbeat running at "2026-07-10T00:25:22.4859322+05:30"
2026-07-10 00:25:32.489 +05:30 [INF] HealthAxis API heartbeat running at "2026-07-10T00:25:32.4897040+05:30"
2026-07-10 00:25:42.494 +05:30 [INF] HealthAxis API heartbeat running at "2026-07-10T00:25:42.4948308+05:30"
2026-07-10 00:25:52.512 +05:30 [INF] HealthAxis API heartbeat running at "2026-07-10T00:25:52.5109783+05:30"
2026-07-10 00:26:02.519 +05:30 [INF] HealthAxis API heartbeat running at "2026-07-10T00:26:02.5192712+05:30"
2026-07-10 00:26:12.533 +05:30 [INF] HealthAxis API heartbeat running at "2026-07-10T00:26:12.5338781+05:30"
2026-07-10 00:26:22.544 +05:30 [INF] HealthAxis API heartbeat running at "2026-07-10T00:26:22.5439456+05:30"
2026-07-10 00:26:32.556 +05:30 [INF] HealthAxis API heartbeat running at "2026-07-10T00:26:32.5563971+05:30"
2026-07-10 00:26:42.574 +05:30 [INF] HealthAxis API heartbeat running at "2026-07-10T00:26:42.5740448+05:30"
2026-07-10 00:26:52.591 +05:30 [INF] HealthAxis API heartbeat running at "2026-07-10T00:26:52.5915572+05:30"
2026-07-10 00:27:02.601 +05:30 [INF] HealthAxis API heartbeat running at "2026-07-10T00:27:02.6017647+05:30"
2026-07-10 00:27:12.608 +05:30 [INF] HealthAxis API heartbeat running at "2026-07-10T00:27:12.6082406+05:30"
2026-07-10 00:27:22.624 +05:30 [INF] HealthAxis API heartbeat running at "2026-07-10T00:27:22.6248041+05:30"
2026-07-10 00:27:32.635 +05:30 [INF] HealthAxis API heartbeat running at "2026-07-10T00:27:32.6336124+05:30"
2026-07-10 00:27:42.654 +05:30 [INF] HealthAxis API heartbeat running at "2026-07-10T00:27:42.6544731+05:30"
2026-07-10 00:27:52.673 +05:30 [INF] HealthAxis API heartbeat running at "2026-07-10T00:27:52.6730260+05:30"
2026-07-10 00:28:02.676 +05:30 [INF] HealthAxis API heartbeat running at "2026-07-10T00:28:02.6766195+05:30"
2026-07-10 00:28:12.683 +05:30 [INF] HealthAxis API heartbeat running at "2026-07-10T00:28:12.6838574+05:30"
2026-07-10 00:28:22.699 +05:30 [INF] HealthAxis API heartbeat running at "2026-07-10T00:28:22.6993596+05:30"
2026-07-10 00:28:32.704 +05:30 [INF] HealthAxis API heartbeat running at "2026-07-10T00:28:32.7047117+05:30"
2026-07-10 00:28:42.709 +05:30 [INF] HealthAxis API heartbeat running at "2026-07-10T00:28:42.7097078+05:30"
2026-07-10 00:28:52.721 +05:30 [INF] HealthAxis API heartbeat running at "2026-07-10T00:28:52.7216967+05:30"
2026-07-10 00:29:02.731 +05:30 [INF] HealthAxis API heartbeat running at "2026-07-10T00:29:02.7309734+05:30"
2026-07-10 00:29:12.744 +05:30 [INF] HealthAxis API heartbeat running at "2026-07-10T00:29:12.7439925+05:30"
2026-07-10 00:29:22.760 +05:30 [INF] HealthAxis API heartbeat running at "2026-07-10T00:29:22.7599997+05:30"
2026-07-10 00:29:32.764 +05:30 [INF] HealthAxis API heartbeat running at "2026-07-10T00:29:32.7640367+05:30"
2026-07-10 00:29:42.768 +05:30 [INF] HealthAxis API heartbeat running at "2026-07-10T00:29:42.7682972+05:30"
2026-07-10 00:29:52.787 +05:30 [INF] HealthAxis API heartbeat running at "2026-07-10T00:29:52.7869700+05:30"
2026-07-10 00:30:02.806 +05:30 [INF] HealthAxis API heartbeat running at "2026-07-10T00:30:02.8062816+05:30"
2026-07-10 00:30:12.812 +05:30 [INF] HealthAxis API heartbeat running at "2026-07-10T00:30:12.8127074+05:30"
2026-07-10 00:30:22.826 +05:30 [INF] HealthAxis API heartbeat running at "2026-07-10T00:30:22.8263782+05:30"
2026-07-10 00:30:32.840 +05:30 [INF] HealthAxis API heartbeat running at "2026-07-10T00:30:32.8406489+05:30"
2026-07-10 00:30:42.849 +05:30 [INF] HealthAxis API heartbeat running at "2026-07-10T00:30:42.8495110+05:30"
2026-07-10 00:30:52.862 +05:30 [INF] HealthAxis API heartbeat running at "2026-07-10T00:30:52.8626325+05:30"
2026-07-10 00:31:02.876 +05:30 [INF] HealthAxis API heartbeat running at "2026-07-10T00:31:02.8762363+05:30"
2026-07-10 00:31:12.883 +05:30 [INF] HealthAxis API heartbeat running at "2026-07-10T00:31:12.8828228+05:30"
2026-07-10 00:31:22.768 +05:30 [INF] HTTP OPTIONS /api/patients/me responded 204 in 0.1580 ms
2026-07-10 00:31:22.768 +05:30 [INF] HTTP OPTIONS /api/doctors responded 204 in 0.0182 ms
2026-07-10 00:31:22.827 +05:30 [INF] HTTP OPTIONS /api/patients/me responded 204 in 0.1564 ms
2026-07-10 00:31:22.840 +05:30 [INF] HTTP OPTIONS /api/doctors responded 204 in 0.2192 ms
2026-07-10 00:31:22.892 +05:30 [INF] HealthAxis API heartbeat running at "2026-07-10T00:31:22.8925162+05:30"
2026-07-10 00:31:23.620 +05:30 [INF] HTTP GET /api/patients/me responded 200 in 766.0733 ms
2026-07-10 00:31:23.633 +05:30 [INF] HTTP GET /api/patients/me responded 200 in 7.5951 ms
2026-07-10 00:31:24.252 +05:30 [INF] HTTP GET /api/doctors responded 200 in 1394.9569 ms
2026-07-10 00:31:24.269 +05:30 [INF] HTTP GET /api/doctors responded 200 in 11.2620 ms
2026-07-10 00:31:32.919 +05:30 [INF] HealthAxis API heartbeat running at "2026-07-10T00:31:32.9197555+05:30"
2026-07-10 00:31:42.922 +05:30 [INF] HealthAxis API heartbeat running at "2026-07-10T00:31:42.9212296+05:30"
2026-07-10 00:31:52.938 +05:30 [INF] HealthAxis API heartbeat running at "2026-07-10T00:31:52.9379128+05:30"
2026-07-10 00:32:02.957 +05:30 [INF] HealthAxis API heartbeat running at "2026-07-10T00:32:02.9577263+05:30"
2026-07-10 00:32:12.972 +05:30 [INF] HealthAxis API heartbeat running at "2026-07-10T00:32:12.9721897+05:30"
2026-07-10 00:32:22.982 +05:30 [INF] HealthAxis API heartbeat running at "2026-07-10T00:32:22.9823362+05:30"
2026-07-10 00:32:32.997 +05:30 [INF] HealthAxis API heartbeat running at "2026-07-10T00:32:32.9973610+05:30"
2026-07-10 00:32:43.011 +05:30 [INF] HealthAxis API heartbeat running at "2026-07-10T00:32:43.0109978+05:30"
2026-07-10 00:32:53.019 +05:30 [INF] HealthAxis API heartbeat running at "2026-07-10T00:32:53.0198092+05:30"
2026-07-10 00:33:03.035 +05:30 [INF] HealthAxis API heartbeat running at "2026-07-10T00:33:03.0357004+05:30"
2026-07-10 00:33:13.051 +05:30 [INF] HealthAxis API heartbeat running at "2026-07-10T00:33:13.0510585+05:30"
2026-07-10 00:33:23.057 +05:30 [INF] HealthAxis API heartbeat running at "2026-07-10T00:33:23.0577738+05:30"
2026-07-10 00:33:33.074 +05:30 [INF] HealthAxis API heartbeat running at "2026-07-10T00:33:33.0748218+05:30"
2026-07-10 00:33:43.091 +05:30 [INF] HealthAxis API heartbeat running at "2026-07-10T00:33:43.0911977+05:30"
2026-07-10 00:33:53.104 +05:30 [INF] HealthAxis API heartbeat running at "2026-07-10T00:33:53.1041720+05:30"
2026-07-10 00:34:03.111 +05:30 [INF] HealthAxis API heartbeat running at "2026-07-10T00:34:03.1116041+05:30"
2026-07-10 00:34:13.129 +05:30 [INF] HealthAxis API heartbeat running at "2026-07-10T00:34:13.1296547+05:30"
2026-07-10 00:34:23.140 +05:30 [INF] HealthAxis API heartbeat running at "2026-07-10T00:34:23.1405901+05:30"
2026-07-10 00:34:33.149 +05:30 [INF] HealthAxis API heartbeat running at "2026-07-10T00:34:33.1491312+05:30"
2026-07-10 00:34:43.161 +05:30 [INF] HealthAxis API heartbeat running at "2026-07-10T00:34:43.1614952+05:30"
2026-07-10 00:34:53.183 +05:30 [INF] HealthAxis API heartbeat running at "2026-07-10T00:34:53.1838369+05:30"
2026-07-10 00:35:03.192 +05:30 [INF] HealthAxis API heartbeat running at "2026-07-10T00:35:03.1924531+05:30"
2026-07-10 00:35:13.210 +05:30 [INF] HealthAxis API heartbeat running at "2026-07-10T00:35:13.2108668+05:30"
2026-07-10 00:35:23.222 +05:30 [INF] HealthAxis API heartbeat running at "2026-07-10T00:35:23.2224613+05:30"
2026-07-10 00:35:33.241 +05:30 [INF] HealthAxis API heartbeat running at "2026-07-10T00:35:33.2417310+05:30"
2026-07-10 00:35:43.249 +05:30 [INF] HealthAxis API heartbeat running at "2026-07-10T00:35:43.2497096+05:30"
2026-07-10 00:35:53.262 +05:30 [INF] HealthAxis API heartbeat running at "2026-07-10T00:35:53.2624828+05:30"
2026-07-10 00:36:03.287 +05:30 [INF] HealthAxis API heartbeat running at "2026-07-10T00:36:03.2873586+05:30"
2026-07-10 00:36:13.301 +05:30 [INF] HealthAxis API heartbeat running at "2026-07-10T00:36:13.3013905+05:30"
2026-07-10 00:36:23.307 +05:30 [INF] HealthAxis API heartbeat running at "2026-07-10T00:36:23.3078501+05:30"
2026-07-10 00:36:33.319 +05:30 [INF] HealthAxis API heartbeat running at "2026-07-10T00:36:33.3194383+05:30"
2026-07-10 00:36:43.326 +05:30 [INF] HealthAxis API heartbeat running at "2026-07-10T00:36:43.3263245+05:30"
2026-07-10 00:36:53.337 +05:30 [INF] HealthAxis API heartbeat running at "2026-07-10T00:36:53.3376600+05:30"
2026-07-10 00:37:03.349 +05:30 [INF] HealthAxis API heartbeat running at "2026-07-10T00:37:03.3493998+05:30"
2026-07-10 00:37:13.364 +05:30 [INF] HealthAxis API heartbeat running at "2026-07-10T00:37:13.3643531+05:30"
2026-07-10 00:37:23.376 +05:30 [INF] HealthAxis API heartbeat running at "2026-07-10T00:37:23.3766866+05:30"
2026-07-10 00:37:33.396 +05:30 [INF] HealthAxis API heartbeat running at "2026-07-10T00:37:33.3969320+05:30"
2026-07-10 00:37:43.413 +05:30 [INF] HealthAxis API heartbeat running at "2026-07-10T00:37:43.4132721+05:30"
2026-07-10 00:37:53.429 +05:30 [INF] HealthAxis API heartbeat running at "2026-07-10T00:37:53.4291856+05:30"
2026-07-10 00:38:03.435 +05:30 [INF] HealthAxis API heartbeat running at "2026-07-10T00:38:03.4354159+05:30"
2026-07-10 00:38:13.449 +05:30 [INF] HealthAxis API heartbeat running at "2026-07-10T00:38:13.4492786+05:30"
2026-07-10 00:38:23.459 +05:30 [INF] HealthAxis API heartbeat running at "2026-07-10T00:38:23.4599260+05:30"
2026-07-10 00:38:33.466 +05:30 [INF] HealthAxis API heartbeat running at "2026-07-10T00:38:33.4669085+05:30"
2026-07-10 00:38:43.479 +05:30 [INF] HealthAxis API heartbeat running at "2026-07-10T00:38:43.4791644+05:30"
2026-07-10 00:38:53.487 +05:30 [INF] HealthAxis API heartbeat running at "2026-07-10T00:38:53.4876343+05:30"
2026-07-10 00:39:03.503 +05:30 [INF] HealthAxis API heartbeat running at "2026-07-10T00:39:03.5035245+05:30"
2026-07-10 00:39:13.507 +05:30 [INF] HealthAxis API heartbeat running at "2026-07-10T00:39:13.5073993+05:30"
2026-07-10 00:39:23.522 +05:30 [INF] HealthAxis API heartbeat running at "2026-07-10T00:39:23.5229094+05:30"
2026-07-10 00:39:33.542 +05:30 [INF] HealthAxis API heartbeat running at "2026-07-10T00:39:33.5419796+05:30"
2026-07-10 00:39:43.548 +05:30 [INF] HealthAxis API heartbeat running at "2026-07-10T00:39:43.5482306+05:30"
2026-07-10 00:39:53.561 +05:30 [INF] HealthAxis API heartbeat running at "2026-07-10T00:39:53.5619648+05:30"
2026-07-10 00:40:03.578 +05:30 [INF] HealthAxis API heartbeat running at "2026-07-10T00:40:03.5784549+05:30"
2026-07-10 00:40:13.586 +05:30 [INF] HealthAxis API heartbeat running at "2026-07-10T00:40:13.5859896+05:30"
2026-07-10 00:40:23.595 +05:30 [INF] HealthAxis API heartbeat running at "2026-07-10T00:40:23.5958957+05:30"
2026-07-10 00:40:33.607 +05:30 [INF] HealthAxis API heartbeat running at "2026-07-10T00:40:33.6069956+05:30"
2026-07-10 00:40:43.623 +05:30 [INF] HealthAxis API heartbeat running at "2026-07-10T00:40:43.6239721+05:30"
2026-07-10 00:40:53.642 +05:30 [INF] HealthAxis API heartbeat running at "2026-07-10T00:40:53.6422850+05:30"
2026-07-10 00:41:03.651 +05:30 [INF] HealthAxis API heartbeat running at "2026-07-10T00:41:03.6510301+05:30"
2026-07-10 00:41:13.662 +05:30 [INF] HealthAxis API heartbeat running at "2026-07-10T00:41:13.6624243+05:30"
2026-07-10 00:41:23.671 +05:30 [INF] HealthAxis API heartbeat running at "2026-07-10T00:41:23.6719052+05:30"
2026-07-10 00:41:33.676 +05:30 [INF] HealthAxis API heartbeat running at "2026-07-10T00:41:33.6761632+05:30"
2026-07-10 00:41:43.685 +05:30 [INF] HealthAxis API heartbeat running at "2026-07-10T00:41:43.6854665+05:30"
2026-07-10 00:41:53.700 +05:30 [INF] HealthAxis API heartbeat running at "2026-07-10T00:41:53.7007396+05:30"
2026-07-10 00:42:03.706 +05:30 [INF] HealthAxis API heartbeat running at "2026-07-10T00:42:03.7063175+05:30"
2026-07-10 00:42:13.711 +05:30 [INF] HealthAxis API heartbeat running at "2026-07-10T00:42:13.7113937+05:30"
2026-07-10 00:42:23.724 +05:30 [INF] HealthAxis API heartbeat running at "2026-07-10T00:42:23.7243982+05:30"
2026-07-10 00:42:33.740 +05:30 [INF] HealthAxis API heartbeat running at "2026-07-10T00:42:33.7407803+05:30"
2026-07-10 00:42:43.759 +05:30 [INF] HealthAxis API heartbeat running at "2026-07-10T00:42:43.7597262+05:30"
2026-07-10 00:42:53.763 +05:30 [INF] HealthAxis API heartbeat running at "2026-07-10T00:42:53.7639522+05:30"
2026-07-10 00:43:03.779 +05:30 [INF] HealthAxis API heartbeat running at "2026-07-10T00:43:03.7789731+05:30"
2026-07-10 00:43:13.795 +05:30 [INF] HealthAxis API heartbeat running at "2026-07-10T00:43:13.7953225+05:30"
2026-07-10 00:43:23.800 +05:30 [INF] HealthAxis API heartbeat running at "2026-07-10T00:43:23.8007333+05:30"
2026-07-10 00:43:33.817 +05:30 [INF] HealthAxis API heartbeat running at "2026-07-10T00:43:33.8178292+05:30"
2026-07-10 00:43:43.823 +05:30 [INF] HealthAxis API heartbeat running at "2026-07-10T00:43:43.8235499+05:30"
2026-07-10 00:43:53.835 +05:30 [INF] HealthAxis API heartbeat running at "2026-07-10T00:43:53.8350884+05:30"
2026-07-10 00:44:03.846 +05:30 [INF] HealthAxis API heartbeat running at "2026-07-10T00:44:03.8458944+05:30"
2026-07-10 00:44:13.849 +05:30 [INF] HealthAxis API heartbeat running at "2026-07-10T00:44:13.8497277+05:30"
2026-07-10 00:44:23.864 +05:30 [INF] HealthAxis API heartbeat running at "2026-07-10T00:44:23.8646266+05:30"
2026-07-10 00:44:33.880 +05:30 [INF] HealthAxis API heartbeat running at "2026-07-10T00:44:33.8807162+05:30"
2026-07-10 00:44:43.886 +05:30 [INF] HealthAxis API heartbeat running at "2026-07-10T00:44:43.8864729+05:30"
2026-07-10 00:44:53.897 +05:30 [INF] HealthAxis API heartbeat running at "2026-07-10T00:44:53.8972886+05:30"
2026-07-10 00:45:03.908 +05:30 [INF] HealthAxis API heartbeat running at "2026-07-10T00:45:03.9084674+05:30"
2026-07-10 00:45:13.918 +05:30 [INF] HealthAxis API heartbeat running at "2026-07-10T00:45:13.9188658+05:30"
2026-07-10 00:45:23.924 +05:30 [INF] HealthAxis API heartbeat running at "2026-07-10T00:45:23.9240611+05:30"
2026-07-10 00:45:33.938 +05:30 [INF] HealthAxis API heartbeat running at "2026-07-10T00:45:33.9382734+05:30"
2026-07-10 00:45:43.946 +05:30 [INF] HealthAxis API heartbeat running at "2026-07-10T00:45:43.9464099+05:30"
2026-07-10 00:45:53.955 +05:30 [INF] HealthAxis API heartbeat running at "2026-07-10T00:45:53.9553441+05:30"
2026-07-10 00:46:03.959 +05:30 [INF] HealthAxis API heartbeat running at "2026-07-10T00:46:03.9592881+05:30"
2026-07-10 00:46:13.977 +05:30 [INF] HealthAxis API heartbeat running at "2026-07-10T00:46:13.9772375+05:30"
2026-07-10 00:46:23.990 +05:30 [INF] HealthAxis API heartbeat running at "2026-07-10T00:46:23.9901558+05:30"
2026-07-10 00:46:33.997 +05:30 [INF] HealthAxis API heartbeat running at "2026-07-10T00:46:33.9978333+05:30"
2026-07-10 00:46:44.005 +05:30 [INF] HealthAxis API heartbeat running at "2026-07-10T00:46:44.0057751+05:30"
2026-07-10 00:46:54.013 +05:30 [INF] HealthAxis API heartbeat running at "2026-07-10T00:46:54.0135747+05:30"
2026-07-10 00:47:04.025 +05:30 [INF] HealthAxis API heartbeat running at "2026-07-10T00:47:04.0251281+05:30"
2026-07-10 00:47:14.036 +05:30 [INF] HealthAxis API heartbeat running at "2026-07-10T00:47:14.0366737+05:30"
2026-07-10 00:47:24.049 +05:30 [INF] HealthAxis API heartbeat running at "2026-07-10T00:47:24.0489957+05:30"
2026-07-10 00:47:33.975 +05:30 [INF] HTTP OPTIONS /api/patients/me responded 204 in 0.1815 ms
2026-07-10 00:47:33.977 +05:30 [INF] HTTP OPTIONS /api/doctors responded 204 in 0.0888 ms
2026-07-10 00:47:34.027 +05:30 [INF] HTTP OPTIONS /api/doctors responded 204 in 0.0844 ms
2026-07-10 00:47:34.045 +05:30 [INF] HTTP GET /api/doctors responded 401 in 13.2569 ms
2026-07-10 00:47:34.045 +05:30 [INF] HTTP GET /api/patients/me responded 401 in 33.3680 ms
2026-07-10 00:47:34.057 +05:30 [INF] HealthAxis API heartbeat running at "2026-07-10T00:47:34.0573483+05:30"
2026-07-10 00:47:34.060 +05:30 [INF] HTTP GET /api/doctors responded 401 in 2.0883 ms
2026-07-10 00:47:34.066 +05:30 [INF] HTTP GET /api/patients/me responded 401 in 0.7743 ms
2026-07-10 00:47:44.074 +05:30 [INF] HealthAxis API heartbeat running at "2026-07-10T00:47:44.0742181+05:30"
2026-07-10 00:47:54.085 +05:30 [INF] HealthAxis API heartbeat running at "2026-07-10T00:47:54.0850230+05:30"
2026-07-10 00:48:01.205 +05:30 [INF] HTTP OPTIONS /api/doctors responded 204 in 0.0685 ms
2026-07-10 00:48:01.216 +05:30 [INF] HTTP GET /api/doctors responded 401 in 1.4368 ms
2026-07-10 00:48:04.100 +05:30 [INF] HealthAxis API heartbeat running at "2026-07-10T00:48:04.1002801+05:30"
2026-07-10 00:48:14.117 +05:30 [INF] HealthAxis API heartbeat running at "2026-07-10T00:48:14.1173855+05:30"
2026-07-10 00:48:23.660 +05:30 [INF] HTTP OPTIONS /api/auth/login responded 204 in 0.1238 ms
2026-07-10 00:48:24.135 +05:30 [INF] HealthAxis API heartbeat running at "2026-07-10T00:48:24.1358641+05:30"
2026-07-10 00:48:24.516 +05:30 [INF] HTTP POST /api/auth/login responded 200 in 843.9090 ms
2026-07-10 00:48:24.533 +05:30 [INF] HTTP OPTIONS /api/patients/me responded 204 in 0.0887 ms
2026-07-10 00:48:24.539 +05:30 [INF] HTTP OPTIONS /api/patients/me responded 204 in 0.0733 ms
2026-07-10 00:48:24.554 +05:30 [INF] HTTP GET /api/patients/me responded 200 in 11.0930 ms
2026-07-10 00:48:24.561 +05:30 [INF] HTTP GET /api/patients/me responded 200 in 4.5544 ms
2026-07-10 00:48:24.569 +05:30 [INF] HTTP OPTIONS /api/doctors responded 204 in 0.0763 ms
2026-07-10 00:48:24.571 +05:30 [INF] HTTP OPTIONS /api/appointments responded 204 in 0.0694 ms
2026-07-10 00:48:24.571 +05:30 [INF] HTTP OPTIONS /api/patients/1006/health-records responded 204 in 0.0555 ms
2026-07-10 00:48:24.612 +05:30 [INF] HTTP GET /api/doctors responded 200 in 34.3052 ms
2026-07-10 00:48:25.185 +05:30 [INF] HTTP GET /api/appointments responded 200 in 603.4932 ms
2026-07-10 00:48:25.195 +05:30 [INF] HTTP GET /api/patients/1006/health-records responded 200 in 606.5042 ms
2026-07-10 00:48:27.023 +05:30 [INF] HTTP OPTIONS /api/doctors responded 204 in 0.0772 ms
2026-07-10 00:48:27.048 +05:30 [INF] HTTP GET /api/doctors responded 200 in 11.2099 ms
2026-07-10 00:48:31.673 +05:30 [INF] HTTP OPTIONS /api/doctors responded 204 in 0.0518 ms
2026-07-10 00:48:31.690 +05:30 [INF] HTTP GET /api/doctors responded 200 in 9.4199 ms
2026-07-10 00:48:34.141 +05:30 [INF] HealthAxis API heartbeat running at "2026-07-10T00:48:34.1418771+05:30"
2026-07-10 00:48:44.158 +05:30 [INF] HealthAxis API heartbeat running at "2026-07-10T00:48:44.1584870+05:30"
2026-07-10 00:48:52.620 +05:30 [INF] HTTP OPTIONS /api/doctors/1/availability responded 204 in 0.0517 ms
2026-07-10 00:48:52.622 +05:30 [INF] HTTP OPTIONS /api/doctors/1009/availability responded 204 in 0.0383 ms
2026-07-10 00:48:52.622 +05:30 [INF] HTTP OPTIONS /api/doctors/1006/availability responded 204 in 0.0991 ms
2026-07-10 00:48:53.223 +05:30 [INF] 
========================================
CACHE MISS - DOCTOR AVAILABILITY
========================================
Doctor Id : 1
Date      : 2026-08-21
Key       : doctors:1:availability:2026-08-21
Source    : SQL Server Required
========================================
2026-07-10 00:48:53.224 +05:30 [INF] 
========================================
CACHE MISS - DOCTOR AVAILABILITY
========================================
Doctor Id : 1009
Date      : 2026-08-21
Key       : doctors:1009:availability:2026-08-21
Source    : SQL Server Required
========================================
2026-07-10 00:48:53.225 +05:30 [INF] 
========================================
CACHE MISS - DOCTOR AVAILABILITY
========================================
Doctor Id : 1006
Date      : 2026-08-21
Key       : doctors:1006:availability:2026-08-21
Source    : SQL Server Required
========================================
2026-07-10 00:48:53.292 +05:30 [INF] 
========================================
CACHE STORED IN GARNET
========================================
Doctor Id : 1009
Date      : 2026-08-21
Key       : doctors:1009:availability:2026-08-21
TTL       : 5 Minutes
Slots     : 12
========================================
2026-07-10 00:48:53.292 +05:30 [INF] 
========================================
CACHE STORED IN GARNET
========================================
Doctor Id : 1
Date      : 2026-08-21
Key       : doctors:1:availability:2026-08-21
TTL       : 5 Minutes
Slots     : 0
========================================
2026-07-10 00:48:53.297 +05:30 [INF] HTTP GET /api/doctors/1009/availability responded 200 in 663.7029 ms
2026-07-10 00:48:53.297 +05:30 [INF] HTTP GET /api/doctors/1/availability responded 200 in 668.2788 ms
2026-07-10 00:48:53.811 +05:30 [INF] 
========================================
CACHE STORED IN GARNET
========================================
Doctor Id : 1006
Date      : 2026-08-21
Key       : doctors:1006:availability:2026-08-21
TTL       : 5 Minutes
Slots     : 12
========================================
2026-07-10 00:48:53.816 +05:30 [INF] HTTP GET /api/doctors/1006/availability responded 200 in 1179.4680 ms
2026-07-10 00:48:54.170 +05:30 [INF] HealthAxis API heartbeat running at "2026-07-10T00:48:54.1706568+05:30"
2026-07-10 00:49:04.189 +05:30 [INF] HealthAxis API heartbeat running at "2026-07-10T00:49:04.1897716+05:30"
2026-07-10 00:49:14.201 +05:30 [INF] HealthAxis API heartbeat running at "2026-07-10T00:49:14.2016367+05:30"
2026-07-10 00:49:17.469 +05:30 [INF] HTTP OPTIONS /api/doctors responded 204 in 0.0328 ms
2026-07-10 00:49:17.522 +05:30 [INF] HTTP GET /api/doctors responded 200 in 46.0895 ms
2026-07-10 00:49:19.867 +05:30 [INF] HTTP OPTIONS /api/doctors responded 204 in 0.0334 ms
2026-07-10 00:49:19.878 +05:30 [INF] HTTP GET /api/doctors responded 200 in 4.7220 ms
2026-07-10 00:49:24.217 +05:30 [INF] HealthAxis API heartbeat running at "2026-07-10T00:49:24.2174635+05:30"
2026-07-10 00:49:34.237 +05:30 [INF] HealthAxis API heartbeat running at "2026-07-10T00:49:34.2373337+05:30"
2026-07-10 00:49:44.243 +05:30 [INF] HealthAxis API heartbeat running at "2026-07-10T00:49:44.2430029+05:30"
2026-07-10 00:49:54.249 +05:30 [INF] HealthAxis API heartbeat running at "2026-07-10T00:49:54.2490386+05:30"
2026-07-10 00:50:04.259 +05:30 [INF] HealthAxis API heartbeat running at "2026-07-10T00:50:04.2589996+05:30"
2026-07-10 00:50:11.622 +05:30 [INF] HTTP OPTIONS /api/appointments responded 204 in 0.0537 ms
2026-07-10 00:50:11.622 +05:30 [INF] HTTP OPTIONS /api/doctors responded 204 in 0.0203 ms
2026-07-10 00:50:11.627 +05:30 [INF] HTTP OPTIONS /api/health-records/patient/1006 responded 204 in 0.1292 ms
2026-07-10 00:50:11.651 +05:30 [INF] HTTP GET /api/appointments responded 200 in 11.2353 ms
2026-07-10 00:50:11.672 +05:30 [INF] HTTP GET /api/health-records/patient/1006 responded 200 in 22.8235 ms
2026-07-10 00:50:11.682 +05:30 [INF] HTTP GET /api/doctors responded 200 in 40.1167 ms
2026-07-10 00:50:14.267 +05:30 [INF] HealthAxis API heartbeat running at "2026-07-10T00:50:14.2679565+05:30"
2026-07-10 00:50:24.273 +05:30 [INF] HealthAxis API heartbeat running at "2026-07-10T00:50:24.2736234+05:30"
2026-07-10 00:50:31.566 +05:30 [INF] HTTP OPTIONS /api/health-records/patient/1006 responded 204 in 0.1479 ms
2026-07-10 00:50:31.566 +05:30 [INF] HTTP OPTIONS /api/doctors responded 204 in 0.0219 ms
2026-07-10 00:50:31.606 +05:30 [INF] HTTP GET /api/health-records/patient/1006 responded 200 in 9.1484 ms
2026-07-10 00:50:31.607 +05:30 [INF] HTTP GET /api/doctors responded 200 in 6.2145 ms
2026-07-10 00:50:34.275 +05:30 [INF] HealthAxis API heartbeat running at "2026-07-10T00:50:34.2757068+05:30"
2026-07-10 00:50:37.246 +05:30 [INF] HTTP OPTIONS /api/doctors responded 204 in 0.0371 ms
2026-07-10 00:50:37.262 +05:30 [INF] HTTP GET /api/doctors responded 200 in 7.9884 ms
2026-07-10 00:50:38.557 +05:30 [INF] HTTP OPTIONS /api/doctors responded 204 in 0.0352 ms
2026-07-10 00:50:38.573 +05:30 [INF] HTTP GET /api/doctors responded 200 in 8.3454 ms
2026-07-10 00:50:44.294 +05:30 [INF] HealthAxis API heartbeat running at "2026-07-10T00:50:44.2942291+05:30"
2026-07-10 00:50:54.301 +05:30 [INF] HealthAxis API heartbeat running at "2026-07-10T00:50:54.3015606+05:30"
2026-07-10 00:51:04.320 +05:30 [INF] HealthAxis API heartbeat running at "2026-07-10T00:51:04.3204516+05:30"
2026-07-10 00:51:14.332 +05:30 [INF] HealthAxis API heartbeat running at "2026-07-10T00:51:14.3323704+05:30"
2026-07-10 00:51:24.350 +05:30 [INF] HealthAxis API heartbeat running at "2026-07-10T00:51:24.3506336+05:30"
2026-07-10 00:51:34.363 +05:30 [INF] HealthAxis API heartbeat running at "2026-07-10T00:51:34.3633511+05:30"
2026-07-10 00:51:44.369 +05:30 [INF] HealthAxis API heartbeat running at "2026-07-10T00:51:44.3691148+05:30"
2026-07-10 00:51:54.387 +05:30 [INF] HealthAxis API heartbeat running at "2026-07-10T00:51:54.3872614+05:30"
2026-07-10 00:52:04.394 +05:30 [INF] HealthAxis API heartbeat running at "2026-07-10T00:52:04.3948974+05:30"
2026-07-10 00:52:14.400 +05:30 [INF] HealthAxis API heartbeat running at "2026-07-10T00:52:14.4005019+05:30"
2026-07-10 00:52:24.415 +05:30 [INF] HealthAxis API heartbeat running at "2026-07-10T00:52:24.4154951+05:30"
2026-07-10 00:52:34.422 +05:30 [INF] HealthAxis API heartbeat running at "2026-07-10T00:52:34.4228276+05:30"
2026-07-10 00:52:44.429 +05:30 [INF] HealthAxis API heartbeat running at "2026-07-10T00:52:44.4298808+05:30"
2026-07-10 00:52:54.444 +05:30 [INF] HealthAxis API heartbeat running at "2026-07-10T00:52:54.4446000+05:30"
2026-07-10 00:53:04.464 +05:30 [INF] HealthAxis API heartbeat running at "2026-07-10T00:53:04.4648976+05:30"
2026-07-10 00:53:14.472 +05:30 [INF] HealthAxis API heartbeat running at "2026-07-10T00:53:14.4720921+05:30"
2026-07-10 00:53:24.484 +05:30 [INF] HealthAxis API heartbeat running at "2026-07-10T00:53:24.4847037+05:30"
2026-07-10 00:53:34.490 +05:30 [INF] HealthAxis API heartbeat running at "2026-07-10T00:53:34.4902222+05:30"
2026-07-10 00:53:44.507 +05:30 [INF] HealthAxis API heartbeat running at "2026-07-10T00:53:44.5075712+05:30"
2026-07-10 00:53:54.512 +05:30 [INF] HealthAxis API heartbeat running at "2026-07-10T00:53:54.5120465+05:30"
2026-07-10 00:54:04.519 +05:30 [INF] HealthAxis API heartbeat running at "2026-07-10T00:54:04.5190953+05:30"
2026-07-10 00:54:14.526 +05:30 [INF] HealthAxis API heartbeat running at "2026-07-10T00:54:14.5260345+05:30"
2026-07-10 00:54:24.533 +05:30 [INF] HealthAxis API heartbeat running at "2026-07-10T00:54:24.5339500+05:30"
2026-07-10 00:54:34.554 +05:30 [INF] HealthAxis API heartbeat running at "2026-07-10T00:54:34.5547680+05:30"
2026-07-10 00:54:44.569 +05:30 [INF] HealthAxis API heartbeat running at "2026-07-10T00:54:44.5694520+05:30"
2026-07-10 00:54:54.577 +05:30 [INF] HealthAxis API heartbeat running at "2026-07-10T00:54:54.5773003+05:30"
2026-07-10 00:55:04.588 +05:30 [INF] HealthAxis API heartbeat running at "2026-07-10T00:55:04.5882287+05:30"
2026-07-10 00:55:14.602 +05:30 [INF] HealthAxis API heartbeat running at "2026-07-10T00:55:14.6023873+05:30"
2026-07-10 00:55:24.615 +05:30 [INF] HealthAxis API heartbeat running at "2026-07-10T00:55:24.6152268+05:30"
2026-07-10 00:55:34.622 +05:30 [INF] HealthAxis API heartbeat running at "2026-07-10T00:55:34.6224946+05:30"
2026-07-10 00:55:44.640 +05:30 [INF] HealthAxis API heartbeat running at "2026-07-10T00:55:44.6404493+05:30"
2026-07-10 00:55:54.653 +05:30 [INF] HealthAxis API heartbeat running at "2026-07-10T00:55:54.6539009+05:30"
2026-07-10 00:56:04.661 +05:30 [INF] HealthAxis API heartbeat running at "2026-07-10T00:56:04.6616854+05:30"
2026-07-10 00:56:14.668 +05:30 [INF] HealthAxis API heartbeat running at "2026-07-10T00:56:14.6684348+05:30"
2026-07-10 00:56:24.683 +05:30 [INF] HealthAxis API heartbeat running at "2026-07-10T00:56:24.6831231+05:30"
2026-07-10 00:56:34.701 +05:30 [INF] HealthAxis API heartbeat running at "2026-07-10T00:56:34.7014273+05:30"
2026-07-10 00:56:44.706 +05:30 [INF] HealthAxis API heartbeat running at "2026-07-10T00:56:44.7064901+05:30"
2026-07-10 00:56:54.714 +05:30 [INF] HealthAxis API heartbeat running at "2026-07-10T00:56:54.7148052+05:30"
2026-07-10 00:57:04.720 +05:30 [INF] HealthAxis API heartbeat running at "2026-07-10T00:57:04.7202775+05:30"
2026-07-10 00:57:14.732 +05:30 [INF] HealthAxis API heartbeat running at "2026-07-10T00:57:14.7328915+05:30"
2026-07-10 00:57:24.742 +05:30 [INF] HealthAxis API heartbeat running at "2026-07-10T00:57:24.7426862+05:30"
2026-07-10 00:57:34.760 +05:30 [INF] HealthAxis API heartbeat running at "2026-07-10T00:57:34.7603284+05:30"
2026-07-10 00:57:44.780 +05:30 [INF] HealthAxis API heartbeat running at "2026-07-10T00:57:44.7808358+05:30"
2026-07-10 00:57:54.785 +05:30 [INF] HealthAxis API heartbeat running at "2026-07-10T00:57:54.7850783+05:30"
2026-07-10 00:58:04.790 +05:30 [INF] HealthAxis API heartbeat running at "2026-07-10T00:58:04.7909377+05:30"
2026-07-10 00:58:14.803 +05:30 [INF] HealthAxis API heartbeat running at "2026-07-10T00:58:14.8032993+05:30"
2026-07-10 00:58:24.814 +05:30 [INF] HealthAxis API heartbeat running at "2026-07-10T00:58:24.8141593+05:30"
2026-07-10 00:58:34.820 +05:30 [INF] HealthAxis API heartbeat running at "2026-07-10T00:58:34.8200695+05:30"
2026-07-10 00:58:44.829 +05:30 [INF] HealthAxis API heartbeat running at "2026-07-10T00:58:44.8292988+05:30"
2026-07-10 00:58:54.844 +05:30 [INF] HealthAxis API heartbeat running at "2026-07-10T00:58:54.8449426+05:30"
2026-07-10 00:59:04.864 +05:30 [INF] HealthAxis API heartbeat running at "2026-07-10T00:59:04.8648322+05:30"
2026-07-10 00:59:14.878 +05:30 [INF] HealthAxis API heartbeat running at "2026-07-10T00:59:14.8785226+05:30"
2026-07-10 00:59:24.895 +05:30 [INF] HealthAxis API heartbeat running at "2026-07-10T00:59:24.8950655+05:30"
2026-07-10 00:59:34.902 +05:30 [INF] HealthAxis API heartbeat running at "2026-07-10T00:59:34.9023506+05:30"
2026-07-10 00:59:44.918 +05:30 [INF] HealthAxis API heartbeat running at "2026-07-10T00:59:44.9185576+05:30"
