2026-07-07 12:51:43.128 +05:30 [INF] User profile is available. Using 'C:\Users\310481\AppData\Local\ASP.NET\DataProtection-Keys' as key repository and Windows DPAPI to encrypt keys at rest.
2026-07-07 12:51:45.355 +05:30 [INF] Executed DbCommand (55ms) [Parameters=[@normalizedName='?' (Size = 256)], CommandType='"Text"', CommandTimeout='30']
SELECT TOP(1) [a].[Id], [a].[ConcurrencyStamp], [a].[Name], [a].[NormalizedName]
FROM [AspNetRoles] AS [a]
WHERE [a].[NormalizedName] = @normalizedName
2026-07-07 12:51:45.444 +05:30 [INF] Executed DbCommand (3ms) [Parameters=[@normalizedName='?' (Size = 256)], CommandType='"Text"', CommandTimeout='30']
SELECT TOP(1) [a].[Id], [a].[ConcurrencyStamp], [a].[Name], [a].[NormalizedName]
FROM [AspNetRoles] AS [a]
WHERE [a].[NormalizedName] = @normalizedName
2026-07-07 12:51:45.450 +05:30 [INF] Executed DbCommand (1ms) [Parameters=[@normalizedName='?' (Size = 256)], CommandType='"Text"', CommandTimeout='30']
SELECT TOP(1) [a].[Id], [a].[ConcurrencyStamp], [a].[Name], [a].[NormalizedName]
FROM [AspNetRoles] AS [a]
WHERE [a].[NormalizedName] = @normalizedName
2026-07-07 12:51:45.476 +05:30 [INF] Executed DbCommand (7ms) [Parameters=[@normalizedEmail='?' (Size = 256)], CommandType='"Text"', CommandTimeout='30']
SELECT TOP(2) [a].[Id], [a].[AccessFailedCount], [a].[ConcurrencyStamp], [a].[Email], [a].[EmailConfirmed], [a].[LockoutEnabled], [a].[LockoutEnd], [a].[MustChangePassword], [a].[NormalizedEmail], [a].[NormalizedUserName], [a].[PasswordHash], [a].[PhoneNumber], [a].[PhoneNumberConfirmed], [a].[SecurityStamp], [a].[TwoFactorEnabled], [a].[UserName]
FROM [AspNetUsers] AS [a]
WHERE [a].[NormalizedEmail] = @normalizedEmail
2026-07-07 12:51:45.524 +05:30 [INF] HeartbeatService started.
2026-07-07 12:51:45.526 +05:30 [INF] HealthAxis API heartbeat running at "2026-07-07T12:51:45.5257366+05:30"
2026-07-07 12:51:45.840 +05:30 [INF] Now listening on: https://localhost:7130
2026-07-07 12:51:45.845 +05:30 [INF] Now listening on: http://localhost:5145
2026-07-07 12:51:46.171 +05:30 [INF] Application started. Press Ctrl+C to shut down.
2026-07-07 12:51:46.172 +05:30 [INF] Hosting environment: Development
2026-07-07 12:51:46.174 +05:30 [INF] Content root path: C:\Users\310481\source\repos\UST-Live-01\Healthcare.netcore\Healthcare.netcore
2026-07-07 12:51:55.529 +05:30 [INF] HealthAxis API heartbeat running at "2026-07-07T12:51:55.5297341+05:30"
2026-07-07 12:52:05.534 +05:30 [INF] HealthAxis API heartbeat running at "2026-07-07T12:52:05.5347641+05:30"
2026-07-07 12:52:15.546 +05:30 [INF] HealthAxis API heartbeat running at "2026-07-07T12:52:15.5462305+05:30"
2026-07-07 12:52:25.561 +05:30 [INF] HealthAxis API heartbeat running at "2026-07-07T12:52:25.5618913+05:30"
2026-07-07 12:52:35.573 +05:30 [INF] HealthAxis API heartbeat running at "2026-07-07T12:52:35.5730797+05:30"
2026-07-07 12:52:45.587 +05:30 [INF] HealthAxis API heartbeat running at "2026-07-07T12:52:45.5869829+05:30"
2026-07-07 12:52:55.594 +05:30 [INF] HealthAxis API heartbeat running at "2026-07-07T12:52:55.5941511+05:30"
2026-07-07 12:53:05.609 +05:30 [INF] HealthAxis API heartbeat running at "2026-07-07T12:53:05.6096336+05:30"
2026-07-07 12:53:15.615 +05:30 [INF] HealthAxis API heartbeat running at "2026-07-07T12:53:15.6150252+05:30"
2026-07-07 12:53:25.632 +05:30 [INF] HealthAxis API heartbeat running at "2026-07-07T12:53:25.6325542+05:30"
2026-07-07 12:53:35.646 +05:30 [INF] HealthAxis API heartbeat running at "2026-07-07T12:53:35.6465371+05:30"
2026-07-07 12:53:45.657 +05:30 [INF] HealthAxis API heartbeat running at "2026-07-07T12:53:45.6569131+05:30"
2026-07-07 12:53:55.677 +05:30 [INF] HealthAxis API heartbeat running at "2026-07-07T12:53:55.6770282+05:30"
2026-07-07 12:54:05.687 +05:30 [INF] HealthAxis API heartbeat running at "2026-07-07T12:54:05.6872251+05:30"
2026-07-07 12:54:15.695 +05:30 [INF] HealthAxis API heartbeat running at "2026-07-07T12:54:15.6950752+05:30"
2026-07-07 12:54:25.708 +05:30 [INF] HealthAxis API heartbeat running at "2026-07-07T12:54:25.7078384+05:30"
2026-07-07 12:54:35.714 +05:30 [INF] HealthAxis API heartbeat running at "2026-07-07T12:54:35.7144446+05:30"
2026-07-07 12:54:45.727 +05:30 [INF] HealthAxis API heartbeat running at "2026-07-07T12:54:45.7273658+05:30"
2026-07-07 12:54:55.744 +05:30 [INF] HealthAxis API heartbeat running at "2026-07-07T12:54:55.7439274+05:30"
2026-07-07 12:55:05.753 +05:30 [INF] HealthAxis API heartbeat running at "2026-07-07T12:55:05.7529237+05:30"
2026-07-07 12:55:15.769 +05:30 [INF] HealthAxis API heartbeat running at "2026-07-07T12:55:15.7692504+05:30"
2026-07-07 12:55:25.784 +05:30 [INF] HealthAxis API heartbeat running at "2026-07-07T12:55:25.7833433+05:30"
2026-07-07 12:55:35.787 +05:30 [INF] HealthAxis API heartbeat running at "2026-07-07T12:55:35.7871109+05:30"
2026-07-07 12:55:45.794 +05:30 [INF] HealthAxis API heartbeat running at "2026-07-07T12:55:45.7945052+05:30"
2026-07-07 12:55:55.796 +05:30 [INF] HealthAxis API heartbeat running at "2026-07-07T12:55:55.7969299+05:30"
2026-07-07 12:56:05.811 +05:30 [INF] HealthAxis API heartbeat running at "2026-07-07T12:56:05.8110275+05:30"
2026-07-07 12:56:15.818 +05:30 [INF] HealthAxis API heartbeat running at "2026-07-07T12:56:15.8186355+05:30"
2026-07-07 12:56:25.827 +05:30 [INF] HealthAxis API heartbeat running at "2026-07-07T12:56:25.8269595+05:30"
2026-07-07 12:56:35.831 +05:30 [INF] HealthAxis API heartbeat running at "2026-07-07T12:56:35.8309000+05:30"
2026-07-07 12:56:45.844 +05:30 [INF] HealthAxis API heartbeat running at "2026-07-07T12:56:45.8445972+05:30"
2026-07-07 12:56:55.850 +05:30 [INF] HealthAxis API heartbeat running at "2026-07-07T12:56:55.8507505+05:30"
2026-07-07 12:57:05.866 +05:30 [INF] HealthAxis API heartbeat running at "2026-07-07T12:57:05.8661716+05:30"
2026-07-07 12:57:15.876 +05:30 [INF] HealthAxis API heartbeat running at "2026-07-07T12:57:15.8759865+05:30"
2026-07-07 12:57:25.880 +05:30 [INF] HealthAxis API heartbeat running at "2026-07-07T12:57:25.8805427+05:30"
2026-07-07 12:57:35.888 +05:30 [INF] HealthAxis API heartbeat running at "2026-07-07T12:57:35.8887351+05:30"
2026-07-07 12:57:45.892 +05:30 [INF] HealthAxis API heartbeat running at "2026-07-07T12:57:45.8925509+05:30"
2026-07-07 12:57:55.906 +05:30 [INF] HealthAxis API heartbeat running at "2026-07-07T12:57:55.9064624+05:30"
2026-07-07 12:58:05.911 +05:30 [INF] HealthAxis API heartbeat running at "2026-07-07T12:58:05.9114368+05:30"
2026-07-07 12:58:15.925 +05:30 [INF] HealthAxis API heartbeat running at "2026-07-07T12:58:15.9250390+05:30"
2026-07-07 12:58:25.928 +05:30 [INF] HealthAxis API heartbeat running at "2026-07-07T12:58:25.9288644+05:30"
2026-07-07 12:58:35.933 +05:30 [INF] HealthAxis API heartbeat running at "2026-07-07T12:58:35.9334266+05:30"
2026-07-07 12:58:45.950 +05:30 [INF] HealthAxis API heartbeat running at "2026-07-07T12:58:45.9504121+05:30"
2026-07-07 12:58:55.969 +05:30 [INF] HealthAxis API heartbeat running at "2026-07-07T12:58:55.9690356+05:30"
2026-07-07 12:59:05.981 +05:30 [INF] HealthAxis API heartbeat running at "2026-07-07T12:59:05.9817016+05:30"
2026-07-07 12:59:15.989 +05:30 [INF] HealthAxis API heartbeat running at "2026-07-07T12:59:15.9893754+05:30"
2026-07-07 12:59:26.006 +05:30 [INF] HealthAxis API heartbeat running at "2026-07-07T12:59:26.0065216+05:30"
2026-07-07 12:59:36.021 +05:30 [INF] HealthAxis API heartbeat running at "2026-07-07T12:59:36.0218438+05:30"
2026-07-07 12:59:46.027 +05:30 [INF] HealthAxis API heartbeat running at "2026-07-07T12:59:46.0278252+05:30"
2026-07-07 12:59:56.042 +05:30 [INF] HealthAxis API heartbeat running at "2026-07-07T12:59:56.0412243+05:30"
2026-07-07 13:00:06.060 +05:30 [INF] HealthAxis API heartbeat running at "2026-07-07T13:00:06.0604835+05:30"
2026-07-07 13:00:16.077 +05:30 [INF] HealthAxis API heartbeat running at "2026-07-07T13:00:16.0771926+05:30"
2026-07-07 13:00:26.091 +05:30 [INF] HealthAxis API heartbeat running at "2026-07-07T13:00:26.0917506+05:30"
2026-07-07 13:00:36.107 +05:30 [INF] HealthAxis API heartbeat running at "2026-07-07T13:00:36.1072892+05:30"
2026-07-07 13:00:46.121 +05:30 [INF] HealthAxis API heartbeat running at "2026-07-07T13:00:46.1218537+05:30"
2026-07-07 13:00:56.778 +05:30 [INF] HealthAxis API heartbeat running at "2026-07-07T13:00:56.7788276+05:30"
2026-07-07 13:51:20.661 +05:30 [INF] HealthAxis API heartbeat running at "2026-07-07T13:51:20.6612430+05:30"
2026-07-07 13:51:30.666 +05:30 [INF] HealthAxis API heartbeat running at "2026-07-07T13:51:30.6660866+05:30"
2026-07-07 13:51:40.668 +05:30 [INF] HealthAxis API heartbeat running at "2026-07-07T13:51:40.6682698+05:30"
2026-07-07 13:51:50.680 +05:30 [INF] HealthAxis API heartbeat running at "2026-07-07T13:51:50.6807048+05:30"
2026-07-07 13:52:00.691 +05:30 [INF] HealthAxis API heartbeat running at "2026-07-07T13:52:00.6916557+05:30"
2026-07-07 13:52:10.697 +05:30 [INF] HealthAxis API heartbeat running at "2026-07-07T13:52:10.6971278+05:30"
2026-07-07 13:52:20.711 +05:30 [INF] HealthAxis API heartbeat running at "2026-07-07T13:52:20.7110667+05:30"
2026-07-07 13:52:30.722 +05:30 [INF] HealthAxis API heartbeat running at "2026-07-07T13:52:30.7227400+05:30"
2026-07-07 13:52:40.735 +05:30 [INF] HealthAxis API heartbeat running at "2026-07-07T13:52:40.7359620+05:30"
2026-07-07 13:52:50.750 +05:30 [INF] HealthAxis API heartbeat running at "2026-07-07T13:52:50.7504414+05:30"
2026-07-07 13:53:00.761 +05:30 [INF] HealthAxis API heartbeat running at "2026-07-07T13:53:00.7618161+05:30"
2026-07-07 13:53:10.777 +05:30 [INF] HealthAxis API heartbeat running at "2026-07-07T13:53:10.7771585+05:30"
2026-07-07 13:53:20.782 +05:30 [INF] HealthAxis API heartbeat running at "2026-07-07T13:53:20.7823742+05:30"
2026-07-07 13:53:30.784 +05:30 [INF] HealthAxis API heartbeat running at "2026-07-07T13:53:30.7843747+05:30"
2026-07-07 13:53:40.795 +05:30 [INF] HealthAxis API heartbeat running at "2026-07-07T13:53:40.7953976+05:30"
2026-07-07 13:53:50.803 +05:30 [INF] HealthAxis API heartbeat running at "2026-07-07T13:53:50.8036894+05:30"
2026-07-07 13:54:00.819 +05:30 [INF] HealthAxis API heartbeat running at "2026-07-07T13:54:00.8191075+05:30"
2026-07-07 13:54:10.823 +05:30 [INF] HealthAxis API heartbeat running at "2026-07-07T13:54:10.8239060+05:30"
2026-07-07 13:54:20.837 +05:30 [INF] HealthAxis API heartbeat running at "2026-07-07T13:54:20.8377244+05:30"
2026-07-07 13:54:30.849 +05:30 [INF] HealthAxis API heartbeat running at "2026-07-07T13:54:30.8496676+05:30"
2026-07-07 13:54:40.862 +05:30 [INF] HealthAxis API heartbeat running at "2026-07-07T13:54:40.8626951+05:30"
2026-07-07 13:54:50.879 +05:30 [INF] HealthAxis API heartbeat running at "2026-07-07T13:54:50.8790171+05:30"
2026-07-07 13:55:00.896 +05:30 [INF] HealthAxis API heartbeat running at "2026-07-07T13:55:00.8960656+05:30"
2026-07-07 22:38:05.727 +05:30 [INF] Executed DbCommand (16ms) [Parameters=[], CommandType='"Text"', CommandTimeout='30']
SELECT 1
2026-07-07 22:38:05.759 +05:30 [INF] Acquiring an exclusive lock for migration application. See https://aka.ms/efcore-docs-migrations-lock for more information if this takes too long.
2026-07-07 22:38:05.806 +05:30 [INF] Executed DbCommand (44ms) [Parameters=[], CommandType='"Text"', CommandTimeout='30']
DECLARE @result int;
EXEC @result = sp_getapplock @Resource = '__EFMigrationsLock', @LockOwner = 'Session', @LockMode = 'Exclusive';
SELECT @result
2026-07-07 22:38:05.863 +05:30 [INF] Executed DbCommand (9ms) [Parameters=[], CommandType='"Text"', CommandTimeout='30']
IF OBJECT_ID(N'[__EFMigrationsHistory]') IS NULL
BEGIN
    CREATE TABLE [__EFMigrationsHistory] (
        [MigrationId] nvarchar(150) NOT NULL,
        [ProductVersion] nvarchar(32) NOT NULL,
        CONSTRAINT [PK___EFMigrationsHistory] PRIMARY KEY ([MigrationId])
    );
END;
2026-07-07 22:38:05.870 +05:30 [INF] Executed DbCommand (0ms) [Parameters=[], CommandType='"Text"', CommandTimeout='30']
SELECT 1
2026-07-07 22:38:05.871 +05:30 [INF] Executed DbCommand (1ms) [Parameters=[], CommandType='"Text"', CommandTimeout='30']
SELECT OBJECT_ID(N'[__EFMigrationsHistory]');
2026-07-07 22:38:05.893 +05:30 [INF] Executed DbCommand (21ms) [Parameters=[], CommandType='"Text"', CommandTimeout='30']
SELECT [MigrationId], [ProductVersion]
FROM [__EFMigrationsHistory]
ORDER BY [MigrationId];
2026-07-07 22:38:05.902 +05:30 [INF] Applying migration '20260707170554_AddNotificationsTable'.
2026-07-07 22:38:05.954 +05:30 [INF] Executed DbCommand (27ms) [Parameters=[], CommandType='"Text"', CommandTimeout='30']
CREATE TABLE [Notifications] (
    [Id] int NOT NULL IDENTITY,
    [DoctorId] int NOT NULL,
    [Message] nvarchar(max) NOT NULL,
    [IsRead] bit NOT NULL,
    [CreatedAt] datetime2 NOT NULL,
    CONSTRAINT [PK_Notifications] PRIMARY KEY ([Id])
);
2026-07-07 22:38:05.966 +05:30 [INF] Executed DbCommand (12ms) [Parameters=[], CommandType='"Text"', CommandTimeout='30']
UPDATE [Doctors] SET [Specialisation] = 0
WHERE [DoctorId] = 1;
SELECT @@ROWCOUNT;
2026-07-07 22:38:05.967 +05:30 [INF] Executed DbCommand (1ms) [Parameters=[], CommandType='"Text"', CommandTimeout='30']
UPDATE [Doctors] SET [Specialisation] = 2
WHERE [DoctorId] = 2;
SELECT @@ROWCOUNT;
2026-07-07 22:38:05.969 +05:30 [INF] Executed DbCommand (1ms) [Parameters=[], CommandType='"Text"', CommandTimeout='30']
UPDATE [Doctors] SET [Specialisation] = 1
WHERE [DoctorId] = 3;
SELECT @@ROWCOUNT;
2026-07-07 22:38:05.969 +05:30 [INF] Executed DbCommand (1ms) [Parameters=[], CommandType='"Text"', CommandTimeout='30']
UPDATE [Doctors] SET [Specialisation] = 4
WHERE [DoctorId] = 4;
SELECT @@ROWCOUNT;
2026-07-07 22:38:05.970 +05:30 [INF] Executed DbCommand (0ms) [Parameters=[], CommandType='"Text"', CommandTimeout='30']
UPDATE [Doctors] SET [Specialisation] = 3
WHERE [DoctorId] = 5;
SELECT @@ROWCOUNT;
2026-07-07 22:38:05.973 +05:30 [INF] Executed DbCommand (3ms) [Parameters=[], CommandType='"Text"', CommandTimeout='30']
INSERT INTO [__EFMigrationsHistory] ([MigrationId], [ProductVersion])
VALUES (N'20260707170554_AddNotificationsTable', N'10.0.9');
2026-07-07 22:38:05.977 +05:30 [INF] Executed DbCommand (3ms) [Parameters=[], CommandType='"Text"', CommandTimeout='30']
DECLARE @result int;
EXEC @result = sp_releaseapplock @Resource = '__EFMigrationsLock', @LockOwner = 'Session';
SELECT @result
2026-07-07 22:38:53.054 +05:30 [INF] User profile is available. Using 'C:\Users\310481\AppData\Local\ASP.NET\DataProtection-Keys' as key repository and Windows DPAPI to encrypt keys at rest.
2026-07-07 22:38:56.422 +05:30 [INF] Executed DbCommand (138ms) [Parameters=[@normalizedName='?' (Size = 256)], CommandType='"Text"', CommandTimeout='30']
SELECT TOP(1) [a].[Id], [a].[ConcurrencyStamp], [a].[Name], [a].[NormalizedName]
FROM [AspNetRoles] AS [a]
WHERE [a].[NormalizedName] = @normalizedName
2026-07-07 22:38:56.579 +05:30 [INF] Executed DbCommand (5ms) [Parameters=[@normalizedName='?' (Size = 256)], CommandType='"Text"', CommandTimeout='30']
SELECT TOP(1) [a].[Id], [a].[ConcurrencyStamp], [a].[Name], [a].[NormalizedName]
FROM [AspNetRoles] AS [a]
WHERE [a].[NormalizedName] = @normalizedName
2026-07-07 22:38:56.587 +05:30 [INF] Executed DbCommand (1ms) [Parameters=[@normalizedName='?' (Size = 256)], CommandType='"Text"', CommandTimeout='30']
SELECT TOP(1) [a].[Id], [a].[ConcurrencyStamp], [a].[Name], [a].[NormalizedName]
FROM [AspNetRoles] AS [a]
WHERE [a].[NormalizedName] = @normalizedName
2026-07-07 22:38:56.629 +05:30 [INF] Executed DbCommand (11ms) [Parameters=[@normalizedEmail='?' (Size = 256)], CommandType='"Text"', CommandTimeout='30']
SELECT TOP(2) [a].[Id], [a].[AccessFailedCount], [a].[ConcurrencyStamp], [a].[Email], [a].[EmailConfirmed], [a].[LockoutEnabled], [a].[LockoutEnd], [a].[MustChangePassword], [a].[NormalizedEmail], [a].[NormalizedUserName], [a].[PasswordHash], [a].[PhoneNumber], [a].[PhoneNumberConfirmed], [a].[SecurityStamp], [a].[TwoFactorEnabled], [a].[UserName]
FROM [AspNetUsers] AS [a]
WHERE [a].[NormalizedEmail] = @normalizedEmail
2026-07-07 22:38:56.711 +05:30 [INF] HeartbeatService started.
2026-07-07 22:38:56.711 +05:30 [INF] NotificationCleanupService started.
2026-07-07 22:38:56.713 +05:30 [INF] HealthAxis API heartbeat running at "2026-07-07T22:38:56.7129723+05:30"
2026-07-07 22:38:56.893 +05:30 [INF] Executed DbCommand (7ms) [Parameters=[@cutoffDate='?' (DbType = DateTime2)], CommandType='"Text"', CommandTimeout='30']
SELECT [n].[Id], [n].[CreatedAt], [n].[DoctorId], [n].[IsRead], [n].[Message]
FROM [Notifications] AS [n]
WHERE [n].[CreatedAt] < @cutoffDate
2026-07-07 22:38:56.898 +05:30 [INF] No old notifications found for cleanup.
2026-07-07 22:38:57.073 +05:30 [INF] Now listening on: https://localhost:7130
2026-07-07 22:38:57.075 +05:30 [INF] Now listening on: http://localhost:5145
2026-07-07 22:38:57.389 +05:30 [INF] Application started. Press Ctrl+C to shut down.
2026-07-07 22:38:57.391 +05:30 [INF] Hosting environment: Development
2026-07-07 22:38:57.392 +05:30 [INF] Content root path: C:\Users\310481\source\repos\UST-Live-01\Healthcare.netcore\Healthcare.netcore
2026-07-07 22:39:06.727 +05:30 [INF] HealthAxis API heartbeat running at "2026-07-07T22:39:06.7268821+05:30"
2026-07-07 22:39:16.733 +05:30 [INF] HealthAxis API heartbeat running at "2026-07-07T22:39:16.7333849+05:30"
2026-07-07 22:39:26.738 +05:30 [INF] HealthAxis API heartbeat running at "2026-07-07T22:39:26.7385763+05:30"
2026-07-07 22:39:36.751 +05:30 [INF] HealthAxis API heartbeat running at "2026-07-07T22:39:36.7513086+05:30"
2026-07-07 22:39:46.756 +05:30 [INF] HealthAxis API heartbeat running at "2026-07-07T22:39:46.7563532+05:30"
2026-07-07 22:39:56.767 +05:30 [INF] HealthAxis API heartbeat running at "2026-07-07T22:39:56.7670976+05:30"
2026-07-07 22:40:06.770 +05:30 [INF] HealthAxis API heartbeat running at "2026-07-07T22:40:06.7704445+05:30"
2026-07-07 22:40:16.787 +05:30 [INF] HealthAxis API heartbeat running at "2026-07-07T22:40:16.7868082+05:30"
2026-07-07 22:40:26.793 +05:30 [INF] HealthAxis API heartbeat running at "2026-07-07T22:40:26.7938754+05:30"
2026-07-07 22:40:36.813 +05:30 [INF] HealthAxis API heartbeat running at "2026-07-07T22:40:36.8129387+05:30"
2026-07-07 22:40:46.976 +05:30 [INF] HealthAxis API heartbeat running at "2026-07-07T22:40:46.9763129+05:30"
2026-07-07 22:40:56.990 +05:30 [INF] HealthAxis API heartbeat running at "2026-07-07T22:40:56.9908190+05:30"
2026-07-07 22:41:07.004 +05:30 [INF] HealthAxis API heartbeat running at "2026-07-07T22:41:07.0042371+05:30"
2026-07-07 22:41:17.011 +05:30 [INF] HealthAxis API heartbeat running at "2026-07-07T22:41:17.0118730+05:30"
2026-07-07 22:41:27.018 +05:30 [INF] HealthAxis API heartbeat running at "2026-07-07T22:41:27.0185686+05:30"
2026-07-07 22:41:37.028 +05:30 [INF] HealthAxis API heartbeat running at "2026-07-07T22:41:37.0282516+05:30"
2026-07-07 22:41:47.047 +05:30 [INF] HealthAxis API heartbeat running at "2026-07-07T22:41:47.0470405+05:30"
2026-07-07 22:41:57.060 +05:30 [INF] HealthAxis API heartbeat running at "2026-07-07T22:41:57.0602174+05:30"
2026-07-07 22:42:07.069 +05:30 [INF] HealthAxis API heartbeat running at "2026-07-07T22:42:07.0692200+05:30"
2026-07-07 22:42:17.085 +05:30 [INF] HealthAxis API heartbeat running at "2026-07-07T22:42:17.0845551+05:30"
2026-07-07 22:42:27.100 +05:30 [INF] HealthAxis API heartbeat running at "2026-07-07T22:42:27.1006861+05:30"
2026-07-07 22:42:37.106 +05:30 [INF] HealthAxis API heartbeat running at "2026-07-07T22:42:37.1058947+05:30"
2026-07-07 22:42:47.124 +05:30 [INF] HealthAxis API heartbeat running at "2026-07-07T22:42:47.1245027+05:30"
2026-07-07 22:42:57.132 +05:30 [INF] HealthAxis API heartbeat running at "2026-07-07T22:42:57.1321134+05:30"
2026-07-07 22:43:07.148 +05:30 [INF] HealthAxis API heartbeat running at "2026-07-07T22:43:07.1481494+05:30"
2026-07-07 22:43:17.165 +05:30 [INF] HealthAxis API heartbeat running at "2026-07-07T22:43:17.1651358+05:30"
2026-07-07 22:43:27.181 +05:30 [INF] HealthAxis API heartbeat running at "2026-07-07T22:43:27.1814029+05:30"
2026-07-07 22:43:37.192 +05:30 [INF] HealthAxis API heartbeat running at "2026-07-07T22:43:37.1929336+05:30"
2026-07-07 22:43:47.204 +05:30 [INF] HealthAxis API heartbeat running at "2026-07-07T22:43:47.2039935+05:30"
2026-07-07 22:43:57.210 +05:30 [INF] HealthAxis API heartbeat running at "2026-07-07T22:43:57.2099096+05:30"
2026-07-07 22:44:07.219 +05:30 [INF] HealthAxis API heartbeat running at "2026-07-07T22:44:07.2198891+05:30"
2026-07-07 22:44:17.226 +05:30 [INF] HealthAxis API heartbeat running at "2026-07-07T22:44:17.2265741+05:30"
2026-07-07 22:44:27.240 +05:30 [INF] HealthAxis API heartbeat running at "2026-07-07T22:44:27.2406691+05:30"
2026-07-07 22:44:37.257 +05:30 [INF] HealthAxis API heartbeat running at "2026-07-07T22:44:37.2575073+05:30"
2026-07-07 22:44:47.274 +05:30 [INF] HealthAxis API heartbeat running at "2026-07-07T22:44:47.2743907+05:30"
2026-07-07 22:44:57.280 +05:30 [INF] HealthAxis API heartbeat running at "2026-07-07T22:44:57.2799814+05:30"
2026-07-07 22:45:07.293 +05:30 [INF] HealthAxis API heartbeat running at "2026-07-07T22:45:07.2930699+05:30"
2026-07-07 22:45:17.309 +05:30 [INF] HealthAxis API heartbeat running at "2026-07-07T22:45:17.3097351+05:30"
2026-07-07 22:45:27.319 +05:30 [INF] HealthAxis API heartbeat running at "2026-07-07T22:45:27.3193498+05:30"
2026-07-07 22:45:37.325 +05:30 [INF] HealthAxis API heartbeat running at "2026-07-07T22:45:37.3257535+05:30"
2026-07-07 22:45:47.336 +05:30 [INF] HealthAxis API heartbeat running at "2026-07-07T22:45:47.3359493+05:30"
2026-07-07 22:45:57.346 +05:30 [INF] HealthAxis API heartbeat running at "2026-07-07T22:45:57.3460742+05:30"
2026-07-07 22:46:07.358 +05:30 [INF] HealthAxis API heartbeat running at "2026-07-07T22:46:07.3589315+05:30"
2026-07-07 22:46:17.364 +05:30 [INF] HealthAxis API heartbeat running at "2026-07-07T22:46:17.3648936+05:30"
2026-07-07 22:46:27.377 +05:30 [INF] HealthAxis API heartbeat running at "2026-07-07T22:46:27.3776338+05:30"
2026-07-07 22:46:37.382 +05:30 [INF] HealthAxis API heartbeat running at "2026-07-07T22:46:37.3826119+05:30"
2026-07-07 22:46:47.393 +05:30 [INF] HealthAxis API heartbeat running at "2026-07-07T22:46:47.3938789+05:30"
2026-07-07 22:46:57.412 +05:30 [INF] HealthAxis API heartbeat running at "2026-07-07T22:46:57.4116619+05:30"
2026-07-07 22:47:07.418 +05:30 [INF] HealthAxis API heartbeat running at "2026-07-07T22:47:07.4181563+05:30"
2026-07-07 22:47:17.423 +05:30 [INF] HealthAxis API heartbeat running at "2026-07-07T22:47:17.4237202+05:30"
2026-07-07 22:47:27.441 +05:30 [INF] HealthAxis API heartbeat running at "2026-07-07T22:47:27.4417819+05:30"
2026-07-07 22:47:37.452 +05:30 [INF] HealthAxis API heartbeat running at "2026-07-07T22:47:37.4526022+05:30"
2026-07-07 22:47:47.466 +05:30 [INF] HealthAxis API heartbeat running at "2026-07-07T22:47:47.4661958+05:30"
2026-07-07 22:47:57.473 +05:30 [INF] HealthAxis API heartbeat running at "2026-07-07T22:47:57.4735210+05:30"
2026-07-07 22:48:07.490 +05:30 [INF] HealthAxis API heartbeat running at "2026-07-07T22:48:07.4908754+05:30"
2026-07-07 22:48:17.503 +05:30 [INF] HealthAxis API heartbeat running at "2026-07-07T22:48:17.5036091+05:30"
2026-07-07 22:48:27.508 +05:30 [INF] HealthAxis API heartbeat running at "2026-07-07T22:48:27.5082018+05:30"
2026-07-07 22:48:37.515 +05:30 [INF] HealthAxis API heartbeat running at "2026-07-07T22:48:37.5151953+05:30"
2026-07-07 22:48:47.536 +05:30 [INF] HealthAxis API heartbeat running at "2026-07-07T22:48:47.5368402+05:30"
2026-07-07 22:48:57.542 +05:30 [INF] HealthAxis API heartbeat running at "2026-07-07T22:48:57.5425472+05:30"
2026-07-07 22:49:07.555 +05:30 [INF] HealthAxis API heartbeat running at "2026-07-07T22:49:07.5551214+05:30"
2026-07-07 22:49:17.566 +05:30 [INF] HealthAxis API heartbeat running at "2026-07-07T22:49:17.5661585+05:30"
2026-07-07 22:49:27.574 +05:30 [INF] HealthAxis API heartbeat running at "2026-07-07T22:49:27.5746094+05:30"
2026-07-07 22:49:37.590 +05:30 [INF] HealthAxis API heartbeat running at "2026-07-07T22:49:37.5904295+05:30"
2026-07-07 22:49:47.609 +05:30 [INF] HealthAxis API heartbeat running at "2026-07-07T22:49:47.6092905+05:30"
2026-07-07 22:49:57.621 +05:30 [INF] HealthAxis API heartbeat running at "2026-07-07T22:49:57.6214472+05:30"
2026-07-07 22:50:07.636 +05:30 [INF] HealthAxis API heartbeat running at "2026-07-07T22:50:07.6365212+05:30"
2026-07-07 22:50:17.639 +05:30 [INF] HealthAxis API heartbeat running at "2026-07-07T22:50:17.6399322+05:30"
2026-07-07 22:50:27.658 +05:30 [INF] HealthAxis API heartbeat running at "2026-07-07T22:50:27.6585046+05:30"
2026-07-07 22:50:37.680 +05:30 [INF] HealthAxis API heartbeat running at "2026-07-07T22:50:37.6800177+05:30"
2026-07-07 22:50:47.699 +05:30 [INF] HealthAxis API heartbeat running at "2026-07-07T22:50:47.6990531+05:30"
2026-07-07 22:50:57.716 +05:30 [INF] HealthAxis API heartbeat running at "2026-07-07T22:50:57.7166311+05:30"
2026-07-07 22:51:07.726 +05:30 [INF] HealthAxis API heartbeat running at "2026-07-07T22:51:07.7262333+05:30"
2026-07-07 22:51:17.736 +05:30 [INF] HealthAxis API heartbeat running at "2026-07-07T22:51:17.7367786+05:30"
2026-07-07 22:51:27.752 +05:30 [INF] HealthAxis API heartbeat running at "2026-07-07T22:51:27.7524168+05:30"
2026-07-07 22:51:37.768 +05:30 [INF] HealthAxis API heartbeat running at "2026-07-07T22:51:37.7689529+05:30"
2026-07-07 22:51:47.773 +05:30 [INF] HealthAxis API heartbeat running at "2026-07-07T22:51:47.7735468+05:30"
2026-07-07 22:51:57.788 +05:30 [INF] HealthAxis API heartbeat running at "2026-07-07T22:51:57.7886838+05:30"
2026-07-07 22:52:07.921 +05:30 [INF] HealthAxis API heartbeat running at "2026-07-07T22:52:07.9210614+05:30"
2026-07-07 22:52:17.936 +05:30 [INF] HealthAxis API heartbeat running at "2026-07-07T22:52:17.9368753+05:30"
2026-07-07 22:52:27.944 +05:30 [INF] HealthAxis API heartbeat running at "2026-07-07T22:52:27.9444233+05:30"
2026-07-07 22:52:37.956 +05:30 [INF] HealthAxis API heartbeat running at "2026-07-07T22:52:37.9564009+05:30"
2026-07-07 22:52:47.965 +05:30 [INF] HealthAxis API heartbeat running at "2026-07-07T22:52:47.9650509+05:30"
2026-07-07 22:52:57.972 +05:30 [INF] HealthAxis API heartbeat running at "2026-07-07T22:52:57.9725074+05:30"
2026-07-07 22:53:07.989 +05:30 [INF] HealthAxis API heartbeat running at "2026-07-07T22:53:07.9890992+05:30"
2026-07-07 22:53:18.003 +05:30 [INF] HealthAxis API heartbeat running at "2026-07-07T22:53:18.0038663+05:30"
2026-07-07 22:53:28.013 +05:30 [INF] HealthAxis API heartbeat running at "2026-07-07T22:53:28.0131327+05:30"
2026-07-07 22:53:38.017 +05:30 [INF] HealthAxis API heartbeat running at "2026-07-07T22:53:38.0178832+05:30"
2026-07-07 22:53:48.035 +05:30 [INF] HealthAxis API heartbeat running at "2026-07-07T22:53:48.0349946+05:30"
2026-07-07 22:53:58.041 +05:30 [INF] HealthAxis API heartbeat running at "2026-07-07T22:53:58.0419352+05:30"
2026-07-07 22:54:08.057 +05:30 [INF] HealthAxis API heartbeat running at "2026-07-07T22:54:08.0571970+05:30"
2026-07-07 22:54:18.067 +05:30 [INF] HealthAxis API heartbeat running at "2026-07-07T22:54:18.0678665+05:30"
2026-07-07 22:54:28.073 +05:30 [INF] HealthAxis API heartbeat running at "2026-07-07T22:54:28.0734635+05:30"
2026-07-07 22:54:38.077 +05:30 [INF] HealthAxis API heartbeat running at "2026-07-07T22:54:38.0775527+05:30"
2026-07-07 22:54:48.086 +05:30 [INF] HealthAxis API heartbeat running at "2026-07-07T22:54:48.0868544+05:30"
2026-07-07 22:54:58.097 +05:30 [INF] HealthAxis API heartbeat running at "2026-07-07T22:54:58.0978217+05:30"
2026-07-07 22:55:08.113 +05:30 [INF] HealthAxis API heartbeat running at "2026-07-07T22:55:08.1138262+05:30"
2026-07-07 22:55:18.131 +05:30 [INF] HealthAxis API heartbeat running at "2026-07-07T22:55:18.1319579+05:30"
2026-07-07 22:55:28.145 +05:30 [INF] HealthAxis API heartbeat running at "2026-07-07T22:55:28.1454783+05:30"
2026-07-07 22:55:38.162 +05:30 [INF] HealthAxis API heartbeat running at "2026-07-07T22:55:38.1626001+05:30"
2026-07-07 22:55:48.183 +05:30 [INF] HealthAxis API heartbeat running at "2026-07-07T22:55:48.1838096+05:30"
2026-07-07 22:55:58.201 +05:30 [INF] HealthAxis API heartbeat running at "2026-07-07T22:55:58.2015117+05:30"
2026-07-07 22:56:08.214 +05:30 [INF] HealthAxis API heartbeat running at "2026-07-07T22:56:08.2144747+05:30"
2026-07-07 22:56:18.229 +05:30 [INF] HealthAxis API heartbeat running at "2026-07-07T22:56:18.2298018+05:30"
2026-07-07 22:56:28.237 +05:30 [INF] HealthAxis API heartbeat running at "2026-07-07T22:56:28.2375203+05:30"
2026-07-07 22:56:38.256 +05:30 [INF] HealthAxis API heartbeat running at "2026-07-07T22:56:38.2560257+05:30"
2026-07-07 22:56:48.271 +05:30 [INF] HealthAxis API heartbeat running at "2026-07-07T22:56:48.2713990+05:30"
2026-07-07 22:56:58.284 +05:30 [INF] HealthAxis API heartbeat running at "2026-07-07T22:56:58.2846254+05:30"
2026-07-07 22:57:08.288 +05:30 [INF] HealthAxis API heartbeat running at "2026-07-07T22:57:08.2886863+05:30"
2026-07-07 22:57:18.300 +05:30 [INF] HealthAxis API heartbeat running at "2026-07-07T22:57:18.3002119+05:30"
2026-07-07 22:57:28.323 +05:30 [INF] HealthAxis API heartbeat running at "2026-07-07T22:57:28.3231386+05:30"
2026-07-07 22:57:38.371 +05:30 [INF] HealthAxis API heartbeat running at "2026-07-07T22:57:38.3719028+05:30"
2026-07-07 22:57:48.378 +05:30 [INF] HealthAxis API heartbeat running at "2026-07-07T22:57:48.3787983+05:30"
2026-07-07 22:57:58.384 +05:30 [INF] HealthAxis API heartbeat running at "2026-07-07T22:57:58.3840695+05:30"
2026-07-07 22:58:08.389 +05:30 [INF] HealthAxis API heartbeat running at "2026-07-07T22:58:08.3898928+05:30"
2026-07-07 22:58:18.399 +05:30 [INF] HealthAxis API heartbeat running at "2026-07-07T22:58:18.3990315+05:30"
2026-07-07 22:58:28.411 +05:30 [INF] HealthAxis API heartbeat running at "2026-07-07T22:58:28.4119024+05:30"
2026-07-07 22:58:38.426 +05:30 [INF] HealthAxis API heartbeat running at "2026-07-07T22:58:38.4260623+05:30"
2026-07-07 22:58:48.439 +05:30 [INF] HealthAxis API heartbeat running at "2026-07-07T22:58:48.4394370+05:30"
2026-07-07 22:58:58.446 +05:30 [INF] HealthAxis API heartbeat running at "2026-07-07T22:58:58.4462843+05:30"
2026-07-07 22:59:08.463 +05:30 [INF] HealthAxis API heartbeat running at "2026-07-07T22:59:08.4639030+05:30"
2026-07-07 22:59:18.479 +05:30 [INF] HealthAxis API heartbeat running at "2026-07-07T22:59:18.4793207+05:30"
2026-07-07 22:59:28.491 +05:30 [INF] HealthAxis API heartbeat running at "2026-07-07T22:59:28.4912937+05:30"
2026-07-07 22:59:38.495 +05:30 [INF] HealthAxis API heartbeat running at "2026-07-07T22:59:38.4957028+05:30"
2026-07-07 22:59:48.511 +05:30 [INF] HealthAxis API heartbeat running at "2026-07-07T22:59:48.5112553+05:30"
2026-07-07 22:59:58.527 +05:30 [INF] HealthAxis API heartbeat running at "2026-07-07T22:59:58.5270856+05:30"
2026-07-07 23:00:08.542 +05:30 [INF] HealthAxis API heartbeat running at "2026-07-07T23:00:08.5420810+05:30"
2026-07-07 23:00:18.549 +05:30 [INF] HealthAxis API heartbeat running at "2026-07-07T23:00:18.5491754+05:30"
2026-07-07 23:00:28.557 +05:30 [INF] HealthAxis API heartbeat running at "2026-07-07T23:00:28.5578139+05:30"
2026-07-07 23:00:38.564 +05:30 [INF] HealthAxis API heartbeat running at "2026-07-07T23:00:38.5639903+05:30"
2026-07-07 23:00:48.571 +05:30 [INF] HealthAxis API heartbeat running at "2026-07-07T23:00:48.5710816+05:30"
2026-07-07 23:00:58.588 +05:30 [INF] HealthAxis API heartbeat running at "2026-07-07T23:00:58.5881131+05:30"
2026-07-07 23:01:08.600 +05:30 [INF] HealthAxis API heartbeat running at "2026-07-07T23:01:08.6005319+05:30"
2026-07-07 23:01:18.613 +05:30 [INF] HealthAxis API heartbeat running at "2026-07-07T23:01:18.6132882+05:30"
2026-07-07 23:01:28.631 +05:30 [INF] HealthAxis API heartbeat running at "2026-07-07T23:01:28.6311492+05:30"
2026-07-07 23:01:38.634 +05:30 [INF] HealthAxis API heartbeat running at "2026-07-07T23:01:38.6345818+05:30"
2026-07-07 23:01:48.642 +05:30 [INF] HealthAxis API heartbeat running at "2026-07-07T23:01:48.6429060+05:30"
2026-07-07 23:01:58.660 +05:30 [INF] HealthAxis API heartbeat running at "2026-07-07T23:01:58.6602526+05:30"
2026-07-07 23:02:08.675 +05:30 [INF] HealthAxis API heartbeat running at "2026-07-07T23:02:08.6750053+05:30"
2026-07-07 23:02:18.689 +05:30 [INF] HealthAxis API heartbeat running at "2026-07-07T23:02:18.6899672+05:30"
2026-07-07 23:02:28.706 +05:30 [INF] HealthAxis API heartbeat running at "2026-07-07T23:02:28.7059912+05:30"
2026-07-07 23:02:38.719 +05:30 [INF] HealthAxis API heartbeat running at "2026-07-07T23:02:38.7190035+05:30"
2026-07-07 23:02:48.771 +05:30 [INF] HealthAxis API heartbeat running at "2026-07-07T23:02:48.7716867+05:30"
2026-07-07 23:02:58.784 +05:30 [INF] HealthAxis API heartbeat running at "2026-07-07T23:02:58.7840746+05:30"
2026-07-07 23:03:08.793 +05:30 [INF] HealthAxis API heartbeat running at "2026-07-07T23:03:08.7939570+05:30"
2026-07-07 23:03:18.801 +05:30 [INF] HealthAxis API heartbeat running at "2026-07-07T23:03:18.8013299+05:30"
2026-07-07 23:03:28.809 +05:30 [INF] HealthAxis API heartbeat running at "2026-07-07T23:03:28.8096925+05:30"
2026-07-07 23:03:38.827 +05:30 [INF] HealthAxis API heartbeat running at "2026-07-07T23:03:38.8270182+05:30"
2026-07-07 23:03:48.837 +05:30 [INF] HealthAxis API heartbeat running at "2026-07-07T23:03:48.8376115+05:30"
2026-07-07 23:03:58.844 +05:30 [INF] HealthAxis API heartbeat running at "2026-07-07T23:03:58.8445444+05:30"
2026-07-07 23:04:08.850 +05:30 [INF] HealthAxis API heartbeat running at "2026-07-07T23:04:08.8509585+05:30"
2026-07-07 23:04:18.866 +05:30 [INF] HealthAxis API heartbeat running at "2026-07-07T23:04:18.8663050+05:30"
2026-07-07 23:04:28.880 +05:30 [INF] HealthAxis API heartbeat running at "2026-07-07T23:04:28.8806955+05:30"
2026-07-07 23:04:38.888 +05:30 [INF] HealthAxis API heartbeat running at "2026-07-07T23:04:38.8880800+05:30"
2026-07-07 23:04:48.897 +05:30 [INF] HealthAxis API heartbeat running at "2026-07-07T23:04:48.8970889+05:30"
2026-07-07 23:04:58.904 +05:30 [INF] HealthAxis API heartbeat running at "2026-07-07T23:04:58.9045980+05:30"
2026-07-07 23:05:08.913 +05:30 [INF] HealthAxis API heartbeat running at "2026-07-07T23:05:08.9138456+05:30"
2026-07-07 23:05:18.925 +05:30 [INF] HealthAxis API heartbeat running at "2026-07-07T23:05:18.9258546+05:30"
2026-07-07 23:05:28.939 +05:30 [INF] HealthAxis API heartbeat running at "2026-07-07T23:05:28.9398392+05:30"
2026-07-07 23:05:38.957 +05:30 [INF] HealthAxis API heartbeat running at "2026-07-07T23:05:38.9578680+05:30"
2026-07-07 23:05:48.966 +05:30 [INF] HealthAxis API heartbeat running at "2026-07-07T23:05:48.9666581+05:30"
2026-07-07 23:05:58.977 +05:30 [INF] HealthAxis API heartbeat running at "2026-07-07T23:05:58.9774382+05:30"
2026-07-07 23:06:08.992 +05:30 [INF] HealthAxis API heartbeat running at "2026-07-07T23:06:08.9928482+05:30"
2026-07-07 23:06:18.996 +05:30 [INF] HealthAxis API heartbeat running at "2026-07-07T23:06:18.9968784+05:30"
2026-07-07 23:06:29.008 +05:30 [INF] HealthAxis API heartbeat running at "2026-07-07T23:06:29.0089529+05:30"
2026-07-07 23:06:39.022 +05:30 [INF] HealthAxis API heartbeat running at "2026-07-07T23:06:39.0228277+05:30"
2026-07-07 23:06:49.038 +05:30 [INF] HealthAxis API heartbeat running at "2026-07-07T23:06:49.0389686+05:30"
2026-07-07 23:06:59.055 +05:30 [INF] HealthAxis API heartbeat running at "2026-07-07T23:06:59.0558601+05:30"
2026-07-07 23:07:09.074 +05:30 [INF] HealthAxis API heartbeat running at "2026-07-07T23:07:09.0745940+05:30"
2026-07-07 23:07:19.085 +05:30 [INF] HealthAxis API heartbeat running at "2026-07-07T23:07:19.0857921+05:30"
2026-07-07 23:07:29.100 +05:30 [INF] HealthAxis API heartbeat running at "2026-07-07T23:07:29.1009042+05:30"
2026-07-07 23:07:39.107 +05:30 [INF] HealthAxis API heartbeat running at "2026-07-07T23:07:39.1074232+05:30"
2026-07-07 23:07:49.120 +05:30 [INF] HealthAxis API heartbeat running at "2026-07-07T23:07:49.1206382+05:30"
2026-07-07 23:07:59.133 +05:30 [INF] HealthAxis API heartbeat running at "2026-07-07T23:07:59.1330351+05:30"
2026-07-07 23:08:09.138 +05:30 [INF] HealthAxis API heartbeat running at "2026-07-07T23:08:09.1385201+05:30"
2026-07-07 23:08:19.155 +05:30 [INF] HealthAxis API heartbeat running at "2026-07-07T23:08:19.1556503+05:30"
2026-07-07 23:08:29.165 +05:30 [INF] HealthAxis API heartbeat running at "2026-07-07T23:08:29.1652684+05:30"
2026-07-07 23:08:39.174 +05:30 [INF] HealthAxis API heartbeat running at "2026-07-07T23:08:39.1747005+05:30"
2026-07-07 23:08:49.179 +05:30 [INF] HealthAxis API heartbeat running at "2026-07-07T23:08:49.1796858+05:30"
2026-07-07 23:08:59.191 +05:30 [INF] HealthAxis API heartbeat running at "2026-07-07T23:08:59.1915174+05:30"
2026-07-07 23:09:09.202 +05:30 [INF] HealthAxis API heartbeat running at "2026-07-07T23:09:09.2022831+05:30"
2026-07-07 23:09:19.209 +05:30 [INF] HealthAxis API heartbeat running at "2026-07-07T23:09:19.2090902+05:30"
2026-07-07 23:09:29.221 +05:30 [INF] HealthAxis API heartbeat running at "2026-07-07T23:09:29.2218483+05:30"
2026-07-07 23:09:39.227 +05:30 [INF] HealthAxis API heartbeat running at "2026-07-07T23:09:39.2269573+05:30"
2026-07-07 23:09:49.235 +05:30 [INF] HealthAxis API heartbeat running at "2026-07-07T23:09:49.2350942+05:30"
2026-07-07 23:09:59.250 +05:30 [INF] HealthAxis API heartbeat running at "2026-07-07T23:09:59.2507240+05:30"
2026-07-07 23:10:09.263 +05:30 [INF] HealthAxis API heartbeat running at "2026-07-07T23:10:09.2637302+05:30"
2026-07-07 23:10:19.269 +05:30 [INF] HealthAxis API heartbeat running at "2026-07-07T23:10:19.2697875+05:30"
2026-07-07 23:10:29.285 +05:30 [INF] HealthAxis API heartbeat running at "2026-07-07T23:10:29.2855734+05:30"
2026-07-07 23:10:39.298 +05:30 [INF] HealthAxis API heartbeat running at "2026-07-07T23:10:39.2988472+05:30"
2026-07-07 23:10:49.311 +05:30 [INF] HealthAxis API heartbeat running at "2026-07-07T23:10:49.3116701+05:30"
2026-07-07 23:10:59.324 +05:30 [INF] HealthAxis API heartbeat running at "2026-07-07T23:10:59.3246605+05:30"
2026-07-07 23:11:09.331 +05:30 [INF] HealthAxis API heartbeat running at "2026-07-07T23:11:09.3313075+05:30"
2026-07-07 23:11:19.343 +05:30 [INF] HealthAxis API heartbeat running at "2026-07-07T23:11:19.3436133+05:30"
2026-07-07 23:11:29.350 +05:30 [INF] HealthAxis API heartbeat running at "2026-07-07T23:11:29.3500028+05:30"
2026-07-07 23:11:39.366 +05:30 [INF] HealthAxis API heartbeat running at "2026-07-07T23:11:39.3667044+05:30"
2026-07-07 23:11:49.380 +05:30 [INF] HealthAxis API heartbeat running at "2026-07-07T23:11:49.3808511+05:30"
2026-07-07 23:11:59.392 +05:30 [INF] HealthAxis API heartbeat running at "2026-07-07T23:11:59.3923509+05:30"
2026-07-07 23:12:09.396 +05:30 [INF] HealthAxis API heartbeat running at "2026-07-07T23:12:09.3966751+05:30"
2026-07-07 23:12:19.412 +05:30 [INF] HealthAxis API heartbeat running at "2026-07-07T23:12:19.4121118+05:30"
2026-07-07 23:12:29.428 +05:30 [INF] HealthAxis API heartbeat running at "2026-07-07T23:12:29.4289750+05:30"
2026-07-07 23:12:39.437 +05:30 [INF] HealthAxis API heartbeat running at "2026-07-07T23:12:39.4371224+05:30"
2026-07-07 23:12:49.455 +05:30 [INF] HealthAxis API heartbeat running at "2026-07-07T23:12:49.4549998+05:30"
2026-07-07 23:12:59.472 +05:30 [INF] HealthAxis API heartbeat running at "2026-07-07T23:12:59.4722860+05:30"
2026-07-07 23:13:09.482 +05:30 [INF] HealthAxis API heartbeat running at "2026-07-07T23:13:09.4824087+05:30"
2026-07-07 23:13:19.487 +05:30 [INF] HealthAxis API heartbeat running at "2026-07-07T23:13:19.4876750+05:30"
2026-07-07 23:13:29.493 +05:30 [INF] HealthAxis API heartbeat running at "2026-07-07T23:13:29.4937079+05:30"
2026-07-07 23:13:39.512 +05:30 [INF] HealthAxis API heartbeat running at "2026-07-07T23:13:39.5121156+05:30"
2026-07-07 23:13:49.520 +05:30 [INF] HealthAxis API heartbeat running at "2026-07-07T23:13:49.5205996+05:30"
2026-07-07 23:13:59.527 +05:30 [INF] HealthAxis API heartbeat running at "2026-07-07T23:13:59.5272659+05:30"
2026-07-07 23:14:09.540 +05:30 [INF] HealthAxis API heartbeat running at "2026-07-07T23:14:09.5408800+05:30"
2026-07-07 23:14:19.554 +05:30 [INF] HealthAxis API heartbeat running at "2026-07-07T23:14:19.5548346+05:30"
2026-07-07 23:14:29.569 +05:30 [INF] HealthAxis API heartbeat running at "2026-07-07T23:14:29.5698773+05:30"
2026-07-07 23:14:39.583 +05:30 [INF] HealthAxis API heartbeat running at "2026-07-07T23:14:39.5830217+05:30"
2026-07-07 23:14:49.592 +05:30 [INF] HealthAxis API heartbeat running at "2026-07-07T23:14:49.5928664+05:30"
2026-07-07 23:14:59.603 +05:30 [INF] HealthAxis API heartbeat running at "2026-07-07T23:14:59.6033712+05:30"
2026-07-07 23:15:09.619 +05:30 [INF] HealthAxis API heartbeat running at "2026-07-07T23:15:09.6198244+05:30"
2026-07-07 23:15:19.636 +05:30 [INF] HealthAxis API heartbeat running at "2026-07-07T23:15:19.6365149+05:30"
2026-07-07 23:15:29.645 +05:30 [INF] HealthAxis API heartbeat running at "2026-07-07T23:15:29.6459659+05:30"
2026-07-07 23:15:39.660 +05:30 [INF] HealthAxis API heartbeat running at "2026-07-07T23:15:39.6604252+05:30"
2026-07-07 23:15:49.676 +05:30 [INF] HealthAxis API heartbeat running at "2026-07-07T23:15:49.6760997+05:30"
2026-07-07 23:15:59.692 +05:30 [INF] HealthAxis API heartbeat running at "2026-07-07T23:15:59.6928907+05:30"
2026-07-07 23:16:09.707 +05:30 [INF] HealthAxis API heartbeat running at "2026-07-07T23:16:09.7079107+05:30"
2026-07-07 23:16:19.716 +05:30 [INF] HealthAxis API heartbeat running at "2026-07-07T23:16:19.7167619+05:30"
2026-07-07 23:16:29.726 +05:30 [INF] HealthAxis API heartbeat running at "2026-07-07T23:16:29.7266202+05:30"
2026-07-07 23:16:39.731 +05:30 [INF] HealthAxis API heartbeat running at "2026-07-07T23:16:39.7316167+05:30"
2026-07-07 23:16:49.737 +05:30 [INF] HealthAxis API heartbeat running at "2026-07-07T23:16:49.7374182+05:30"
2026-07-07 23:16:59.755 +05:30 [INF] HealthAxis API heartbeat running at "2026-07-07T23:16:59.7556972+05:30"
2026-07-07 23:17:09.772 +05:30 [INF] HealthAxis API heartbeat running at "2026-07-07T23:17:09.7727390+05:30"
2026-07-07 23:17:19.783 +05:30 [INF] HealthAxis API heartbeat running at "2026-07-07T23:17:19.7838842+05:30"
2026-07-07 23:17:29.794 +05:30 [INF] HealthAxis API heartbeat running at "2026-07-07T23:17:29.7942239+05:30"
2026-07-07 23:17:39.805 +05:30 [INF] HealthAxis API heartbeat running at "2026-07-07T23:17:39.8051170+05:30"
2026-07-07 23:17:49.822 +05:30 [INF] HealthAxis API heartbeat running at "2026-07-07T23:17:49.8227299+05:30"
2026-07-07 23:17:59.837 +05:30 [INF] HealthAxis API heartbeat running at "2026-07-07T23:17:59.8369987+05:30"
2026-07-07 23:18:09.845 +05:30 [INF] HealthAxis API heartbeat running at "2026-07-07T23:18:09.8459265+05:30"
2026-07-07 23:18:19.849 +05:30 [INF] HealthAxis API heartbeat running at "2026-07-07T23:18:19.8497279+05:30"
2026-07-07 23:18:29.862 +05:30 [INF] HealthAxis API heartbeat running at "2026-07-07T23:18:29.8625518+05:30"
2026-07-07 23:18:39.868 +05:30 [INF] HealthAxis API heartbeat running at "2026-07-07T23:18:39.8687412+05:30"
2026-07-07 23:18:49.886 +05:30 [INF] HealthAxis API heartbeat running at "2026-07-07T23:18:49.8869375+05:30"
2026-07-07 23:18:59.899 +05:30 [INF] HealthAxis API heartbeat running at "2026-07-07T23:18:59.8999701+05:30"
2026-07-07 23:19:09.916 +05:30 [INF] HealthAxis API heartbeat running at "2026-07-07T23:19:09.9160641+05:30"
2026-07-07 23:19:19.922 +05:30 [INF] HealthAxis API heartbeat running at "2026-07-07T23:19:19.9221297+05:30"
2026-07-07 23:19:29.934 +05:30 [INF] HealthAxis API heartbeat running at "2026-07-07T23:19:29.9343236+05:30"
2026-07-07 23:19:39.950 +05:30 [INF] HealthAxis API heartbeat running at "2026-07-07T23:19:39.9501390+05:30"
2026-07-07 23:19:49.952 +05:30 [INF] HealthAxis API heartbeat running at "2026-07-07T23:19:49.9525206+05:30"
2026-07-07 23:19:59.969 +05:30 [INF] HealthAxis API heartbeat running at "2026-07-07T23:19:59.9697148+05:30"
2026-07-07 23:20:09.975 +05:30 [INF] HealthAxis API heartbeat running at "2026-07-07T23:20:09.9755565+05:30"
2026-07-07 23:20:19.987 +05:30 [INF] HealthAxis API heartbeat running at "2026-07-07T23:20:19.9879795+05:30"
2026-07-07 23:20:30.000 +05:30 [INF] HealthAxis API heartbeat running at "2026-07-07T23:20:30.0006033+05:30"
2026-07-07 23:20:40.010 +05:30 [INF] HealthAxis API heartbeat running at "2026-07-07T23:20:40.0105930+05:30"
2026-07-07 23:20:50.021 +05:30 [INF] HealthAxis API heartbeat running at "2026-07-07T23:20:50.0212916+05:30"
2026-07-07 23:21:00.037 +05:30 [INF] HealthAxis API heartbeat running at "2026-07-07T23:21:00.0370648+05:30"
2026-07-07 23:21:10.050 +05:30 [INF] HealthAxis API heartbeat running at "2026-07-07T23:21:10.0502700+05:30"
2026-07-07 23:21:20.067 +05:30 [INF] HealthAxis API heartbeat running at "2026-07-07T23:21:20.0671389+05:30"
2026-07-07 23:21:30.078 +05:30 [INF] HealthAxis API heartbeat running at "2026-07-07T23:21:30.0787042+05:30"
2026-07-07 23:21:40.093 +05:30 [INF] HealthAxis API heartbeat running at "2026-07-07T23:21:40.0935876+05:30"
2026-07-07 23:21:50.109 +05:30 [INF] HealthAxis API heartbeat running at "2026-07-07T23:21:50.1089905+05:30"
2026-07-07 23:22:00.122 +05:30 [INF] HealthAxis API heartbeat running at "2026-07-07T23:22:00.1224162+05:30"
2026-07-07 23:22:10.131 +05:30 [INF] HealthAxis API heartbeat running at "2026-07-07T23:22:10.1318035+05:30"
2026-07-07 23:22:20.145 +05:30 [INF] HealthAxis API heartbeat running at "2026-07-07T23:22:20.1452577+05:30"
2026-07-07 23:22:30.158 +05:30 [INF] HealthAxis API heartbeat running at "2026-07-07T23:22:30.1589022+05:30"
2026-07-07 23:22:40.168 +05:30 [INF] HealthAxis API heartbeat running at "2026-07-07T23:22:40.1680946+05:30"
2026-07-07 23:22:50.179 +05:30 [INF] HealthAxis API heartbeat running at "2026-07-07T23:22:50.1793138+05:30"
2026-07-07 23:23:00.189 +05:30 [INF] HealthAxis API heartbeat running at "2026-07-07T23:23:00.1899568+05:30"
2026-07-07 23:23:10.207 +05:30 [INF] HealthAxis API heartbeat running at "2026-07-07T23:23:10.2077954+05:30"
2026-07-07 23:23:20.218 +05:30 [INF] HealthAxis API heartbeat running at "2026-07-07T23:23:20.2188716+05:30"
2026-07-07 23:23:30.236 +05:30 [INF] HealthAxis API heartbeat running at "2026-07-07T23:23:30.2367845+05:30"
2026-07-07 23:23:40.254 +05:30 [INF] HealthAxis API heartbeat running at "2026-07-07T23:23:40.2548994+05:30"
2026-07-07 23:23:50.263 +05:30 [INF] HealthAxis API heartbeat running at "2026-07-07T23:23:50.2638615+05:30"
2026-07-07 23:24:00.279 +05:30 [INF] HealthAxis API heartbeat running at "2026-07-07T23:24:00.2791874+05:30"
2026-07-07 23:24:10.294 +05:30 [INF] HealthAxis API heartbeat running at "2026-07-07T23:24:10.2943481+05:30"
2026-07-07 23:24:20.313 +05:30 [INF] HealthAxis API heartbeat running at "2026-07-07T23:24:20.3137311+05:30"
2026-07-07 23:24:30.326 +05:30 [INF] HealthAxis API heartbeat running at "2026-07-07T23:24:30.3267122+05:30"
2026-07-07 23:24:40.342 +05:30 [INF] HealthAxis API heartbeat running at "2026-07-07T23:24:40.3426272+05:30"
2026-07-07 23:24:50.354 +05:30 [INF] HealthAxis API heartbeat running at "2026-07-07T23:24:50.3544328+05:30"
2026-07-07 23:25:00.370 +05:30 [INF] HealthAxis API heartbeat running at "2026-07-07T23:25:00.3704953+05:30"
2026-07-07 23:25:10.374 +05:30 [INF] HealthAxis API heartbeat running at "2026-07-07T23:25:10.3742718+05:30"
2026-07-07 23:25:20.388 +05:30 [INF] HealthAxis API heartbeat running at "2026-07-07T23:25:20.3888476+05:30"
2026-07-07 23:25:30.395 +05:30 [INF] HealthAxis API heartbeat running at "2026-07-07T23:25:30.3954113+05:30"
2026-07-07 23:25:40.408 +05:30 [INF] HealthAxis API heartbeat running at "2026-07-07T23:25:40.4080881+05:30"
2026-07-07 23:25:50.428 +05:30 [INF] HealthAxis API heartbeat running at "2026-07-07T23:25:50.4284976+05:30"
2026-07-07 23:26:00.436 +05:30 [INF] HealthAxis API heartbeat running at "2026-07-07T23:26:00.4359585+05:30"
2026-07-07 23:26:10.441 +05:30 [INF] HealthAxis API heartbeat running at "2026-07-07T23:26:10.4416109+05:30"
2026-07-07 23:26:20.447 +05:30 [INF] HealthAxis API heartbeat running at "2026-07-07T23:26:20.4475490+05:30"
2026-07-07 23:26:30.462 +05:30 [INF] HealthAxis API heartbeat running at "2026-07-07T23:26:30.4620002+05:30"
2026-07-07 23:26:40.472 +05:30 [INF] HealthAxis API heartbeat running at "2026-07-07T23:26:40.4726312+05:30"
2026-07-07 23:26:50.481 +05:30 [INF] HealthAxis API heartbeat running at "2026-07-07T23:26:50.4817981+05:30"
2026-07-07 23:27:00.491 +05:30 [INF] HealthAxis API heartbeat running at "2026-07-07T23:27:00.4912088+05:30"
2026-07-07 23:27:10.499 +05:30 [INF] HealthAxis API heartbeat running at "2026-07-07T23:27:10.4993625+05:30"
2026-07-07 23:27:20.508 +05:30 [INF] HealthAxis API heartbeat running at "2026-07-07T23:27:20.5088874+05:30"
2026-07-07 23:27:30.524 +05:30 [INF] HealthAxis API heartbeat running at "2026-07-07T23:27:30.5247826+05:30"
2026-07-07 23:27:40.538 +05:30 [INF] HealthAxis API heartbeat running at "2026-07-07T23:27:40.5382490+05:30"
2026-07-07 23:27:50.549 +05:30 [INF] HealthAxis API heartbeat running at "2026-07-07T23:27:50.5497527+05:30"
2026-07-07 23:28:00.559 +05:30 [INF] HealthAxis API heartbeat running at "2026-07-07T23:28:00.5592677+05:30"
2026-07-07 23:28:10.561 +05:30 [INF] HealthAxis API heartbeat running at "2026-07-07T23:28:10.5613079+05:30"
2026-07-07 23:28:20.571 +05:30 [INF] HealthAxis API heartbeat running at "2026-07-07T23:28:20.5714190+05:30"
2026-07-07 23:28:30.575 +05:30 [INF] HealthAxis API heartbeat running at "2026-07-07T23:28:30.5755379+05:30"
2026-07-07 23:28:40.585 +05:30 [INF] HealthAxis API heartbeat running at "2026-07-07T23:28:40.5859007+05:30"
2026-07-07 23:28:50.595 +05:30 [INF] HealthAxis API heartbeat running at "2026-07-07T23:28:50.5952111+05:30"
2026-07-07 23:29:00.606 +05:30 [INF] HealthAxis API heartbeat running at "2026-07-07T23:29:00.6065142+05:30"
2026-07-07 23:29:10.615 +05:30 [INF] HealthAxis API heartbeat running at "2026-07-07T23:29:10.6153464+05:30"
2026-07-07 23:29:20.631 +05:30 [INF] HealthAxis API heartbeat running at "2026-07-07T23:29:20.6311550+05:30"
2026-07-07 23:29:30.638 +05:30 [INF] HealthAxis API heartbeat running at "2026-07-07T23:29:30.6388174+05:30"
2026-07-07 23:29:40.659 +05:30 [INF] HealthAxis API heartbeat running at "2026-07-07T23:29:40.6592085+05:30"
2026-07-07 23:29:50.676 +05:30 [INF] HealthAxis API heartbeat running at "2026-07-07T23:29:50.6768106+05:30"
2026-07-07 23:30:00.692 +05:30 [INF] HealthAxis API heartbeat running at "2026-07-07T23:30:00.6926514+05:30"
2026-07-07 23:30:10.698 +05:30 [INF] HealthAxis API heartbeat running at "2026-07-07T23:30:10.6981603+05:30"
2026-07-07 23:30:20.705 +05:30 [INF] HealthAxis API heartbeat running at "2026-07-07T23:30:20.7050185+05:30"
2026-07-07 23:30:30.720 +05:30 [INF] HealthAxis API heartbeat running at "2026-07-07T23:30:30.7208221+05:30"
2026-07-07 23:30:40.728 +05:30 [INF] HealthAxis API heartbeat running at "2026-07-07T23:30:40.7280392+05:30"
2026-07-07 23:30:50.736 +05:30 [INF] HealthAxis API heartbeat running at "2026-07-07T23:30:50.7367540+05:30"
2026-07-07 23:31:00.747 +05:30 [INF] HealthAxis API heartbeat running at "2026-07-07T23:31:00.7472924+05:30"
2026-07-07 23:31:10.755 +05:30 [INF] HealthAxis API heartbeat running at "2026-07-07T23:31:10.7557152+05:30"
2026-07-07 23:31:20.767 +05:30 [INF] HealthAxis API heartbeat running at "2026-07-07T23:31:20.7672421+05:30"
2026-07-07 23:31:30.779 +05:30 [INF] HealthAxis API heartbeat running at "2026-07-07T23:31:30.7797339+05:30"
2026-07-07 23:31:40.794 +05:30 [INF] HealthAxis API heartbeat running at "2026-07-07T23:31:40.7941574+05:30"
2026-07-07 23:31:50.802 +05:30 [INF] HealthAxis API heartbeat running at "2026-07-07T23:31:50.8025384+05:30"
2026-07-07 23:32:00.815 +05:30 [INF] HealthAxis API heartbeat running at "2026-07-07T23:32:00.8157110+05:30"
2026-07-07 23:32:10.825 +05:30 [INF] HealthAxis API heartbeat running at "2026-07-07T23:32:10.8253571+05:30"
2026-07-07 23:32:20.830 +05:30 [INF] HealthAxis API heartbeat running at "2026-07-07T23:32:20.8302978+05:30"
2026-07-07 23:32:30.844 +05:30 [INF] HealthAxis API heartbeat running at "2026-07-07T23:32:30.8448708+05:30"
2026-07-07 23:32:40.867 +05:30 [INF] HealthAxis API heartbeat running at "2026-07-07T23:32:40.8674760+05:30"
2026-07-07 23:32:50.878 +05:30 [INF] HealthAxis API heartbeat running at "2026-07-07T23:32:50.8784861+05:30"
2026-07-07 23:33:00.957 +05:30 [INF] HealthAxis API heartbeat running at "2026-07-07T23:33:00.9571974+05:30"
2026-07-07 23:33:11.255 +05:30 [INF] HealthAxis API heartbeat running at "2026-07-07T23:33:11.2551435+05:30"
2026-07-07 23:33:21.274 +05:30 [INF] HealthAxis API heartbeat running at "2026-07-07T23:33:21.2741226+05:30"
2026-07-07 23:33:31.284 +05:30 [INF] HealthAxis API heartbeat running at "2026-07-07T23:33:31.2846736+05:30"
2026-07-07 23:33:41.296 +05:30 [INF] HealthAxis API heartbeat running at "2026-07-07T23:33:41.2964144+05:30"
2026-07-07 23:33:51.301 +05:30 [INF] HealthAxis API heartbeat running at "2026-07-07T23:33:51.3017703+05:30"
2026-07-07 23:34:01.311 +05:30 [INF] HealthAxis API heartbeat running at "2026-07-07T23:34:01.3114724+05:30"
2026-07-07 23:34:11.327 +05:30 [INF] HealthAxis API heartbeat running at "2026-07-07T23:34:11.3270487+05:30"
2026-07-07 23:34:21.345 +05:30 [INF] HealthAxis API heartbeat running at "2026-07-07T23:34:21.3456029+05:30"
2026-07-07 23:34:31.358 +05:30 [INF] HealthAxis API heartbeat running at "2026-07-07T23:34:31.3585901+05:30"
2026-07-07 23:34:41.364 +05:30 [INF] HealthAxis API heartbeat running at "2026-07-07T23:34:41.3644979+05:30"
2026-07-07 23:34:51.378 +05:30 [INF] HealthAxis API heartbeat running at "2026-07-07T23:34:51.3784442+05:30"
2026-07-07 23:35:01.390 +05:30 [INF] HealthAxis API heartbeat running at "2026-07-07T23:35:01.3907825+05:30"
2026-07-07 23:35:11.394 +05:30 [INF] HealthAxis API heartbeat running at "2026-07-07T23:35:11.3942608+05:30"
2026-07-07 23:35:21.409 +05:30 [INF] HealthAxis API heartbeat running at "2026-07-07T23:35:21.4090867+05:30"
2026-07-07 23:35:31.425 +05:30 [INF] HealthAxis API heartbeat running at "2026-07-07T23:35:31.4250002+05:30"
2026-07-07 23:35:41.440 +05:30 [INF] HealthAxis API heartbeat running at "2026-07-07T23:35:41.4403453+05:30"
2026-07-07 23:35:51.450 +05:30 [INF] HealthAxis API heartbeat running at "2026-07-07T23:35:51.4507389+05:30"
2026-07-07 23:36:01.468 +05:30 [INF] HealthAxis API heartbeat running at "2026-07-07T23:36:01.4688238+05:30"
2026-07-07 23:56:11.194 +05:30 [INF] User profile is available. Using 'C:\Users\310481\AppData\Local\ASP.NET\DataProtection-Keys' as key repository and Windows DPAPI to encrypt keys at rest.
2026-07-07 23:56:17.178 +05:30 [INF] Executed DbCommand (202ms) [Parameters=[@normalizedName='?' (Size = 256)], CommandType='"Text"', CommandTimeout='30']
SELECT TOP(1) [a].[Id], [a].[ConcurrencyStamp], [a].[Name], [a].[NormalizedName]
FROM [AspNetRoles] AS [a]
WHERE [a].[NormalizedName] = @normalizedName
2026-07-07 23:56:17.488 +05:30 [INF] Executed DbCommand (11ms) [Parameters=[@normalizedName='?' (Size = 256)], CommandType='"Text"', CommandTimeout='30']
SELECT TOP(1) [a].[Id], [a].[ConcurrencyStamp], [a].[Name], [a].[NormalizedName]
FROM [AspNetRoles] AS [a]
WHERE [a].[NormalizedName] = @normalizedName
2026-07-07 23:56:17.504 +05:30 [INF] Executed DbCommand (2ms) [Parameters=[@normalizedName='?' (Size = 256)], CommandType='"Text"', CommandTimeout='30']
SELECT TOP(1) [a].[Id], [a].[ConcurrencyStamp], [a].[Name], [a].[NormalizedName]
FROM [AspNetRoles] AS [a]
WHERE [a].[NormalizedName] = @normalizedName
2026-07-07 23:56:17.580 +05:30 [INF] Executed DbCommand (14ms) [Parameters=[@normalizedEmail='?' (Size = 256)], CommandType='"Text"', CommandTimeout='30']
SELECT TOP(2) [a].[Id], [a].[AccessFailedCount], [a].[ConcurrencyStamp], [a].[Email], [a].[EmailConfirmed], [a].[LockoutEnabled], [a].[LockoutEnd], [a].[MustChangePassword], [a].[NormalizedEmail], [a].[NormalizedUserName], [a].[PasswordHash], [a].[PhoneNumber], [a].[PhoneNumberConfirmed], [a].[SecurityStamp], [a].[TwoFactorEnabled], [a].[UserName]
FROM [AspNetUsers] AS [a]
WHERE [a].[NormalizedEmail] = @normalizedEmail
2026-07-07 23:56:17.743 +05:30 [INF] HeartbeatService started.
2026-07-07 23:56:17.744 +05:30 [INF] NotificationCleanupService started.
2026-07-07 23:56:17.746 +05:30 [INF] HealthAxis API heartbeat running at "2026-07-07T23:56:17.7457643+05:30"
2026-07-07 23:56:18.039 +05:30 [INF] Executed DbCommand (10ms) [Parameters=[@cutoffDate='?' (DbType = DateTime2)], CommandType='"Text"', CommandTimeout='30']
SELECT [n].[Id], [n].[CreatedAt], [n].[DoctorId], [n].[IsRead], [n].[Message]
FROM [Notifications] AS [n]
WHERE [n].[CreatedAt] < @cutoffDate
2026-07-07 23:56:18.051 +05:30 [INF] No old notifications found for cleanup.
2026-07-07 23:56:18.397 +05:30 [INF] AppointmentBookedConsumer started in background.
2026-07-07 23:56:19.180 +05:30 [INF] Now listening on: https://localhost:7130
2026-07-07 23:56:19.185 +05:30 [INF] Now listening on: http://localhost:5145
2026-07-07 23:56:19.370 +05:30 [INF] Application started. Press Ctrl+C to shut down.
2026-07-07 23:56:19.375 +05:30 [INF] Hosting environment: Development
2026-07-07 23:56:19.382 +05:30 [INF] Content root path: C:\Users\310481\source\repos\UST-Live-01\Healthcare.netcore\Healthcare.netcore
2026-07-07 23:56:27.763 +05:30 [INF] HealthAxis API heartbeat running at "2026-07-07T23:56:27.7631383+05:30"
2026-07-07 23:56:37.768 +05:30 [INF] HealthAxis API heartbeat running at "2026-07-07T23:56:37.7686941+05:30"
2026-07-07 23:56:47.780 +05:30 [INF] HealthAxis API heartbeat running at "2026-07-07T23:56:47.7805939+05:30"
2026-07-07 23:56:57.792 +05:30 [INF] HealthAxis API heartbeat running at "2026-07-07T23:56:57.7924581+05:30"
2026-07-07 23:57:07.813 +05:30 [INF] HealthAxis API heartbeat running at "2026-07-07T23:57:07.8122415+05:30"
2026-07-07 23:57:17.831 +05:30 [INF] HealthAxis API heartbeat running at "2026-07-07T23:57:17.8318323+05:30"
2026-07-07 23:57:27.850 +05:30 [INF] HealthAxis API heartbeat running at "2026-07-07T23:57:27.8490461+05:30"
2026-07-07 23:57:37.857 +05:30 [INF] HealthAxis API heartbeat running at "2026-07-07T23:57:37.8569783+05:30"
2026-07-07 23:57:47.876 +05:30 [INF] HealthAxis API heartbeat running at "2026-07-07T23:57:47.8762326+05:30"
2026-07-07 23:57:57.890 +05:30 [INF] HealthAxis API heartbeat running at "2026-07-07T23:57:57.8900090+05:30"
2026-07-07 23:58:07.906 +05:30 [INF] HealthAxis API heartbeat running at "2026-07-07T23:58:07.9062200+05:30"
2026-07-07 23:58:17.919 +05:30 [INF] HealthAxis API heartbeat running at "2026-07-07T23:58:17.9187867+05:30"
2026-07-07 23:58:27.931 +05:30 [INF] HealthAxis API heartbeat running at "2026-07-07T23:58:27.9318866+05:30"
2026-07-07 23:58:37.936 +05:30 [INF] HealthAxis API heartbeat running at "2026-07-07T23:58:37.9359595+05:30"
2026-07-07 23:58:47.947 +05:30 [INF] HealthAxis API heartbeat running at "2026-07-07T23:58:47.9467511+05:30"
2026-07-07 23:58:57.963 +05:30 [INF] HealthAxis API heartbeat running at "2026-07-07T23:58:57.9631495+05:30"
2026-07-07 23:59:07.971 +05:30 [INF] HealthAxis API heartbeat running at "2026-07-07T23:59:07.9717179+05:30"
2026-07-07 23:59:17.982 +05:30 [INF] HealthAxis API heartbeat running at "2026-07-07T23:59:17.9816046+05:30"
2026-07-07 23:59:27.987 +05:30 [INF] HealthAxis API heartbeat running at "2026-07-07T23:59:27.9872780+05:30"
2026-07-07 23:59:37.998 +05:30 [INF] HealthAxis API heartbeat running at "2026-07-07T23:59:37.9980058+05:30"
2026-07-07 23:59:48.014 +05:30 [INF] HealthAxis API heartbeat running at "2026-07-07T23:59:48.0132452+05:30"
2026-07-07 23:59:58.019 +05:30 [INF] HealthAxis API heartbeat running at "2026-07-07T23:59:58.0196350+05:30"
