2026-07-15 12:20:49.303 +05:30 [INF] Configured endpoint appointment.events.queue, Consumer: HealthAxis.API.Consumers.AppointmentBookedConsumer
2026-07-15 12:20:49.570 +05:30 [INF] NotificationCleanupService started.
2026-07-15 12:20:49.570 +05:30 [INF] HeartbeatService started.
2026-07-15 12:20:49.574 +05:30 [INF] HealthAxis API heartbeat running at "2026-07-15T12:20:49.5736190+05:30"
2026-07-15 12:20:49.717 +05:30 [INF] No old notifications found for cleanup.
2026-07-15 12:20:49.855 +05:30 [INF] Now listening on: https://localhost:7130
2026-07-15 12:20:49.858 +05:30 [INF] Now listening on: http://localhost:5145
2026-07-15 12:20:49.900 +05:30 [INF] Application started. Press Ctrl+C to shut down.
2026-07-15 12:20:49.902 +05:30 [INF] Hosting environment: Development
2026-07-15 12:20:49.908 +05:30 [INF] Content root path: C:\Users\310481\source\repos\UST-Live-01\Healthcare.netcore\Healthcare.netcore
2026-07-15 12:20:50.177 +05:30 [INF] Bus started: "rabbitmq://localhost/"
2026-07-15 12:20:59.589 +05:30 [INF] HealthAxis API heartbeat running at "2026-07-15T12:20:59.5889415+05:30"
2026-07-15 12:21:09.591 +05:30 [INF] HealthAxis API heartbeat running at "2026-07-15T12:21:09.5917022+05:30"
2026-07-15 12:21:19.607 +05:30 [INF] HealthAxis API heartbeat running at "2026-07-15T12:21:19.6069942+05:30"
2026-07-15 12:21:29.616 +05:30 [INF] HealthAxis API heartbeat running at "2026-07-15T12:21:29.6159587+05:30"
2026-07-15 12:21:39.633 +05:30 [INF] HealthAxis API heartbeat running at "2026-07-15T12:21:39.6339243+05:30"
2026-07-15 12:21:49.648 +05:30 [INF] HealthAxis API heartbeat running at "2026-07-15T12:21:49.6484776+05:30"
2026-07-15 12:21:59.667 +05:30 [INF] HealthAxis API heartbeat running at "2026-07-15T12:21:59.6671317+05:30"
2026-07-15 12:22:09.676 +05:30 [INF] HealthAxis API heartbeat running at "2026-07-15T12:22:09.6764051+05:30"
2026-07-15 12:22:19.689 +05:30 [INF] HealthAxis API heartbeat running at "2026-07-15T12:22:19.6891056+05:30"
2026-07-15 12:22:29.703 +05:30 [INF] HealthAxis API heartbeat running at "2026-07-15T12:22:29.7034101+05:30"
2026-07-15 12:22:39.717 +05:30 [INF] HealthAxis API heartbeat running at "2026-07-15T12:22:39.7176602+05:30"
2026-07-15 12:22:49.730 +05:30 [INF] HealthAxis API heartbeat running at "2026-07-15T12:22:49.7306044+05:30"
2026-07-15 12:22:59.733 +05:30 [INF] HealthAxis API heartbeat running at "2026-07-15T12:22:59.7336820+05:30"
2026-07-15 12:23:09.743 +05:30 [INF] HealthAxis API heartbeat running at "2026-07-15T12:23:09.7432951+05:30"
2026-07-15 12:23:19.764 +05:30 [INF] HealthAxis API heartbeat running at "2026-07-15T12:23:19.7648764+05:30"
2026-07-15 12:23:29.781 +05:30 [INF] HealthAxis API heartbeat running at "2026-07-15T12:23:29.7809882+05:30"
2026-07-15 12:23:39.786 +05:30 [INF] HealthAxis API heartbeat running at "2026-07-15T12:23:39.7865517+05:30"
2026-07-15 12:23:49.934 +05:30 [INF] HealthAxis API heartbeat running at "2026-07-15T12:23:49.9345888+05:30"
2026-07-15 12:23:59.944 +05:30 [INF] HealthAxis API heartbeat running at "2026-07-15T12:23:59.9443558+05:30"
2026-07-15 12:24:09.955 +05:30 [INF] HealthAxis API heartbeat running at "2026-07-15T12:24:09.9556110+05:30"
2026-07-15 12:24:19.972 +05:30 [INF] HealthAxis API heartbeat running at "2026-07-15T12:24:19.9719893+05:30"
2026-07-15 12:24:29.978 +05:30 [INF] HealthAxis API heartbeat running at "2026-07-15T12:24:29.9777314+05:30"
2026-07-15 12:24:39.985 +05:30 [INF] HealthAxis API heartbeat running at "2026-07-15T12:24:39.9850530+05:30"
2026-07-15 12:24:49.991 +05:30 [INF] HealthAxis API heartbeat running at "2026-07-15T12:24:49.9910575+05:30"
2026-07-15 12:25:00.006 +05:30 [INF] HealthAxis API heartbeat running at "2026-07-15T12:25:00.0063541+05:30"
2026-07-15 12:25:10.018 +05:30 [INF] HealthAxis API heartbeat running at "2026-07-15T12:25:10.0181656+05:30"
2026-07-15 12:25:20.028 +05:30 [INF] HealthAxis API heartbeat running at "2026-07-15T12:25:20.0285468+05:30"
2026-07-15 12:25:30.036 +05:30 [INF] HealthAxis API heartbeat running at "2026-07-15T12:25:30.0365286+05:30"
2026-07-15 12:25:40.045 +05:30 [INF] HealthAxis API heartbeat running at "2026-07-15T12:25:40.0454116+05:30"
2026-07-15 12:25:50.052 +05:30 [INF] HealthAxis API heartbeat running at "2026-07-15T12:25:50.0526855+05:30"
2026-07-15 12:26:00.058 +05:30 [INF] HealthAxis API heartbeat running at "2026-07-15T12:26:00.0585381+05:30"
2026-07-15 12:26:10.069 +05:30 [INF] HealthAxis API heartbeat running at "2026-07-15T12:26:10.0698651+05:30"
2026-07-15 12:26:20.080 +05:30 [INF] HealthAxis API heartbeat running at "2026-07-15T12:26:20.0803463+05:30"
2026-07-15 12:26:30.093 +05:30 [INF] HealthAxis API heartbeat running at "2026-07-15T12:26:30.0938949+05:30"
2026-07-15 12:26:40.100 +05:30 [INF] HealthAxis API heartbeat running at "2026-07-15T12:26:40.1000791+05:30"
2026-07-15 12:26:50.112 +05:30 [INF] HealthAxis API heartbeat running at "2026-07-15T12:26:50.1122333+05:30"
2026-07-15 12:27:00.118 +05:30 [INF] HealthAxis API heartbeat running at "2026-07-15T12:27:00.1180655+05:30"
2026-07-15 12:27:10.120 +05:30 [INF] HealthAxis API heartbeat running at "2026-07-15T12:27:10.1204917+05:30"
2026-07-15 12:27:20.125 +05:30 [INF] HealthAxis API heartbeat running at "2026-07-15T12:27:20.1255454+05:30"
2026-07-15 12:27:30.135 +05:30 [INF] HealthAxis API heartbeat running at "2026-07-15T12:27:30.1349569+05:30"
2026-07-15 12:27:40.146 +05:30 [INF] HealthAxis API heartbeat running at "2026-07-15T12:27:40.1468308+05:30"
2026-07-15 12:27:50.158 +05:30 [INF] HealthAxis API heartbeat running at "2026-07-15T12:27:50.1581908+05:30"
2026-07-15 12:28:00.170 +05:30 [INF] HealthAxis API heartbeat running at "2026-07-15T12:28:00.1699991+05:30"
2026-07-15 12:28:10.175 +05:30 [INF] HealthAxis API heartbeat running at "2026-07-15T12:28:10.1752083+05:30"
2026-07-15 12:28:20.182 +05:30 [INF] HealthAxis API heartbeat running at "2026-07-15T12:28:20.1823378+05:30"
2026-07-15 12:28:30.196 +05:30 [INF] HealthAxis API heartbeat running at "2026-07-15T12:28:30.1967597+05:30"
2026-07-15 12:28:40.203 +05:30 [INF] HealthAxis API heartbeat running at "2026-07-15T12:28:40.2033759+05:30"
2026-07-15 12:28:50.217 +05:30 [INF] HealthAxis API heartbeat running at "2026-07-15T12:28:50.2178125+05:30"
2026-07-15 12:29:00.233 +05:30 [INF] HealthAxis API heartbeat running at "2026-07-15T12:29:00.2330494+05:30"
2026-07-15 12:29:10.249 +05:30 [INF] HealthAxis API heartbeat running at "2026-07-15T12:29:10.2496856+05:30"
2026-07-15 12:29:20.260 +05:30 [INF] HealthAxis API heartbeat running at "2026-07-15T12:29:20.2609228+05:30"
2026-07-15 12:29:30.272 +05:30 [INF] HealthAxis API heartbeat running at "2026-07-15T12:29:30.2728369+05:30"
2026-07-15 12:29:40.281 +05:30 [INF] HealthAxis API heartbeat running at "2026-07-15T12:29:40.2816780+05:30"
2026-07-15 12:29:50.286 +05:30 [INF] HealthAxis API heartbeat running at "2026-07-15T12:29:50.2863362+05:30"
2026-07-15 12:30:00.291 +05:30 [INF] HealthAxis API heartbeat running at "2026-07-15T12:30:00.2910985+05:30"
2026-07-15 12:30:10.305 +05:30 [INF] HealthAxis API heartbeat running at "2026-07-15T12:30:10.3056494+05:30"
2026-07-15 12:30:20.311 +05:30 [INF] HealthAxis API heartbeat running at "2026-07-15T12:30:20.3117074+05:30"
2026-07-15 12:30:30.320 +05:30 [INF] HealthAxis API heartbeat running at "2026-07-15T12:30:30.3207596+05:30"
2026-07-15 12:30:40.327 +05:30 [INF] HealthAxis API heartbeat running at "2026-07-15T12:30:40.3276131+05:30"
2026-07-15 12:30:50.333 +05:30 [INF] HealthAxis API heartbeat running at "2026-07-15T12:30:50.3326167+05:30"
2026-07-15 12:31:00.348 +05:30 [INF] HealthAxis API heartbeat running at "2026-07-15T12:31:00.3484445+05:30"
2026-07-15 12:31:10.362 +05:30 [INF] HealthAxis API heartbeat running at "2026-07-15T12:31:10.3622257+05:30"
2026-07-15 12:31:20.366 +05:30 [INF] HealthAxis API heartbeat running at "2026-07-15T12:31:20.3663093+05:30"
2026-07-15 12:31:30.374 +05:30 [INF] HealthAxis API heartbeat running at "2026-07-15T12:31:30.3746177+05:30"
2026-07-15 12:31:40.387 +05:30 [INF] HealthAxis API heartbeat running at "2026-07-15T12:31:40.3874174+05:30"
2026-07-15 12:31:50.396 +05:30 [INF] HealthAxis API heartbeat running at "2026-07-15T12:31:50.3967916+05:30"
2026-07-15 12:32:00.410 +05:30 [INF] HealthAxis API heartbeat running at "2026-07-15T12:32:00.4102731+05:30"
2026-07-15 12:32:10.420 +05:30 [INF] HealthAxis API heartbeat running at "2026-07-15T12:32:10.4203288+05:30"
2026-07-15 12:32:20.428 +05:30 [INF] HealthAxis API heartbeat running at "2026-07-15T12:32:20.4284345+05:30"
2026-07-15 12:32:30.441 +05:30 [INF] HealthAxis API heartbeat running at "2026-07-15T12:32:30.4413108+05:30"
2026-07-15 12:32:40.455 +05:30 [INF] HealthAxis API heartbeat running at "2026-07-15T12:32:40.4556566+05:30"
2026-07-15 12:32:50.465 +05:30 [INF] HealthAxis API heartbeat running at "2026-07-15T12:32:50.4658942+05:30"
2026-07-15 12:33:00.472 +05:30 [INF] HealthAxis API heartbeat running at "2026-07-15T12:33:00.4729211+05:30"
2026-07-15 12:33:10.477 +05:30 [INF] HealthAxis API heartbeat running at "2026-07-15T12:33:10.4774563+05:30"
2026-07-15 12:33:20.481 +05:30 [INF] HealthAxis API heartbeat running at "2026-07-15T12:33:20.4819229+05:30"
2026-07-15 12:33:30.495 +05:30 [INF] HealthAxis API heartbeat running at "2026-07-15T12:33:30.4958734+05:30"
2026-07-15 12:33:40.501 +05:30 [INF] HealthAxis API heartbeat running at "2026-07-15T12:33:40.5012269+05:30"
2026-07-15 12:33:50.517 +05:30 [INF] HealthAxis API heartbeat running at "2026-07-15T12:33:50.5175929+05:30"
2026-07-15 12:34:00.530 +05:30 [INF] HealthAxis API heartbeat running at "2026-07-15T12:34:00.5308624+05:30"
2026-07-15 12:34:10.548 +05:30 [INF] HealthAxis API heartbeat running at "2026-07-15T12:34:10.5481603+05:30"
2026-07-15 12:34:20.553 +05:30 [INF] HealthAxis API heartbeat running at "2026-07-15T12:34:20.5538984+05:30"
2026-07-15 12:34:30.568 +05:30 [INF] HealthAxis API heartbeat running at "2026-07-15T12:34:30.5687531+05:30"
2026-07-15 12:34:40.580 +05:30 [INF] HealthAxis API heartbeat running at "2026-07-15T12:34:40.5802778+05:30"
2026-07-15 12:34:50.589 +05:30 [INF] HealthAxis API heartbeat running at "2026-07-15T12:34:50.5891892+05:30"
2026-07-15 12:35:00.596 +05:30 [INF] HealthAxis API heartbeat running at "2026-07-15T12:35:00.5965211+05:30"
2026-07-15 12:35:10.601 +05:30 [INF] HealthAxis API heartbeat running at "2026-07-15T12:35:10.6012748+05:30"
2026-07-15 12:35:20.611 +05:30 [INF] HealthAxis API heartbeat running at "2026-07-15T12:35:20.6112218+05:30"
2026-07-15 12:35:30.615 +05:30 [INF] HealthAxis API heartbeat running at "2026-07-15T12:35:30.6159269+05:30"
2026-07-15 12:35:40.615 +05:30 [INF] HealthAxis API heartbeat running at "2026-07-15T12:35:40.6150792+05:30"
2026-07-15 12:35:50.630 +05:30 [INF] HealthAxis API heartbeat running at "2026-07-15T12:35:50.6304494+05:30"
2026-07-15 12:36:00.638 +05:30 [INF] HealthAxis API heartbeat running at "2026-07-15T12:36:00.6381146+05:30"
2026-07-15 12:36:10.637 +05:30 [INF] HealthAxis API heartbeat running at "2026-07-15T12:36:10.6373487+05:30"
2026-07-15 12:36:20.646 +05:30 [INF] HealthAxis API heartbeat running at "2026-07-15T12:36:20.6460749+05:30"
2026-07-15 12:36:30.655 +05:30 [INF] HealthAxis API heartbeat running at "2026-07-15T12:36:30.6557770+05:30"
2026-07-15 12:36:40.665 +05:30 [INF] HealthAxis API heartbeat running at "2026-07-15T12:36:40.6655505+05:30"
2026-07-15 12:36:50.676 +05:30 [INF] HealthAxis API heartbeat running at "2026-07-15T12:36:50.6769399+05:30"
2026-07-15 12:37:00.691 +05:30 [INF] HealthAxis API heartbeat running at "2026-07-15T12:37:00.6910814+05:30"
2026-07-15 12:37:10.696 +05:30 [INF] HealthAxis API heartbeat running at "2026-07-15T12:37:10.6963114+05:30"
2026-07-15 12:37:20.706 +05:30 [INF] HealthAxis API heartbeat running at "2026-07-15T12:37:20.7069053+05:30"
2026-07-15 12:37:30.721 +05:30 [INF] HealthAxis API heartbeat running at "2026-07-15T12:37:30.7210980+05:30"
2026-07-15 12:37:40.729 +05:30 [INF] HealthAxis API heartbeat running at "2026-07-15T12:37:40.7297329+05:30"
2026-07-15 12:37:50.745 +05:30 [INF] HealthAxis API heartbeat running at "2026-07-15T12:37:50.7454155+05:30"
2026-07-15 12:38:00.749 +05:30 [INF] HealthAxis API heartbeat running at "2026-07-15T12:38:00.7498882+05:30"
2026-07-15 12:38:10.755 +05:30 [INF] HealthAxis API heartbeat running at "2026-07-15T12:38:10.7559507+05:30"
2026-07-15 12:38:20.759 +05:30 [INF] HealthAxis API heartbeat running at "2026-07-15T12:38:20.7596489+05:30"
2026-07-15 12:38:30.763 +05:30 [INF] HealthAxis API heartbeat running at "2026-07-15T12:38:30.7639142+05:30"
2026-07-15 12:38:40.775 +05:30 [INF] HealthAxis API heartbeat running at "2026-07-15T12:38:40.7757067+05:30"
2026-07-15 12:38:50.788 +05:30 [INF] HealthAxis API heartbeat running at "2026-07-15T12:38:50.7883809+05:30"
2026-07-15 12:39:00.802 +05:30 [INF] HealthAxis API heartbeat running at "2026-07-15T12:39:00.8023319+05:30"
2026-07-15 12:39:10.808 +05:30 [INF] HealthAxis API heartbeat running at "2026-07-15T12:39:10.8082508+05:30"
2026-07-15 12:39:20.812 +05:30 [INF] HealthAxis API heartbeat running at "2026-07-15T12:39:20.8121198+05:30"
2026-07-15 12:39:30.818 +05:30 [INF] HealthAxis API heartbeat running at "2026-07-15T12:39:30.8187637+05:30"
2026-07-15 12:39:40.826 +05:30 [INF] HealthAxis API heartbeat running at "2026-07-15T12:39:40.8269014+05:30"
2026-07-15 12:39:50.837 +05:30 [INF] HealthAxis API heartbeat running at "2026-07-15T12:39:50.8378003+05:30"
2026-07-15 12:40:00.842 +05:30 [INF] HealthAxis API heartbeat running at "2026-07-15T12:40:00.8427963+05:30"
2026-07-15 12:40:10.853 +05:30 [INF] HealthAxis API heartbeat running at "2026-07-15T12:40:10.8532520+05:30"
2026-07-15 12:40:20.858 +05:30 [INF] HealthAxis API heartbeat running at "2026-07-15T12:40:20.8587310+05:30"
2026-07-15 12:40:30.865 +05:30 [INF] HealthAxis API heartbeat running at "2026-07-15T12:40:30.8656835+05:30"
2026-07-15 12:40:40.868 +05:30 [INF] HealthAxis API heartbeat running at "2026-07-15T12:40:40.8681502+05:30"
2026-07-15 12:40:50.870 +05:30 [INF] HealthAxis API heartbeat running at "2026-07-15T12:40:50.8706888+05:30"
2026-07-15 12:41:00.885 +05:30 [INF] HealthAxis API heartbeat running at "2026-07-15T12:41:00.8852956+05:30"
2026-07-15 12:41:10.940 +05:30 [INF] HealthAxis API heartbeat running at "2026-07-15T12:41:10.9402423+05:30"
2026-07-15 12:41:20.946 +05:30 [INF] HealthAxis API heartbeat running at "2026-07-15T12:41:20.9467126+05:30"
2026-07-15 12:41:30.961 +05:30 [INF] HealthAxis API heartbeat running at "2026-07-15T12:41:30.9611884+05:30"
2026-07-15 12:41:40.971 +05:30 [INF] HealthAxis API heartbeat running at "2026-07-15T12:41:40.9711875+05:30"
2026-07-15 12:41:50.975 +05:30 [INF] HealthAxis API heartbeat running at "2026-07-15T12:41:50.9756550+05:30"
2026-07-15 12:42:00.987 +05:30 [INF] HealthAxis API heartbeat running at "2026-07-15T12:42:00.9872114+05:30"
2026-07-15 12:42:11.003 +05:30 [INF] HealthAxis API heartbeat running at "2026-07-15T12:42:11.0035976+05:30"
2026-07-15 12:42:21.078 +05:30 [INF] HealthAxis API heartbeat running at "2026-07-15T12:42:21.0784414+05:30"
2026-07-15 12:42:31.084 +05:30 [INF] HealthAxis API heartbeat running at "2026-07-15T12:42:31.0849442+05:30"
2026-07-15 12:42:41.092 +05:30 [INF] HealthAxis API heartbeat running at "2026-07-15T12:42:41.0921723+05:30"
2026-07-15 12:42:51.105 +05:30 [INF] HealthAxis API heartbeat running at "2026-07-15T12:42:51.1051689+05:30"
2026-07-15 12:43:01.106 +05:30 [INF] HealthAxis API heartbeat running at "2026-07-15T12:43:01.1066147+05:30"
2026-07-15 12:43:11.108 +05:30 [INF] HealthAxis API heartbeat running at "2026-07-15T12:43:11.1083475+05:30"
2026-07-15 12:43:21.125 +05:30 [INF] HealthAxis API heartbeat running at "2026-07-15T12:43:21.1250866+05:30"
2026-07-15 12:43:31.141 +05:30 [INF] HealthAxis API heartbeat running at "2026-07-15T12:43:31.1412304+05:30"
2026-07-15 12:43:41.144 +05:30 [INF] HealthAxis API heartbeat running at "2026-07-15T12:43:41.1445974+05:30"
2026-07-15 12:43:51.154 +05:30 [INF] HealthAxis API heartbeat running at "2026-07-15T12:43:51.1540685+05:30"
2026-07-15 12:44:01.167 +05:30 [INF] HealthAxis API heartbeat running at "2026-07-15T12:44:01.1673906+05:30"
2026-07-15 12:44:11.176 +05:30 [INF] HealthAxis API heartbeat running at "2026-07-15T12:44:11.1767788+05:30"
2026-07-15 12:44:21.194 +05:30 [INF] HealthAxis API heartbeat running at "2026-07-15T12:44:21.1944476+05:30"
2026-07-15 12:44:31.205 +05:30 [INF] HealthAxis API heartbeat running at "2026-07-15T12:44:31.2059434+05:30"
2026-07-15 12:44:41.211 +05:30 [INF] HealthAxis API heartbeat running at "2026-07-15T12:44:41.2115424+05:30"
2026-07-15 12:44:51.214 +05:30 [INF] HealthAxis API heartbeat running at "2026-07-15T12:44:51.2142254+05:30"
2026-07-15 12:45:01.227 +05:30 [INF] HealthAxis API heartbeat running at "2026-07-15T12:45:01.2271504+05:30"
2026-07-15 12:45:11.237 +05:30 [INF] HealthAxis API heartbeat running at "2026-07-15T12:45:11.2373528+05:30"
2026-07-15 12:45:21.243 +05:30 [INF] HealthAxis API heartbeat running at "2026-07-15T12:45:21.2430831+05:30"
2026-07-15 12:45:31.257 +05:30 [INF] HealthAxis API heartbeat running at "2026-07-15T12:45:31.2572825+05:30"
2026-07-15 12:45:41.260 +05:30 [INF] HealthAxis API heartbeat running at "2026-07-15T12:45:41.2608402+05:30"
2026-07-15 12:45:51.278 +05:30 [INF] HealthAxis API heartbeat running at "2026-07-15T12:45:51.2781282+05:30"
2026-07-15 12:46:01.282 +05:30 [INF] HealthAxis API heartbeat running at "2026-07-15T12:46:01.2826015+05:30"
2026-07-15 12:46:11.295 +05:30 [INF] HealthAxis API heartbeat running at "2026-07-15T12:46:11.2951070+05:30"
2026-07-15 12:46:21.295 +05:30 [INF] HealthAxis API heartbeat running at "2026-07-15T12:46:21.2955238+05:30"
2026-07-15 12:46:31.311 +05:30 [INF] HealthAxis API heartbeat running at "2026-07-15T12:46:31.3115609+05:30"
2026-07-15 12:46:41.322 +05:30 [INF] HealthAxis API heartbeat running at "2026-07-15T12:46:41.3224763+05:30"
2026-07-15 12:46:51.325 +05:30 [INF] HealthAxis API heartbeat running at "2026-07-15T12:46:51.3254307+05:30"
2026-07-15 12:47:01.334 +05:30 [INF] HealthAxis API heartbeat running at "2026-07-15T12:47:01.3341480+05:30"
2026-07-15 12:47:11.350 +05:30 [INF] HealthAxis API heartbeat running at "2026-07-15T12:47:11.3500293+05:30"
2026-07-15 12:47:21.360 +05:30 [INF] HealthAxis API heartbeat running at "2026-07-15T12:47:21.3601683+05:30"
2026-07-15 12:47:31.363 +05:30 [INF] HealthAxis API heartbeat running at "2026-07-15T12:47:31.3636882+05:30"
2026-07-15 12:47:41.373 +05:30 [INF] HealthAxis API heartbeat running at "2026-07-15T12:47:41.3731923+05:30"
2026-07-15 12:47:51.385 +05:30 [INF] HealthAxis API heartbeat running at "2026-07-15T12:47:51.3854277+05:30"
2026-07-15 12:48:01.400 +05:30 [INF] HealthAxis API heartbeat running at "2026-07-15T12:48:01.4006562+05:30"
2026-07-15 12:48:11.406 +05:30 [INF] HealthAxis API heartbeat running at "2026-07-15T12:48:11.4060313+05:30"
2026-07-15 12:48:21.417 +05:30 [INF] HealthAxis API heartbeat running at "2026-07-15T12:48:21.4173431+05:30"
2026-07-15 12:48:31.430 +05:30 [INF] HealthAxis API heartbeat running at "2026-07-15T12:48:31.4306440+05:30"
2026-07-15 12:48:41.434 +05:30 [INF] HealthAxis API heartbeat running at "2026-07-15T12:48:41.4347407+05:30"
2026-07-15 12:48:51.452 +05:30 [INF] HealthAxis API heartbeat running at "2026-07-15T12:48:51.4524061+05:30"
2026-07-15 12:49:01.473 +05:30 [INF] HealthAxis API heartbeat running at "2026-07-15T12:49:01.4737508+05:30"
2026-07-15 12:49:11.614 +05:30 [INF] HealthAxis API heartbeat running at "2026-07-15T12:49:11.6149306+05:30"
2026-07-15 12:49:21.616 +05:30 [INF] HealthAxis API heartbeat running at "2026-07-15T12:49:21.6168647+05:30"
2026-07-15 12:49:31.626 +05:30 [INF] HealthAxis API heartbeat running at "2026-07-15T12:49:31.6268018+05:30"
2026-07-15 12:49:41.626 +05:30 [INF] HealthAxis API heartbeat running at "2026-07-15T12:49:41.6267942+05:30"
2026-07-15 12:49:51.640 +05:30 [INF] HealthAxis API heartbeat running at "2026-07-15T12:49:51.6402132+05:30"
2026-07-15 12:50:01.655 +05:30 [INF] HealthAxis API heartbeat running at "2026-07-15T12:50:01.6559140+05:30"
2026-07-15 12:50:11.658 +05:30 [INF] HealthAxis API heartbeat running at "2026-07-15T12:50:11.6583257+05:30"
2026-07-15 12:50:21.662 +05:30 [INF] HealthAxis API heartbeat running at "2026-07-15T12:50:21.6622120+05:30"
2026-07-15 12:50:31.669 +05:30 [INF] HealthAxis API heartbeat running at "2026-07-15T12:50:31.6697434+05:30"
2026-07-15 12:50:41.681 +05:30 [INF] HealthAxis API heartbeat running at "2026-07-15T12:50:41.6818965+05:30"
2026-07-15 12:50:51.699 +05:30 [INF] HealthAxis API heartbeat running at "2026-07-15T12:50:51.6995045+05:30"
2026-07-15 12:51:01.704 +05:30 [INF] HealthAxis API heartbeat running at "2026-07-15T12:51:01.7042165+05:30"
2026-07-15 12:51:11.716 +05:30 [INF] HealthAxis API heartbeat running at "2026-07-15T12:51:11.7168403+05:30"
2026-07-15 12:51:21.722 +05:30 [INF] HealthAxis API heartbeat running at "2026-07-15T12:51:21.7226928+05:30"
2026-07-15 12:51:31.727 +05:30 [INF] HealthAxis API heartbeat running at "2026-07-15T12:51:31.7277210+05:30"
2026-07-15 12:51:41.740 +05:30 [INF] HealthAxis API heartbeat running at "2026-07-15T12:51:41.7408695+05:30"
2026-07-15 12:51:51.754 +05:30 [INF] HealthAxis API heartbeat running at "2026-07-15T12:51:51.7549714+05:30"
2026-07-15 12:52:01.767 +05:30 [INF] HealthAxis API heartbeat running at "2026-07-15T12:52:01.7670423+05:30"
2026-07-15 12:52:11.781 +05:30 [INF] HealthAxis API heartbeat running at "2026-07-15T12:52:11.7818147+05:30"
2026-07-15 12:52:21.782 +05:30 [INF] HealthAxis API heartbeat running at "2026-07-15T12:52:21.7824169+05:30"
2026-07-15 12:52:31.799 +05:30 [INF] HealthAxis API heartbeat running at "2026-07-15T12:52:31.7996237+05:30"
2026-07-15 12:52:41.800 +05:30 [INF] HealthAxis API heartbeat running at "2026-07-15T12:52:41.8003163+05:30"
2026-07-15 12:52:51.812 +05:30 [INF] HealthAxis API heartbeat running at "2026-07-15T12:52:51.8127171+05:30"
2026-07-15 12:53:01.820 +05:30 [INF] HealthAxis API heartbeat running at "2026-07-15T12:53:01.8206673+05:30"
2026-07-15 12:53:11.824 +05:30 [INF] HealthAxis API heartbeat running at "2026-07-15T12:53:11.8248169+05:30"
2026-07-15 12:53:21.836 +05:30 [INF] HealthAxis API heartbeat running at "2026-07-15T12:53:21.8366089+05:30"
2026-07-15 12:53:31.852 +05:30 [INF] HealthAxis API heartbeat running at "2026-07-15T12:53:31.8529194+05:30"
2026-07-15 12:53:41.867 +05:30 [INF] HealthAxis API heartbeat running at "2026-07-15T12:53:41.8677784+05:30"
2026-07-15 12:53:51.873 +05:30 [INF] HealthAxis API heartbeat running at "2026-07-15T12:53:51.8730685+05:30"
2026-07-15 12:54:01.880 +05:30 [INF] HealthAxis API heartbeat running at "2026-07-15T12:54:01.8807195+05:30"
2026-07-15 12:54:11.890 +05:30 [INF] HealthAxis API heartbeat running at "2026-07-15T12:54:11.8905984+05:30"
2026-07-15 12:54:21.890 +05:30 [INF] HealthAxis API heartbeat running at "2026-07-15T12:54:21.8906024+05:30"
2026-07-15 12:54:31.894 +05:30 [INF] HealthAxis API heartbeat running at "2026-07-15T12:54:31.8943045+05:30"
2026-07-15 12:54:41.902 +05:30 [INF] HealthAxis API heartbeat running at "2026-07-15T12:54:41.9022531+05:30"
2026-07-15 12:54:51.910 +05:30 [INF] HealthAxis API heartbeat running at "2026-07-15T12:54:51.9107577+05:30"
2026-07-15 12:55:01.920 +05:30 [INF] HealthAxis API heartbeat running at "2026-07-15T12:55:01.9207993+05:30"
2026-07-15 12:55:11.930 +05:30 [INF] HealthAxis API heartbeat running at "2026-07-15T12:55:11.9300676+05:30"
2026-07-15 12:55:21.932 +05:30 [INF] HealthAxis API heartbeat running at "2026-07-15T12:55:21.9324542+05:30"
2026-07-15 12:55:31.936 +05:30 [INF] HealthAxis API heartbeat running at "2026-07-15T12:55:31.9362444+05:30"
2026-07-15 12:55:41.946 +05:30 [INF] HealthAxis API heartbeat running at "2026-07-15T12:55:41.9467284+05:30"
2026-07-15 12:55:51.969 +05:30 [INF] HealthAxis API heartbeat running at "2026-07-15T12:55:51.9693378+05:30"
2026-07-15 12:56:01.977 +05:30 [INF] HealthAxis API heartbeat running at "2026-07-15T12:56:01.9776099+05:30"
2026-07-15 12:56:11.978 +05:30 [INF] HealthAxis API heartbeat running at "2026-07-15T12:56:11.9784846+05:30"
2026-07-15 12:56:21.984 +05:30 [INF] HealthAxis API heartbeat running at "2026-07-15T12:56:21.9844723+05:30"
2026-07-15 12:56:31.991 +05:30 [INF] HealthAxis API heartbeat running at "2026-07-15T12:56:31.9911471+05:30"
2026-07-15 12:56:42.006 +05:30 [INF] HealthAxis API heartbeat running at "2026-07-15T12:56:42.0062098+05:30"
2026-07-15 12:56:52.009 +05:30 [INF] HealthAxis API heartbeat running at "2026-07-15T12:56:52.0092507+05:30"
2026-07-15 12:57:02.017 +05:30 [INF] HealthAxis API heartbeat running at "2026-07-15T12:57:02.0178153+05:30"
2026-07-15 12:57:12.031 +05:30 [INF] HealthAxis API heartbeat running at "2026-07-15T12:57:12.0310865+05:30"
2026-07-15 12:57:22.038 +05:30 [INF] HealthAxis API heartbeat running at "2026-07-15T12:57:22.0385060+05:30"
2026-07-15 12:57:32.053 +05:30 [INF] HealthAxis API heartbeat running at "2026-07-15T12:57:32.0531450+05:30"
2026-07-15 12:57:42.064 +05:30 [INF] HealthAxis API heartbeat running at "2026-07-15T12:57:42.0642042+05:30"
2026-07-15 12:57:52.072 +05:30 [INF] HealthAxis API heartbeat running at "2026-07-15T12:57:52.0726067+05:30"
2026-07-15 12:58:02.089 +05:30 [INF] HealthAxis API heartbeat running at "2026-07-15T12:58:02.0894141+05:30"
2026-07-15 12:58:12.096 +05:30 [INF] HealthAxis API heartbeat running at "2026-07-15T12:58:12.0967121+05:30"
2026-07-15 12:58:22.110 +05:30 [INF] HealthAxis API heartbeat running at "2026-07-15T12:58:22.1107523+05:30"
2026-07-15 12:58:32.126 +05:30 [INF] HealthAxis API heartbeat running at "2026-07-15T12:58:32.1262240+05:30"
2026-07-15 12:58:42.136 +05:30 [INF] HealthAxis API heartbeat running at "2026-07-15T12:58:42.1359983+05:30"
2026-07-15 12:58:52.149 +05:30 [INF] HealthAxis API heartbeat running at "2026-07-15T12:58:52.1494124+05:30"
2026-07-15 12:59:02.162 +05:30 [INF] HealthAxis API heartbeat running at "2026-07-15T12:59:02.1627861+05:30"
2026-07-15 12:59:12.167 +05:30 [INF] HealthAxis API heartbeat running at "2026-07-15T12:59:12.1672862+05:30"
2026-07-15 12:59:22.183 +05:30 [INF] HealthAxis API heartbeat running at "2026-07-15T12:59:22.1829966+05:30"
2026-07-15 12:59:32.190 +05:30 [INF] HealthAxis API heartbeat running at "2026-07-15T12:59:32.1909716+05:30"
2026-07-15 12:59:42.191 +05:30 [INF] HealthAxis API heartbeat running at "2026-07-15T12:59:42.1915806+05:30"
2026-07-15 12:59:52.206 +05:30 [INF] HealthAxis API heartbeat running at "2026-07-15T12:59:52.2066583+05:30"
2026-07-15 13:00:02.213 +05:30 [INF] HealthAxis API heartbeat running at "2026-07-15T13:00:02.2136630+05:30"
2026-07-15 13:00:12.218 +05:30 [INF] HealthAxis API heartbeat running at "2026-07-15T13:00:12.2187452+05:30"
2026-07-15 13:00:22.227 +05:30 [INF] HealthAxis API heartbeat running at "2026-07-15T13:00:22.2273718+05:30"
2026-07-15 13:00:32.231 +05:30 [INF] HealthAxis API heartbeat running at "2026-07-15T13:00:32.2316637+05:30"
2026-07-15 13:00:42.243 +05:30 [INF] HealthAxis API heartbeat running at "2026-07-15T13:00:42.2430716+05:30"
2026-07-15 13:00:52.250 +05:30 [INF] HealthAxis API heartbeat running at "2026-07-15T13:00:52.2503910+05:30"
2026-07-15 13:01:02.256 +05:30 [INF] HealthAxis API heartbeat running at "2026-07-15T13:01:02.2560863+05:30"
2026-07-15 13:01:12.271 +05:30 [INF] HealthAxis API heartbeat running at "2026-07-15T13:01:12.2709910+05:30"
2026-07-15 13:01:22.278 +05:30 [INF] HealthAxis API heartbeat running at "2026-07-15T13:01:22.2781478+05:30"
2026-07-15 13:01:32.286 +05:30 [INF] HealthAxis API heartbeat running at "2026-07-15T13:01:32.2865925+05:30"
2026-07-15 13:01:42.289 +05:30 [INF] HealthAxis API heartbeat running at "2026-07-15T13:01:42.2895577+05:30"
2026-07-15 13:01:52.303 +05:30 [INF] HealthAxis API heartbeat running at "2026-07-15T13:01:52.3036814+05:30"
2026-07-15 13:02:02.313 +05:30 [INF] HealthAxis API heartbeat running at "2026-07-15T13:02:02.3131870+05:30"
2026-07-15 13:02:12.321 +05:30 [INF] HealthAxis API heartbeat running at "2026-07-15T13:02:12.3213963+05:30"
2026-07-15 13:02:22.326 +05:30 [INF] HealthAxis API heartbeat running at "2026-07-15T13:02:22.3266019+05:30"
2026-07-15 13:02:32.334 +05:30 [INF] HealthAxis API heartbeat running at "2026-07-15T13:02:32.3344449+05:30"
2026-07-15 13:02:32.994 +05:30 [INF] HTTP OPTIONS /api/auth/login responded 204 in 6.3720 ms
2026-07-15 13:02:34.025 +05:30 [INF] HTTP POST /api/auth/login responded 200 in 1003.7969 ms
2026-07-15 13:02:34.065 +05:30 [INF] HTTP OPTIONS /api/patients/me responded 204 in 0.6674 ms
2026-07-15 13:02:34.366 +05:30 [WRN] You do not have a valid license key for the Lucky Penny software AutoMapper. This is allowed for development and testing scenarios. If you are running in production you are required to have a licensed version. Please visit https://luckypennysoftware.com to obtain a valid license.
2026-07-15 13:02:34.431 +05:30 [INF] HTTP GET /api/patients/me responded 200 in 360.6371 ms
2026-07-15 13:02:34.443 +05:30 [INF] HTTP GET /api/patients/me responded 200 in 9.7299 ms
2026-07-15 13:02:34.447 +05:30 [INF] HTTP OPTIONS /api/doctors responded 204 in 0.0807 ms
2026-07-15 13:02:34.447 +05:30 [INF] HTTP OPTIONS /api/appointments responded 204 in 0.1164 ms
2026-07-15 13:02:34.447 +05:30 [INF] HTTP OPTIONS /api/patients/1006/health-records responded 204 in 0.0222 ms
2026-07-15 13:02:34.549 +05:30 [INF] HTTP GET /api/appointments responded 200 in 97.2382 ms
2026-07-15 13:02:34.570 +05:30 [INF] HTTP GET /api/patients/1006/health-records responded 200 in 117.0610 ms
2026-07-15 13:02:34.811 +05:30 [INF] HTTP GET /api/doctors responded 200 in 360.9865 ms
2026-07-15 13:02:36.654 +05:30 [INF] HTTP OPTIONS /api/doctors responded 204 in 0.2737 ms
2026-07-15 13:02:36.673 +05:30 [INF] HTTP GET /api/doctors responded 200 in 14.0004 ms
2026-07-15 13:02:42.348 +05:30 [INF] HealthAxis API heartbeat running at "2026-07-15T13:02:42.3481353+05:30"
2026-07-15 13:02:52.359 +05:30 [INF] HealthAxis API heartbeat running at "2026-07-15T13:02:52.3599013+05:30"
2026-07-15 13:03:02.370 +05:30 [INF] HealthAxis API heartbeat running at "2026-07-15T13:03:02.3704270+05:30"
2026-07-15 13:03:05.367 +05:30 [INF] HTTP OPTIONS /api/doctors/3/availability responded 204 in 0.1070 ms
2026-07-15 13:03:05.367 +05:30 [INF] HTTP OPTIONS /api/doctors/6/availability responded 204 in 0.0479 ms
2026-07-15 13:03:05.757 +05:30 [INF] 
========================================
CACHE MISS - DOCTOR AVAILABILITY
========================================
Doctor Id : 3
Date      : 2026-08-28
Key       : doctors:3:availability:2026-08-28
Source    : SQL Server Required
========================================
2026-07-15 13:03:05.757 +05:30 [INF] 
========================================
CACHE MISS - DOCTOR AVAILABILITY
========================================
Doctor Id : 6
Date      : 2026-08-28
Key       : doctors:6:availability:2026-08-28
Source    : SQL Server Required
========================================
2026-07-15 13:03:05.876 +05:30 [INF] 
========================================
CACHE STORED IN GARNET
========================================
Doctor Id : 3
Date      : 2026-08-28
Key       : doctors:3:availability:2026-08-28
TTL       : 5 Minutes
Slots     : 12
========================================
2026-07-15 13:03:05.876 +05:30 [INF] 
========================================
CACHE STORED IN GARNET
========================================
Doctor Id : 6
Date      : 2026-08-28
Key       : doctors:6:availability:2026-08-28
TTL       : 5 Minutes
Slots     : 12
========================================
2026-07-15 13:03:05.878 +05:30 [INF] HTTP GET /api/doctors/3/availability responded 200 in 504.8329 ms
2026-07-15 13:03:05.878 +05:30 [INF] HTTP GET /api/doctors/6/availability responded 200 in 504.9335 ms
2026-07-15 13:03:11.493 +05:30 [INF] HTTP OPTIONS /api/appointments responded 204 in 0.1222 ms
2026-07-15 13:03:11.633 +05:30 [INF] 
========================================
CACHE REMOVED - DOCTOR AVAILABILITY
========================================
Doctor Id : 3
Date      : 2026-08-28
Key       : doctors:3:availability:2026-08-28
Reason    : Appointment booked
========================================
2026-07-15 13:03:11.798 +05:30 [INF] AppointmentBookedEvent published using MassTransit for AppointmentId 53, DoctorId 3
2026-07-15 13:03:11.805 +05:30 [INF] HTTP POST /api/appointments responded 200 in 307.6100 ms
2026-07-15 13:03:11.834 +05:30 [INF] ===============================
APPOINTMENT EVENT RECEIVED
===============================
Event Type  : AppointmentBooked
Appointment : 53
Patient     : Raju
Doctor      : 3
Date        : 28-Aug-2026
Time Slot   : 15:30
Occurred At : 15-Jul-2026 07:33:11
===============================
2026-07-15 13:03:11.860 +05:30 [INF] Notification created for DoctorId 3 for AppointmentId 53
2026-07-15 13:03:12.375 +05:30 [INF] HealthAxis API heartbeat running at "2026-07-15T13:03:12.3750578+05:30"
2026-07-15 13:03:14.332 +05:30 [INF] HTTP OPTIONS /api/doctors responded 204 in 0.0570 ms
2026-07-15 13:03:14.332 +05:30 [INF] HTTP OPTIONS /api/health-records/patient/1006 responded 204 in 0.0565 ms
2026-07-15 13:03:14.345 +05:30 [INF] HTTP GET /api/appointments responded 200 in 13.7653 ms
2026-07-15 13:03:14.346 +05:30 [INF] HTTP GET /api/doctors responded 200 in 6.3309 ms
2026-07-15 13:03:14.374 +05:30 [INF] HTTP GET /api/health-records/patient/1006 responded 200 in 31.5282 ms
2026-07-15 13:03:22.390 +05:30 [INF] HealthAxis API heartbeat running at "2026-07-15T13:03:22.3903044+05:30"
2026-07-15 13:03:32.407 +05:30 [INF] HealthAxis API heartbeat running at "2026-07-15T13:03:32.4070975+05:30"
2026-07-15 13:03:42.417 +05:30 [INF] HealthAxis API heartbeat running at "2026-07-15T13:03:42.4170515+05:30"
2026-07-15 13:03:52.427 +05:30 [INF] HealthAxis API heartbeat running at "2026-07-15T13:03:52.4273744+05:30"
2026-07-15 13:04:02.431 +05:30 [INF] HealthAxis API heartbeat running at "2026-07-15T13:04:02.4319631+05:30"
2026-07-15 13:04:12.435 +05:30 [INF] HealthAxis API heartbeat running at "2026-07-15T13:04:12.4356996+05:30"
2026-07-15 13:04:22.449 +05:30 [INF] HealthAxis API heartbeat running at "2026-07-15T13:04:22.4496019+05:30"
2026-07-15 13:04:32.454 +05:30 [INF] HealthAxis API heartbeat running at "2026-07-15T13:04:32.4541462+05:30"
2026-07-15 13:04:42.457 +05:30 [INF] HealthAxis API heartbeat running at "2026-07-15T13:04:42.4577428+05:30"
2026-07-15 13:04:52.459 +05:30 [INF] HealthAxis API heartbeat running at "2026-07-15T13:04:52.4597990+05:30"
2026-07-15 13:05:02.466 +05:30 [INF] HealthAxis API heartbeat running at "2026-07-15T13:05:02.4664306+05:30"
2026-07-15 13:05:12.475 +05:30 [INF] HealthAxis API heartbeat running at "2026-07-15T13:05:12.4759078+05:30"
2026-07-15 13:05:22.492 +05:30 [INF] HealthAxis API heartbeat running at "2026-07-15T13:05:22.4922880+05:30"
2026-07-15 13:05:32.502 +05:30 [INF] HealthAxis API heartbeat running at "2026-07-15T13:05:32.5026944+05:30"
2026-07-15 13:05:42.510 +05:30 [INF] HealthAxis API heartbeat running at "2026-07-15T13:05:42.5106925+05:30"
2026-07-15 13:05:52.513 +05:30 [INF] HealthAxis API heartbeat running at "2026-07-15T13:05:52.5129847+05:30"
2026-07-15 13:06:02.526 +05:30 [INF] HealthAxis API heartbeat running at "2026-07-15T13:06:02.5262736+05:30"
2026-07-15 13:06:12.538 +05:30 [INF] HealthAxis API heartbeat running at "2026-07-15T13:06:12.5389689+05:30"
2026-07-15 13:06:22.545 +05:30 [INF] HealthAxis API heartbeat running at "2026-07-15T13:06:22.5453043+05:30"
2026-07-15 13:06:32.553 +05:30 [INF] HealthAxis API heartbeat running at "2026-07-15T13:06:32.5535822+05:30"
2026-07-15 13:06:42.562 +05:30 [INF] HealthAxis API heartbeat running at "2026-07-15T13:06:42.5629064+05:30"
2026-07-15 13:06:52.569 +05:30 [INF] HealthAxis API heartbeat running at "2026-07-15T13:06:52.5699031+05:30"
2026-07-15 13:07:02.581 +05:30 [INF] HealthAxis API heartbeat running at "2026-07-15T13:07:02.5818879+05:30"
2026-07-15 13:07:12.599 +05:30 [INF] HealthAxis API heartbeat running at "2026-07-15T13:07:12.5997112+05:30"
2026-07-15 13:07:22.606 +05:30 [INF] HealthAxis API heartbeat running at "2026-07-15T13:07:22.6067670+05:30"
2026-07-15 13:07:32.609 +05:30 [INF] HealthAxis API heartbeat running at "2026-07-15T13:07:32.6099560+05:30"
2026-07-15 13:07:42.621 +05:30 [INF] HealthAxis API heartbeat running at "2026-07-15T13:07:42.6215215+05:30"
2026-07-15 13:07:52.637 +05:30 [INF] HealthAxis API heartbeat running at "2026-07-15T13:07:52.6373390+05:30"
2026-07-15 13:08:02.649 +05:30 [INF] HealthAxis API heartbeat running at "2026-07-15T13:08:02.6490510+05:30"
2026-07-15 13:08:12.662 +05:30 [INF] HealthAxis API heartbeat running at "2026-07-15T13:08:12.6624347+05:30"
2026-07-15 13:08:22.674 +05:30 [INF] HealthAxis API heartbeat running at "2026-07-15T13:08:22.6742176+05:30"
2026-07-15 13:08:32.683 +05:30 [INF] HealthAxis API heartbeat running at "2026-07-15T13:08:32.6839379+05:30"
2026-07-15 13:08:42.697 +05:30 [INF] HealthAxis API heartbeat running at "2026-07-15T13:08:42.6977917+05:30"
2026-07-15 13:08:52.712 +05:30 [INF] HealthAxis API heartbeat running at "2026-07-15T13:08:52.7126008+05:30"
2026-07-15 13:09:02.725 +05:30 [INF] HealthAxis API heartbeat running at "2026-07-15T13:09:02.7253393+05:30"
2026-07-15 13:09:12.730 +05:30 [INF] HealthAxis API heartbeat running at "2026-07-15T13:09:12.7305992+05:30"
2026-07-15 13:09:22.738 +05:30 [INF] HealthAxis API heartbeat running at "2026-07-15T13:09:22.7384704+05:30"
2026-07-15 13:09:32.752 +05:30 [INF] HealthAxis API heartbeat running at "2026-07-15T13:09:32.7523249+05:30"
2026-07-15 13:09:42.755 +05:30 [INF] HealthAxis API heartbeat running at "2026-07-15T13:09:42.7549877+05:30"
2026-07-15 13:09:52.757 +05:30 [INF] HealthAxis API heartbeat running at "2026-07-15T13:09:52.7570713+05:30"
2026-07-15 13:10:02.770 +05:30 [INF] HealthAxis API heartbeat running at "2026-07-15T13:10:02.7704943+05:30"
2026-07-15 13:10:12.773 +05:30 [INF] HealthAxis API heartbeat running at "2026-07-15T13:10:12.7736460+05:30"
2026-07-15 13:10:22.790 +05:30 [INF] HealthAxis API heartbeat running at "2026-07-15T13:10:22.7904492+05:30"
2026-07-15 13:10:32.805 +05:30 [INF] HealthAxis API heartbeat running at "2026-07-15T13:10:32.8057790+05:30"
2026-07-15 13:10:42.817 +05:30 [INF] HealthAxis API heartbeat running at "2026-07-15T13:10:42.8170056+05:30"
2026-07-15 13:10:52.820 +05:30 [INF] HealthAxis API heartbeat running at "2026-07-15T13:10:52.8202743+05:30"
2026-07-15 13:11:02.824 +05:30 [INF] HealthAxis API heartbeat running at "2026-07-15T13:11:02.8243319+05:30"
2026-07-15 13:11:12.836 +05:30 [INF] HealthAxis API heartbeat running at "2026-07-15T13:11:12.8361991+05:30"
2026-07-15 13:11:22.836 +05:30 [INF] HealthAxis API heartbeat running at "2026-07-15T13:11:22.8369070+05:30"
2026-07-15 13:11:32.850 +05:30 [INF] HealthAxis API heartbeat running at "2026-07-15T13:11:32.8500571+05:30"
2026-07-15 13:11:42.861 +05:30 [INF] HealthAxis API heartbeat running at "2026-07-15T13:11:42.8615042+05:30"
2026-07-15 13:11:52.871 +05:30 [INF] HealthAxis API heartbeat running at "2026-07-15T13:11:52.8712920+05:30"
2026-07-15 13:12:02.885 +05:30 [INF] HealthAxis API heartbeat running at "2026-07-15T13:12:02.8855463+05:30"
2026-07-15 13:12:12.887 +05:30 [INF] HealthAxis API heartbeat running at "2026-07-15T13:12:12.8878482+05:30"
2026-07-15 13:12:22.889 +05:30 [INF] HealthAxis API heartbeat running at "2026-07-15T13:12:22.8894272+05:30"
2026-07-15 13:12:32.907 +05:30 [INF] HealthAxis API heartbeat running at "2026-07-15T13:12:32.9072193+05:30"
2026-07-15 13:12:42.913 +05:30 [INF] HealthAxis API heartbeat running at "2026-07-15T13:12:42.9136271+05:30"
2026-07-15 13:12:52.921 +05:30 [INF] HealthAxis API heartbeat running at "2026-07-15T13:12:52.9211023+05:30"
2026-07-15 13:13:02.924 +05:30 [INF] HealthAxis API heartbeat running at "2026-07-15T13:13:02.9249673+05:30"
2026-07-15 13:13:12.925 +05:30 [INF] HealthAxis API heartbeat running at "2026-07-15T13:13:12.9252540+05:30"
2026-07-15 13:13:23.757 +05:30 [INF] HealthAxis API heartbeat running at "2026-07-15T13:13:23.7573925+05:30"
2026-07-15 13:13:25.660 +05:30 [INF] HTTP OPTIONS /api/patients/me responded 204 in 0.1209 ms
2026-07-15 13:13:25.660 +05:30 [INF] HTTP OPTIONS /api/doctors responded 204 in 0.0694 ms
2026-07-15 13:13:25.660 +05:30 [INF] HTTP OPTIONS /api/health-records/patient/1006 responded 204 in 0.0297 ms
2026-07-15 13:13:25.661 +05:30 [INF] HTTP OPTIONS /api/appointments responded 204 in 0.0217 ms
2026-07-15 13:13:25.890 +05:30 [INF] HTTP GET /api/patients/me responded 200 in 225.4034 ms
2026-07-15 13:13:26.126 +05:30 [INF] HTTP GET /api/health-records/patient/1006 responded 200 in 458.0866 ms
2026-07-15 13:13:26.126 +05:30 [INF] HTTP GET /api/doctors responded 200 in 459.7646 ms
2026-07-15 13:13:26.334 +05:30 [INF] HTTP GET /api/appointments responded 200 in 663.9649 ms
2026-07-15 13:13:55.569 +05:30 [INF] HealthAxis API heartbeat running at "2026-07-15T13:13:55.5699479+05:30"
2026-07-15 13:58:33.550 +05:30 [INF] HealthAxis API heartbeat running at "2026-07-15T13:58:33.5505708+05:30"
2026-07-15 13:58:43.572 +05:30 [INF] HealthAxis API heartbeat running at "2026-07-15T13:58:43.5728630+05:30"
2026-07-15 13:58:53.580 +05:30 [INF] HealthAxis API heartbeat running at "2026-07-15T13:58:53.5806959+05:30"
2026-07-15 13:59:03.583 +05:30 [INF] HealthAxis API heartbeat running at "2026-07-15T13:59:03.5839553+05:30"
2026-07-15 13:59:13.586 +05:30 [INF] HealthAxis API heartbeat running at "2026-07-15T13:59:13.5868846+05:30"
2026-07-15 13:59:23.599 +05:30 [INF] HealthAxis API heartbeat running at "2026-07-15T13:59:23.5990579+05:30"
2026-07-15 13:59:33.605 +05:30 [INF] HealthAxis API heartbeat running at "2026-07-15T13:59:33.6054721+05:30"
2026-07-15 13:59:43.612 +05:30 [INF] HealthAxis API heartbeat running at "2026-07-15T13:59:43.6124593+05:30"
2026-07-15 13:59:53.628 +05:30 [INF] HealthAxis API heartbeat running at "2026-07-15T13:59:53.6285384+05:30"
2026-07-15 14:00:03.641 +05:30 [INF] HealthAxis API heartbeat running at "2026-07-15T14:00:03.6410219+05:30"
2026-07-15 14:00:13.651 +05:30 [INF] HealthAxis API heartbeat running at "2026-07-15T14:00:13.6511167+05:30"
2026-07-15 14:00:23.668 +05:30 [INF] HealthAxis API heartbeat running at "2026-07-15T14:00:23.6682376+05:30"
2026-07-15 14:00:33.672 +05:30 [INF] HealthAxis API heartbeat running at "2026-07-15T14:00:33.6726806+05:30"
2026-07-15 14:00:43.681 +05:30 [INF] HealthAxis API heartbeat running at "2026-07-15T14:00:43.6818979+05:30"
2026-07-15 14:00:53.689 +05:30 [INF] HealthAxis API heartbeat running at "2026-07-15T14:00:53.6895467+05:30"
2026-07-15 14:01:03.699 +05:30 [INF] HealthAxis API heartbeat running at "2026-07-15T14:01:03.6998520+05:30"
2026-07-15 14:01:13.714 +05:30 [INF] HealthAxis API heartbeat running at "2026-07-15T14:01:13.7149307+05:30"
2026-07-15 14:01:23.721 +05:30 [INF] HealthAxis API heartbeat running at "2026-07-15T14:01:23.7212763+05:30"
2026-07-15 14:01:33.723 +05:30 [INF] HealthAxis API heartbeat running at "2026-07-15T14:01:33.7238852+05:30"
2026-07-15 14:01:43.739 +05:30 [INF] HealthAxis API heartbeat running at "2026-07-15T14:01:43.7399577+05:30"
2026-07-15 14:01:53.756 +05:30 [INF] HealthAxis API heartbeat running at "2026-07-15T14:01:53.7566373+05:30"
2026-07-15 14:02:03.760 +05:30 [INF] HealthAxis API heartbeat running at "2026-07-15T14:02:03.7602311+05:30"
2026-07-15 14:02:13.769 +05:30 [INF] HealthAxis API heartbeat running at "2026-07-15T14:02:13.7695595+05:30"
2026-07-15 14:02:23.775 +05:30 [INF] HealthAxis API heartbeat running at "2026-07-15T14:02:23.7754722+05:30"
2026-07-15 14:02:33.777 +05:30 [INF] HealthAxis API heartbeat running at "2026-07-15T14:02:33.7775504+05:30"
2026-07-15 14:02:43.794 +05:30 [INF] HealthAxis API heartbeat running at "2026-07-15T14:02:43.7941498+05:30"
2026-07-15 14:02:53.809 +05:30 [INF] HealthAxis API heartbeat running at "2026-07-15T14:02:53.8097810+05:30"
2026-07-15 14:03:03.825 +05:30 [INF] HealthAxis API heartbeat running at "2026-07-15T14:03:03.8254833+05:30"
2026-07-15 14:03:13.839 +05:30 [INF] HealthAxis API heartbeat running at "2026-07-15T14:03:13.8396453+05:30"
2026-07-15 14:03:23.854 +05:30 [INF] HealthAxis API heartbeat running at "2026-07-15T14:03:23.8540463+05:30"
2026-07-15 14:03:33.864 +05:30 [INF] HealthAxis API heartbeat running at "2026-07-15T14:03:33.8641747+05:30"
2026-07-15 14:03:43.870 +05:30 [INF] HealthAxis API heartbeat running at "2026-07-15T14:03:43.8705793+05:30"
2026-07-15 14:03:53.882 +05:30 [INF] HealthAxis API heartbeat running at "2026-07-15T14:03:53.8826788+05:30"
2026-07-15 14:04:03.892 +05:30 [INF] HealthAxis API heartbeat running at "2026-07-15T14:04:03.8924029+05:30"
2026-07-15 14:04:13.909 +05:30 [INF] HealthAxis API heartbeat running at "2026-07-15T14:04:13.9094228+05:30"
2026-07-15 14:04:23.914 +05:30 [INF] HealthAxis API heartbeat running at "2026-07-15T14:04:23.9144534+05:30"
2026-07-15 14:04:33.917 +05:30 [INF] HealthAxis API heartbeat running at "2026-07-15T14:04:33.9172627+05:30"
2026-07-15 14:04:43.927 +05:30 [INF] HealthAxis API heartbeat running at "2026-07-15T14:04:43.9277914+05:30"
2026-07-15 14:04:53.936 +05:30 [INF] HealthAxis API heartbeat running at "2026-07-15T14:04:53.9360988+05:30"
2026-07-15 14:05:03.943 +05:30 [INF] HealthAxis API heartbeat running at "2026-07-15T14:05:03.9439163+05:30"
2026-07-15 14:05:13.953 +05:30 [INF] HealthAxis API heartbeat running at "2026-07-15T14:05:13.9533167+05:30"
2026-07-15 14:05:23.957 +05:30 [INF] HealthAxis API heartbeat running at "2026-07-15T14:05:23.9570518+05:30"
2026-07-15 14:05:32.758 +05:30 [INF] HTTP OPTIONS /api/patients/me responded 204 in 0.3660 ms
2026-07-15 14:05:32.758 +05:30 [INF] HTTP OPTIONS /api/health-records/patient/1006 responded 204 in 0.3159 ms
2026-07-15 14:05:32.759 +05:30 [INF] HTTP OPTIONS /api/appointments responded 204 in 0.0640 ms
2026-07-15 14:05:32.760 +05:30 [INF] HTTP OPTIONS /api/doctors responded 204 in 0.0472 ms
2026-07-15 14:05:32.791 +05:30 [INF] HTTP GET /api/doctors responded 401 in 20.7833 ms
2026-07-15 14:05:32.791 +05:30 [INF] HTTP GET /api/appointments responded 401 in 23.2252 ms
2026-07-15 14:05:32.791 +05:30 [INF] HTTP GET /api/patients/me responded 401 in 24.6314 ms
2026-07-15 14:05:32.791 +05:30 [INF] HTTP GET /api/health-records/patient/1006 responded 401 in 24.5911 ms
2026-07-15 14:05:33.962 +05:30 [INF] HealthAxis API heartbeat running at "2026-07-15T14:05:33.9620754+05:30"
2026-07-15 14:05:38.005 +05:30 [INF] No old notifications found for cleanup.
2026-07-15 14:05:43.973 +05:30 [INF] HealthAxis API heartbeat running at "2026-07-15T14:05:43.9730430+05:30"
2026-07-15 14:05:53.981 +05:30 [INF] HealthAxis API heartbeat running at "2026-07-15T14:05:53.9817873+05:30"
2026-07-15 14:06:03.996 +05:30 [INF] HealthAxis API heartbeat running at "2026-07-15T14:06:03.9968480+05:30"
2026-07-15 14:06:14.022 +05:30 [INF] HealthAxis API heartbeat running at "2026-07-15T14:06:14.0221987+05:30"
2026-07-15 14:06:24.060 +05:30 [INF] HealthAxis API heartbeat running at "2026-07-15T14:06:24.0600726+05:30"
2026-07-15 14:06:34.074 +05:30 [INF] HealthAxis API heartbeat running at "2026-07-15T14:06:34.0748203+05:30"
2026-07-15 14:06:44.092 +05:30 [INF] HealthAxis API heartbeat running at "2026-07-15T14:06:44.0925068+05:30"
2026-07-15 14:06:54.108 +05:30 [INF] HealthAxis API heartbeat running at "2026-07-15T14:06:54.1083387+05:30"
2026-07-15 14:07:04.110 +05:30 [INF] HealthAxis API heartbeat running at "2026-07-15T14:07:04.1100578+05:30"
2026-07-15 14:07:14.117 +05:30 [INF] HealthAxis API heartbeat running at "2026-07-15T14:07:14.1172004+05:30"
2026-07-15 14:07:24.125 +05:30 [INF] HealthAxis API heartbeat running at "2026-07-15T14:07:24.1256967+05:30"
2026-07-15 14:07:34.139 +05:30 [INF] HealthAxis API heartbeat running at "2026-07-15T14:07:34.1394693+05:30"
2026-07-15 14:07:44.155 +05:30 [INF] HealthAxis API heartbeat running at "2026-07-15T14:07:44.1554060+05:30"
2026-07-15 14:07:54.171 +05:30 [INF] HealthAxis API heartbeat running at "2026-07-15T14:07:54.1710697+05:30"
2026-07-15 14:08:04.176 +05:30 [INF] HealthAxis API heartbeat running at "2026-07-15T14:08:04.1761178+05:30"
2026-07-15 14:08:14.182 +05:30 [INF] HealthAxis API heartbeat running at "2026-07-15T14:08:14.1829047+05:30"
2026-07-15 14:08:24.189 +05:30 [INF] HealthAxis API heartbeat running at "2026-07-15T14:08:24.1897556+05:30"
2026-07-15 14:08:34.196 +05:30 [INF] HealthAxis API heartbeat running at "2026-07-15T14:08:34.1966734+05:30"
2026-07-15 14:08:40.346 +05:30 [INF] HTTP OPTIONS /api/patients/me responded 204 in 0.7672 ms
2026-07-15 14:08:40.355 +05:30 [INF] HTTP GET /api/patients/me responded 401 in 1.3439 ms
2026-07-15 14:08:40.361 +05:30 [INF] HTTP OPTIONS /api/appointments responded 204 in 0.0708 ms
2026-07-15 14:08:40.362 +05:30 [INF] HTTP OPTIONS /api/health-records/patient/1006 responded 204 in 0.0417 ms
2026-07-15 14:08:40.362 +05:30 [INF] HTTP OPTIONS /api/doctors responded 204 in 0.0298 ms
2026-07-15 14:08:40.366 +05:30 [INF] HTTP GET /api/appointments responded 401 in 0.6870 ms
2026-07-15 14:08:40.368 +05:30 [INF] HTTP GET /api/health-records/patient/1006 responded 401 in 0.6506 ms
2026-07-15 14:08:40.370 +05:30 [INF] HTTP GET /api/doctors responded 401 in 0.8997 ms
2026-07-15 14:08:44.205 +05:30 [INF] HealthAxis API heartbeat running at "2026-07-15T14:08:44.2056206+05:30"
2026-07-15 14:08:52.505 +05:30 [INF] HTTP OPTIONS /api/doctors responded 204 in 0.1181 ms
2026-07-15 14:08:52.517 +05:30 [INF] HTTP GET /api/doctors responded 401 in 1.0603 ms
2026-07-15 14:08:54.214 +05:30 [INF] HealthAxis API heartbeat running at "2026-07-15T14:08:54.2144192+05:30"
2026-07-15 14:09:04.223 +05:30 [INF] HealthAxis API heartbeat running at "2026-07-15T14:09:04.2238790+05:30"
2026-07-15 14:09:14.240 +05:30 [INF] HealthAxis API heartbeat running at "2026-07-15T14:09:14.2402310+05:30"
2026-07-15 14:09:24.250 +05:30 [INF] HealthAxis API heartbeat running at "2026-07-15T14:09:24.2506974+05:30"
2026-07-15 14:09:34.262 +05:30 [INF] HealthAxis API heartbeat running at "2026-07-15T14:09:34.2623953+05:30"
2026-07-15 14:09:44.268 +05:30 [INF] HealthAxis API heartbeat running at "2026-07-15T14:09:44.2685133+05:30"
2026-07-15 14:09:52.944 +05:30 [INF] HTTP OPTIONS /api/auth/login responded 204 in 0.0557 ms
2026-07-15 14:09:53.203 +05:30 [INF] HTTP POST /api/auth/login responded 200 in 254.0155 ms
2026-07-15 14:09:54.278 +05:30 [INF] HealthAxis API heartbeat running at "2026-07-15T14:09:54.2786349+05:30"
2026-07-15 14:09:54.996 +05:30 [INF] HTTP OPTIONS /api/admin/doctors responded 204 in 0.0500 ms
2026-07-15 14:09:55.079 +05:30 [INF] HTTP GET /api/admin/doctors responded 200 in 76.6467 ms
2026-07-15 14:09:55.129 +05:30 [INF] HTTP OPTIONS /api/patients responded 204 in 0.0460 ms
2026-07-15 14:09:55.174 +05:30 [INF] HTTP GET /api/patients responded 200 in 41.0544 ms
2026-07-15 14:09:55.201 +05:30 [INF] HTTP OPTIONS /api/appointments responded 204 in 0.0567 ms
2026-07-15 14:09:55.211 +05:30 [INF] HTTP GET /api/appointments responded 200 in 5.9743 ms
2026-07-15 14:10:04.292 +05:30 [INF] HealthAxis API heartbeat running at "2026-07-15T14:10:04.2924276+05:30"
2026-07-15 14:10:14.301 +05:30 [INF] HealthAxis API heartbeat running at "2026-07-15T14:10:14.3013401+05:30"
2026-07-15 14:10:24.313 +05:30 [INF] HealthAxis API heartbeat running at "2026-07-15T14:10:24.3133979+05:30"
2026-07-15 14:10:34.320 +05:30 [INF] HealthAxis API heartbeat running at "2026-07-15T14:10:34.3207601+05:30"
2026-07-15 14:10:44.330 +05:30 [INF] HealthAxis API heartbeat running at "2026-07-15T14:10:44.3305500+05:30"
2026-07-15 14:10:54.387 +05:30 [INF] HealthAxis API heartbeat running at "2026-07-15T14:10:54.3878487+05:30"
2026-07-15 14:11:04.399 +05:30 [INF] HealthAxis API heartbeat running at "2026-07-15T14:11:04.3990447+05:30"
2026-07-15 14:11:14.402 +05:30 [INF] HealthAxis API heartbeat running at "2026-07-15T14:11:14.4029495+05:30"
2026-07-15 14:11:24.413 +05:30 [INF] HealthAxis API heartbeat running at "2026-07-15T14:11:24.4132908+05:30"
2026-07-15 14:11:33.495 +05:30 [INF] HTTP OPTIONS /api/auth/login responded 204 in 0.0643 ms
2026-07-15 14:11:33.665 +05:30 [INF] HTTP POST /api/auth/login responded 200 in 165.9993 ms
2026-07-15 14:11:33.679 +05:30 [INF] HTTP OPTIONS /api/patients/me responded 204 in 0.0426 ms
2026-07-15 14:11:33.689 +05:30 [INF] HTTP GET /api/patients/me responded 200 in 3.8085 ms
2026-07-15 14:11:33.695 +05:30 [INF] HTTP GET /api/patients/me responded 200 in 3.4280 ms
2026-07-15 14:11:33.718 +05:30 [INF] HTTP OPTIONS /api/doctors responded 204 in 0.0332 ms
2026-07-15 14:11:33.718 +05:30 [INF] HTTP OPTIONS /api/appointments responded 204 in 0.0363 ms
2026-07-15 14:11:33.719 +05:30 [INF] HTTP OPTIONS /api/patients/1006/health-records responded 204 in 0.0300 ms
2026-07-15 14:11:33.745 +05:30 [INF] HTTP GET /api/doctors responded 200 in 14.9446 ms
2026-07-15 14:11:33.963 +05:30 [INF] HTTP GET /api/appointments responded 200 in 232.6306 ms
2026-07-15 14:11:33.965 +05:30 [INF] HTTP GET /api/patients/1006/health-records responded 200 in 231.9279 ms
2026-07-15 14:11:34.424 +05:30 [INF] HealthAxis API heartbeat running at "2026-07-15T14:11:34.4247239+05:30"
2026-07-15 14:11:36.389 +05:30 [INF] HTTP OPTIONS /api/health-records/patient/1006 responded 204 in 0.2311 ms
2026-07-15 14:11:36.392 +05:30 [INF] HTTP GET /api/appointments responded 200 in 3.5141 ms
2026-07-15 14:11:36.393 +05:30 [INF] HTTP GET /api/doctors responded 200 in 4.2571 ms
2026-07-15 14:11:36.412 +05:30 [INF] HTTP GET /api/health-records/patient/1006 responded 200 in 19.7030 ms
2026-07-15 14:11:44.432 +05:30 [INF] HealthAxis API heartbeat running at "2026-07-15T14:11:44.4325878+05:30"
2026-07-15 14:11:44.477 +05:30 [INF] HTTP OPTIONS /api/doctors responded 204 in 0.1032 ms
2026-07-15 14:11:44.505 +05:30 [INF] HTTP GET /api/doctors responded 200 in 23.8498 ms
2026-07-15 14:11:53.476 +05:30 [INF] HTTP OPTIONS /api/doctors/3/availability responded 204 in 0.0498 ms
2026-07-15 14:11:53.476 +05:30 [INF] HTTP OPTIONS /api/doctors/6/availability responded 204 in 0.0498 ms
2026-07-15 14:11:53.492 +05:30 [INF] 
========================================
CACHE MISS - DOCTOR AVAILABILITY
========================================
Doctor Id : 6
Date      : 2026-09-19
Key       : doctors:6:availability:2026-09-19
Source    : SQL Server Required
========================================
2026-07-15 14:11:53.492 +05:30 [INF] 
========================================
CACHE MISS - DOCTOR AVAILABILITY
========================================
Doctor Id : 3
Date      : 2026-09-19
Key       : doctors:3:availability:2026-09-19
Source    : SQL Server Required
========================================
2026-07-15 14:11:53.509 +05:30 [INF] 
========================================
CACHE STORED IN GARNET
========================================
Doctor Id : 3
Date      : 2026-09-19
Key       : doctors:3:availability:2026-09-19
TTL       : 5 Minutes
Slots     : 12
========================================
2026-07-15 14:11:53.509 +05:30 [INF] 
========================================
CACHE STORED IN GARNET
========================================
Doctor Id : 6
Date      : 2026-09-19
Key       : doctors:6:availability:2026-09-19
TTL       : 5 Minutes
Slots     : 12
========================================
2026-07-15 14:11:53.510 +05:30 [INF] HTTP GET /api/doctors/3/availability responded 200 in 29.4478 ms
2026-07-15 14:11:53.511 +05:30 [INF] HTTP GET /api/doctors/6/availability responded 200 in 29.1859 ms
2026-07-15 14:11:54.439 +05:30 [INF] HealthAxis API heartbeat running at "2026-07-15T14:11:54.4393421+05:30"
2026-07-15 14:11:57.474 +05:30 [INF] HTTP OPTIONS /api/appointments responded 204 in 0.0906 ms
2026-07-15 14:11:57.506 +05:30 [INF] 
========================================
CACHE REMOVED - DOCTOR AVAILABILITY
========================================
Doctor Id : 3
Date      : 2026-09-19
Key       : doctors:3:availability:2026-09-19
Reason    : Appointment booked
========================================
2026-07-15 14:11:57.531 +05:30 [INF] AppointmentBookedEvent published using MassTransit for AppointmentId 54, DoctorId 3
2026-07-15 14:11:57.531 +05:30 [INF] ===============================
APPOINTMENT EVENT RECEIVED
===============================
Event Type  : AppointmentBooked
Appointment : 54
Patient     : Raju
Doctor      : 3
Date        : 19-Sept-2026
Time Slot   : 10:30
Occurred At : 15-Jul-2026 08:41:57
===============================
2026-07-15 14:11:57.533 +05:30 [INF] HTTP POST /api/appointments responded 200 in 51.0108 ms
2026-07-15 14:11:57.538 +05:30 [INF] Notification created for DoctorId 3 for AppointmentId 54
2026-07-15 14:12:00.046 +05:30 [INF] HTTP OPTIONS /api/doctors responded 204 in 0.0282 ms
2026-07-15 14:12:00.046 +05:30 [INF] HTTP OPTIONS /api/health-records/patient/1006 responded 204 in 0.0283 ms
2026-07-15 14:12:00.050 +05:30 [INF] HTTP GET /api/appointments responded 200 in 3.8940 ms
2026-07-15 14:12:00.063 +05:30 [INF] HTTP GET /api/health-records/patient/1006 responded 200 in 7.5356 ms
2026-07-15 14:12:00.069 +05:30 [INF] HTTP GET /api/doctors responded 200 in 15.3555 ms
2026-07-15 14:12:03.979 +05:30 [INF] HTTP OPTIONS /api/doctors responded 204 in 0.0447 ms
2026-07-15 14:12:03.988 +05:30 [INF] HTTP GET /api/doctors responded 200 in 4.3530 ms
2026-07-15 14:12:04.448 +05:30 [INF] HealthAxis API heartbeat running at "2026-07-15T14:12:04.4485079+05:30"
2026-07-15 14:12:14.464 +05:30 [INF] HealthAxis API heartbeat running at "2026-07-15T14:12:14.4649003+05:30"
2026-07-15 14:12:24.467 +05:30 [INF] HealthAxis API heartbeat running at "2026-07-15T14:12:24.4674067+05:30"
2026-07-15 14:12:34.479 +05:30 [INF] HealthAxis API heartbeat running at "2026-07-15T14:12:34.4791267+05:30"
2026-07-15 14:12:44.486 +05:30 [INF] HealthAxis API heartbeat running at "2026-07-15T14:12:44.4864534+05:30"
2026-07-15 14:12:54.500 +05:30 [INF] HealthAxis API heartbeat running at "2026-07-15T14:12:54.5004912+05:30"
2026-07-15 14:13:04.509 +05:30 [INF] HealthAxis API heartbeat running at "2026-07-15T14:13:04.5094021+05:30"
2026-07-15 14:13:14.524 +05:30 [INF] HealthAxis API heartbeat running at "2026-07-15T14:13:14.5244637+05:30"
2026-07-15 14:13:24.540 +05:30 [INF] HealthAxis API heartbeat running at "2026-07-15T14:13:24.5405977+05:30"
2026-07-15 14:13:34.552 +05:30 [INF] HealthAxis API heartbeat running at "2026-07-15T14:13:34.5526771+05:30"
2026-07-15 14:13:44.555 +05:30 [INF] HealthAxis API heartbeat running at "2026-07-15T14:13:44.5556864+05:30"
2026-07-15 14:13:54.563 +05:30 [INF] HealthAxis API heartbeat running at "2026-07-15T14:13:54.5638568+05:30"
2026-07-15 14:14:04.579 +05:30 [INF] HealthAxis API heartbeat running at "2026-07-15T14:14:04.5792457+05:30"
2026-07-15 14:14:14.582 +05:30 [INF] HealthAxis API heartbeat running at "2026-07-15T14:14:14.5827647+05:30"
2026-07-15 14:14:24.596 +05:30 [INF] HealthAxis API heartbeat running at "2026-07-15T14:14:24.5961668+05:30"
2026-07-15 14:14:34.604 +05:30 [INF] HealthAxis API heartbeat running at "2026-07-15T14:14:34.6045245+05:30"
2026-07-15 14:14:44.611 +05:30 [INF] HealthAxis API heartbeat running at "2026-07-15T14:14:44.6113502+05:30"
2026-07-15 14:14:54.623 +05:30 [INF] HealthAxis API heartbeat running at "2026-07-15T14:14:54.6235206+05:30"
2026-07-15 14:15:04.628 +05:30 [INF] HealthAxis API heartbeat running at "2026-07-15T14:15:04.6287412+05:30"
2026-07-15 14:15:14.640 +05:30 [INF] HealthAxis API heartbeat running at "2026-07-15T14:15:14.6405668+05:30"
2026-07-15 14:15:24.649 +05:30 [INF] HealthAxis API heartbeat running at "2026-07-15T14:15:24.6496461+05:30"
2026-07-15 14:15:34.652 +05:30 [INF] HealthAxis API heartbeat running at "2026-07-15T14:15:34.6521310+05:30"
2026-07-15 14:15:44.669 +05:30 [INF] HealthAxis API heartbeat running at "2026-07-15T14:15:44.6690253+05:30"
2026-07-15 14:15:54.681 +05:30 [INF] HealthAxis API heartbeat running at "2026-07-15T14:15:54.6817575+05:30"
2026-07-15 14:16:04.686 +05:30 [INF] HealthAxis API heartbeat running at "2026-07-15T14:16:04.6867934+05:30"
2026-07-15 14:16:14.696 +05:30 [INF] HealthAxis API heartbeat running at "2026-07-15T14:16:14.6967714+05:30"
2026-07-15 14:16:24.711 +05:30 [INF] HealthAxis API heartbeat running at "2026-07-15T14:16:24.7117803+05:30"
2026-07-15 14:16:34.714 +05:30 [INF] HealthAxis API heartbeat running at "2026-07-15T14:16:34.7148739+05:30"
2026-07-15 14:16:44.731 +05:30 [INF] HealthAxis API heartbeat running at "2026-07-15T14:16:44.7310351+05:30"
2026-07-15 14:16:54.746 +05:30 [INF] HealthAxis API heartbeat running at "2026-07-15T14:16:54.7469293+05:30"
2026-07-15 14:17:04.751 +05:30 [INF] HealthAxis API heartbeat running at "2026-07-15T14:17:04.7517862+05:30"
2026-07-15 14:17:14.763 +05:30 [INF] HealthAxis API heartbeat running at "2026-07-15T14:17:14.7634143+05:30"
2026-07-15 14:17:24.773 +05:30 [INF] HealthAxis API heartbeat running at "2026-07-15T14:17:24.7736828+05:30"
2026-07-15 14:17:34.784 +05:30 [INF] HealthAxis API heartbeat running at "2026-07-15T14:17:34.7847584+05:30"
2026-07-15 14:17:44.797 +05:30 [INF] HealthAxis API heartbeat running at "2026-07-15T14:17:44.7975096+05:30"
2026-07-15 14:17:54.812 +05:30 [INF] HealthAxis API heartbeat running at "2026-07-15T14:17:54.8126934+05:30"
2026-07-15 14:18:04.830 +05:30 [INF] HealthAxis API heartbeat running at "2026-07-15T14:18:04.8301576+05:30"
2026-07-15 14:18:14.836 +05:30 [INF] HealthAxis API heartbeat running at "2026-07-15T14:18:14.8366886+05:30"
2026-07-15 14:18:24.849 +05:30 [INF] HealthAxis API heartbeat running at "2026-07-15T14:18:24.8494488+05:30"
2026-07-15 14:18:34.867 +05:30 [INF] HealthAxis API heartbeat running at "2026-07-15T14:18:34.8672435+05:30"
2026-07-15 14:18:44.872 +05:30 [INF] HealthAxis API heartbeat running at "2026-07-15T14:18:44.8726136+05:30"
2026-07-15 14:18:54.879 +05:30 [INF] HealthAxis API heartbeat running at "2026-07-15T14:18:54.8798462+05:30"
2026-07-15 14:19:04.890 +05:30 [INF] HealthAxis API heartbeat running at "2026-07-15T14:19:04.8909368+05:30"
2026-07-15 14:19:14.898 +05:30 [INF] HealthAxis API heartbeat running at "2026-07-15T14:19:14.8984112+05:30"
2026-07-15 14:19:24.901 +05:30 [INF] HealthAxis API heartbeat running at "2026-07-15T14:19:24.9013426+05:30"
2026-07-15 14:19:34.911 +05:30 [INF] HealthAxis API heartbeat running at "2026-07-15T14:19:34.9110449+05:30"
2026-07-15 14:19:44.914 +05:30 [INF] HealthAxis API heartbeat running at "2026-07-15T14:19:44.9142028+05:30"
2026-07-15 14:19:54.931 +05:30 [INF] HealthAxis API heartbeat running at "2026-07-15T14:19:54.9315457+05:30"
