2026-07-22 09:45:06.256 +05:30 [INF] Configured endpoint appointment.events.queue, Consumer: HealthAxis.API.Consumers.AppointmentBookedConsumer
2026-07-22 09:45:06.521 +05:30 [INF] HeartbeatService started.
2026-07-22 09:45:06.523 +05:30 [INF] NotificationCleanupService started.
2026-07-22 09:45:06.524 +05:30 [INF] HealthAxis API heartbeat running at "2026-07-22T09:45:06.5240570+05:30"
2026-07-22 09:45:06.775 +05:30 [INF] No old notifications found for cleanup.
2026-07-22 09:45:06.949 +05:30 [INF] Now listening on: https://localhost:7130
2026-07-22 09:45:06.954 +05:30 [INF] Now listening on: http://localhost:5145
2026-07-22 09:45:07.052 +05:30 [INF] Bus started: "rabbitmq://localhost/"
2026-07-22 09:45:07.224 +05:30 [INF] Application started. Press Ctrl+C to shut down.
2026-07-22 09:45:07.226 +05:30 [INF] Hosting environment: Development
2026-07-22 09:45:07.228 +05:30 [INF] Content root path: C:\Users\310481\source\repos\UST-Live-01\Healthcare.netcore\Healthcare.netcore
2026-07-22 09:45:16.546 +05:30 [INF] HealthAxis API heartbeat running at "2026-07-22T09:45:16.5465671+05:30"
2026-07-22 09:45:26.555 +05:30 [INF] HealthAxis API heartbeat running at "2026-07-22T09:45:26.5557753+05:30"
2026-07-22 09:45:36.566 +05:30 [INF] HealthAxis API heartbeat running at "2026-07-22T09:45:36.5661336+05:30"
2026-07-22 09:45:46.580 +05:30 [INF] HealthAxis API heartbeat running at "2026-07-22T09:45:46.5801397+05:30"
2026-07-22 09:45:56.641 +05:30 [INF] HealthAxis API heartbeat running at "2026-07-22T09:45:56.6418056+05:30"
2026-07-22 09:46:06.774 +05:30 [INF] HealthAxis API heartbeat running at "2026-07-22T09:46:06.7736856+05:30"
2026-07-22 09:46:16.796 +05:30 [INF] HealthAxis API heartbeat running at "2026-07-22T09:46:16.7968452+05:30"
2026-07-22 09:46:26.873 +05:30 [INF] HealthAxis API heartbeat running at "2026-07-22T09:46:26.8727738+05:30"
2026-07-22 09:46:36.899 +05:30 [INF] HealthAxis API heartbeat running at "2026-07-22T09:46:36.8998902+05:30"
2026-07-22 09:46:46.948 +05:30 [INF] HealthAxis API heartbeat running at "2026-07-22T09:46:46.9481303+05:30"
2026-07-22 09:46:57.000 +05:30 [INF] HealthAxis API heartbeat running at "2026-07-22T09:46:57.0008918+05:30"
2026-07-22 09:47:07.126 +05:30 [INF] HealthAxis API heartbeat running at "2026-07-22T09:47:07.1267037+05:30"
2026-07-22 09:47:17.135 +05:30 [INF] HealthAxis API heartbeat running at "2026-07-22T09:47:17.1357347+05:30"
2026-07-22 09:47:27.147 +05:30 [INF] HealthAxis API heartbeat running at "2026-07-22T09:47:27.1477411+05:30"
2026-07-22 09:47:37.150 +05:30 [INF] HealthAxis API heartbeat running at "2026-07-22T09:47:37.1505396+05:30"
2026-07-22 09:47:40.285 +05:30 [INF] HTTP OPTIONS /api/auth/login responded 204 in 4.1411 ms
2026-07-22 09:47:40.790 +05:30 [INF] HTTP POST /api/auth/login responded 200 in 490.4011 ms
2026-07-22 09:47:40.823 +05:30 [INF] HTTP OPTIONS /api/patients/me responded 204 in 1.0750 ms
2026-07-22 09:47:40.827 +05:30 [INF] HTTP OPTIONS /api/patients/me responded 204 in 0.1105 ms
2026-07-22 09:47:41.036 +05:30 [WRN] You do not have a valid license key for the Lucky Penny software AutoMapper. This is allowed for development and testing scenarios. If you are running in production you are required to have a licensed version. Please visit https://luckypennysoftware.com to obtain a valid license.
2026-07-22 09:47:41.089 +05:30 [INF] HTTP GET /api/patients/me responded 200 in 259.4516 ms
2026-07-22 09:47:41.100 +05:30 [INF] HTTP GET /api/patients/me responded 200 in 9.1464 ms
2026-07-22 09:47:41.106 +05:30 [INF] HTTP OPTIONS /api/doctors responded 204 in 0.0626 ms
2026-07-22 09:47:41.106 +05:30 [INF] HTTP OPTIONS /api/patients/1006/health-records responded 204 in 0.0387 ms
2026-07-22 09:47:41.106 +05:30 [INF] HTTP OPTIONS /api/appointments responded 204 in 0.0386 ms
2026-07-22 09:47:41.173 +05:30 [INF] HTTP GET /api/appointments responded 200 in 57.9676 ms
2026-07-22 09:47:41.208 +05:30 [INF] HTTP GET /api/patients/1006/health-records responded 200 in 97.5794 ms
2026-07-22 09:47:41.428 +05:30 [INF] HTTP GET /api/doctors responded 200 in 319.4684 ms
2026-07-22 09:47:47.167 +05:30 [INF] HealthAxis API heartbeat running at "2026-07-22T09:47:47.1674395+05:30"
2026-07-22 09:47:53.373 +05:30 [INF] HTTP OPTIONS /api/doctors responded 204 in 0.4165 ms
2026-07-22 09:47:53.397 +05:30 [INF] HTTP GET /api/doctors responded 200 in 16.4111 ms
2026-07-22 09:47:57.173 +05:30 [INF] HealthAxis API heartbeat running at "2026-07-22T09:47:57.1737083+05:30"
2026-07-22 09:48:06.567 +05:30 [INF] HTTP OPTIONS /api/doctors/3/availability responded 204 in 0.0927 ms
2026-07-22 09:48:06.567 +05:30 [INF] HTTP OPTIONS /api/doctors/6/availability responded 204 in 0.0597 ms
2026-07-22 09:48:06.597 +05:30 [INF] 
LogSeparator
CACHE MISS - DOCTOR AVAILABILITY
LogSeparator
Doctor Id : 6
Date      : 2026-08-27
Key       : doctors:6:availability:2026-08-27
Source    : SQL Server Required
LogSeparator
2026-07-22 09:48:06.597 +05:30 [INF] 
LogSeparator
CACHE MISS - DOCTOR AVAILABILITY
LogSeparator
Doctor Id : 3
Date      : 2026-08-27
Key       : doctors:3:availability:2026-08-27
Source    : SQL Server Required
LogSeparator
2026-07-22 09:48:06.636 +05:30 [INF] 
LogSeparator
CACHE STORED IN GARNET
LogSeparator
Doctor Id : 3
Date      : 2026-08-27
Key       : doctors:3:availability:2026-08-27
TTL       : 5 Minutes
Slots     : 12
LogSeparator
2026-07-22 09:48:06.636 +05:30 [INF] 
LogSeparator
CACHE STORED IN GARNET
LogSeparator
Doctor Id : 6
Date      : 2026-08-27
Key       : doctors:6:availability:2026-08-27
TTL       : 5 Minutes
Slots     : 12
LogSeparator
2026-07-22 09:48:06.638 +05:30 [INF] HTTP GET /api/doctors/3/availability responded 200 in 66.1352 ms
2026-07-22 09:48:06.638 +05:30 [INF] HTTP GET /api/doctors/6/availability responded 200 in 65.4992 ms
2026-07-22 09:48:07.183 +05:30 [INF] HealthAxis API heartbeat running at "2026-07-22T09:48:07.1831405+05:30"
2026-07-22 09:48:17.191 +05:30 [INF] HealthAxis API heartbeat running at "2026-07-22T09:48:17.1919247+05:30"
2026-07-22 09:48:23.496 +05:30 [INF] HTTP OPTIONS /api/appointments responded 204 in 0.2900 ms
2026-07-22 09:48:23.603 +05:30 [INF] 
========================================
CACHE REMOVED - DOCTOR AVAILABILITY
========================================
Doctor Id : 3
Date      : 2026-08-27
Key       : doctors:3:availability:2026-08-27
Reason    : Appointment booked
========================================
2026-07-22 09:48:23.747 +05:30 [INF] AppointmentBookedEvent published using MassTransit for AppointmentId 64, DoctorId 3
2026-07-22 09:48:23.750 +05:30 [INF] HTTP POST /api/appointments responded 200 in 248.7994 ms
2026-07-22 09:48:23.766 +05:30 [INF] ===============================
APPOINTMENT EVENT RECEIVED
===============================
Event Type  : AppointmentBooked
Appointment : 64
Patient     : Raju
Doctor      : 3
Date        : 27-Aug-2026
Time Slot   : 16:00
Occurred At : 22-Jul-2026 04:18:23
===============================
2026-07-22 09:48:23.781 +05:30 [INF] Notification created for DoctorId 3 for AppointmentId 64
2026-07-22 09:48:26.934 +05:30 [INF] HTTP OPTIONS /api/doctors responded 204 in 0.2091 ms
2026-07-22 09:48:26.935 +05:30 [INF] HTTP OPTIONS /api/health-records/patient/1006 responded 204 in 0.0399 ms
2026-07-22 09:48:26.947 +05:30 [INF] HTTP GET /api/appointments responded 200 in 12.4678 ms
2026-07-22 09:48:26.948 +05:30 [INF] HTTP GET /api/doctors responded 200 in 6.7824 ms
2026-07-22 09:48:26.970 +05:30 [INF] HTTP GET /api/health-records/patient/1006 responded 200 in 25.7285 ms
2026-07-22 09:48:27.197 +05:30 [INF] HealthAxis API heartbeat running at "2026-07-22T09:48:27.1978652+05:30"
2026-07-22 09:48:37.200 +05:30 [INF] HealthAxis API heartbeat running at "2026-07-22T09:48:37.2000682+05:30"
2026-07-22 09:48:47.206 +05:30 [INF] HealthAxis API heartbeat running at "2026-07-22T09:48:47.2066982+05:30"
2026-07-22 09:48:57.221 +05:30 [INF] HealthAxis API heartbeat running at "2026-07-22T09:48:57.2214942+05:30"
2026-07-22 10:35:12.193 +05:30 [INF] Configured endpoint appointment.events.queue, Consumer: HealthAxis.API.Consumers.AppointmentBookedConsumer
2026-07-22 10:35:12.381 +05:30 [INF] HeartbeatService started.
2026-07-22 10:35:12.382 +05:30 [INF] NotificationCleanupService started.
2026-07-22 10:35:12.383 +05:30 [INF] HealthAxis API heartbeat running at "2026-07-22T10:35:12.3826566+05:30"
2026-07-22 10:35:12.529 +05:30 [INF] No old notifications found for cleanup.
2026-07-22 10:35:12.824 +05:30 [INF] Bus started: "rabbitmq://localhost/"
2026-07-22 10:35:12.840 +05:30 [INF] Now listening on: https://localhost:7130
2026-07-22 10:35:12.842 +05:30 [INF] Now listening on: http://localhost:5145
2026-07-22 10:35:13.172 +05:30 [INF] Application started. Press Ctrl+C to shut down.
2026-07-22 10:35:13.174 +05:30 [INF] Hosting environment: Development
2026-07-22 10:35:13.176 +05:30 [INF] Content root path: C:\Users\310481\source\repos\UST-Live-01\Healthcare.netcore\Healthcare.netcore
2026-07-22 10:35:22.390 +05:30 [INF] HealthAxis API heartbeat running at "2026-07-22T10:35:22.3900703+05:30"
2026-07-22 10:35:32.406 +05:30 [INF] HealthAxis API heartbeat running at "2026-07-22T10:35:32.4063213+05:30"
2026-07-22 10:35:34.372 +05:30 [INF] HTTP OPTIONS /api/auth/login responded 204 in 3.5749 ms
2026-07-22 10:35:35.067 +05:30 [INF] HTTP POST /api/auth/login responded 200 in 677.6213 ms
2026-07-22 10:35:35.083 +05:30 [INF] HTTP OPTIONS /api/patients/me responded 204 in 0.6929 ms
2026-07-22 10:35:35.085 +05:30 [INF] HTTP OPTIONS /api/patients/me responded 204 in 0.0922 ms
2026-07-22 10:35:35.612 +05:30 [WRN] You do not have a valid license key for the Lucky Penny software AutoMapper. This is allowed for development and testing scenarios. If you are running in production you are required to have a licensed version. Please visit https://luckypennysoftware.com to obtain a valid license.
2026-07-22 10:35:35.727 +05:30 [INF] HTTP GET /api/patients/me responded 200 in 638.4384 ms
2026-07-22 10:35:35.746 +05:30 [INF] HTTP GET /api/patients/me responded 200 in 16.2752 ms
2026-07-22 10:35:35.754 +05:30 [INF] HTTP OPTIONS /api/patients/1006/health-records responded 204 in 0.0504 ms
2026-07-22 10:35:35.754 +05:30 [INF] HTTP OPTIONS /api/appointments responded 204 in 0.0765 ms
2026-07-22 10:35:35.755 +05:30 [INF] HTTP OPTIONS /api/doctors responded 204 in 0.1747 ms
2026-07-22 10:35:35.845 +05:30 [INF] HTTP GET /api/appointments responded 200 in 81.2181 ms
2026-07-22 10:35:35.886 +05:30 [INF] HTTP GET /api/patients/1006/health-records responded 200 in 124.2698 ms
2026-07-22 10:35:36.141 +05:30 [INF] HTTP GET /api/doctors responded 200 in 374.3131 ms
2026-07-22 10:35:42.421 +05:30 [INF] HealthAxis API heartbeat running at "2026-07-22T10:35:42.4209906+05:30"
2026-07-22 10:35:48.566 +05:30 [INF] HTTP OPTIONS /api/doctors responded 204 in 0.3158 ms
2026-07-22 10:35:48.588 +05:30 [INF] HTTP GET /api/doctors responded 200 in 16.7345 ms
2026-07-22 10:35:52.431 +05:30 [INF] HealthAxis API heartbeat running at "2026-07-22T10:35:52.4318216+05:30"
2026-07-22 10:35:59.344 +05:30 [INF] HTTP OPTIONS /api/doctors/3/availability responded 204 in 0.0863 ms
2026-07-22 10:35:59.345 +05:30 [INF] HTTP OPTIONS /api/doctors/6/availability responded 204 in 0.4314 ms
2026-07-22 10:35:59.396 +05:30 [INF] HTTP GET /api/doctors/6/availability responded 200 in 44.6548 ms
2026-07-22 10:35:59.396 +05:30 [INF] HTTP GET /api/doctors/3/availability responded 200 in 45.2253 ms
2026-07-22 10:36:02.444 +05:30 [INF] HealthAxis API heartbeat running at "2026-07-22T10:36:02.4445579+05:30"
2026-07-22 10:36:12.453 +05:30 [INF] HealthAxis API heartbeat running at "2026-07-22T10:36:12.4534826+05:30"
2026-07-22 10:36:18.039 +05:30 [INF] HTTP OPTIONS /api/appointments responded 204 in 0.2432 ms
2026-07-22 10:36:18.152 +05:30 [INF] 
========================================
CACHE REMOVED - DOCTOR AVAILABILITY
========================================
Doctor Id : 3
Date      : 2026-09-29
Key       : doctors:3:availability:2026-09-29
Reason    : Appointment booked
========================================
2026-07-22 10:36:18.265 +05:30 [INF] AppointmentBookedEvent published using MassTransit for AppointmentId 65, DoctorId 3
2026-07-22 10:36:18.268 +05:30 [INF] HTTP POST /api/appointments responded 200 in 223.1677 ms
2026-07-22 10:36:18.283 +05:30 [INF] ===============================
APPOINTMENT EVENT RECEIVED
===============================
Event Type  : AppointmentBooked
Appointment : 65
Patient     : Raju
Doctor      : 3
Date        : 29-Sept-2026
Time Slot   : 16:00
Occurred At : 22-Jul-2026 05:06:18
===============================
2026-07-22 10:36:18.300 +05:30 [INF] Notification created for DoctorId 3 for AppointmentId 65
2026-07-22 10:36:20.936 +05:30 [INF] HTTP OPTIONS /api/doctors responded 204 in 0.0560 ms
2026-07-22 10:36:20.937 +05:30 [INF] HTTP OPTIONS /api/health-records/patient/1006 responded 204 in 0.0308 ms
2026-07-22 10:36:20.944 +05:30 [INF] HTTP GET /api/appointments responded 200 in 8.3118 ms
2026-07-22 10:36:20.957 +05:30 [INF] HTTP GET /api/doctors responded 200 in 15.3369 ms
2026-07-22 10:36:20.968 +05:30 [INF] HTTP GET /api/health-records/patient/1006 responded 200 in 24.7810 ms
2026-07-22 10:36:22.465 +05:30 [INF] HealthAxis API heartbeat running at "2026-07-22T10:36:22.4649581+05:30"
2026-07-22 10:36:30.835 +05:30 [INF] Application is shutting down...
2026-07-22 10:36:30.886 +05:30 [INF] Bus stopped: "rabbitmq://localhost/"
2026-07-22 10:36:30.889 +05:30 [INF] NotificationCleanupService cancellation requested.
2026-07-22 10:36:30.889 +05:30 [INF] NotificationCleanupService stopped.
2026-07-22 10:36:30.891 +05:30 [INF] HeartbeatService cancellation requested.
2026-07-22 10:36:30.891 +05:30 [INF] HeartbeatService stopped.
2026-07-22 10:50:36.750 +05:30 [INF] Configured endpoint appointment.events.queue, Consumer: HealthAxis.API.Consumers.AppointmentBookedConsumer
2026-07-22 10:50:36.976 +05:30 [INF] HeartbeatService started.
2026-07-22 10:50:36.978 +05:30 [INF] NotificationCleanupService started.
2026-07-22 10:50:36.980 +05:30 [INF] HealthAxis API heartbeat running at "2026-07-22T10:50:36.9800524+05:30"
2026-07-22 10:50:37.098 +05:30 [INF] No old notifications found for cleanup.
2026-07-22 10:50:37.278 +05:30 [INF] Now listening on: https://localhost:7130
2026-07-22 10:50:37.281 +05:30 [INF] Now listening on: http://localhost:5145
2026-07-22 10:50:37.295 +05:30 [INF] Bus started: "rabbitmq://localhost/"
2026-07-22 10:50:37.564 +05:30 [INF] Application started. Press Ctrl+C to shut down.
2026-07-22 10:50:37.566 +05:30 [INF] Hosting environment: Development
2026-07-22 10:50:37.567 +05:30 [INF] Content root path: C:\Users\310481\source\repos\UST-Live-01\Healthcare.netcore\Healthcare.netcore
2026-07-22 10:50:46.988 +05:30 [INF] HealthAxis API heartbeat running at "2026-07-22T10:50:46.9876889+05:30"
2026-07-22 10:50:57.005 +05:30 [INF] HealthAxis API heartbeat running at "2026-07-22T10:50:57.0053849+05:30"
2026-07-22 10:51:05.988 +05:30 [INF] HTTP OPTIONS /api/auth/login responded 204 in 3.8466 ms
2026-07-22 10:51:06.393 +05:30 [INF] HTTP POST /api/auth/login responded 200 in 386.1647 ms
2026-07-22 10:51:06.409 +05:30 [INF] HTTP OPTIONS /api/patients/me responded 204 in 0.7587 ms
2026-07-22 10:51:06.410 +05:30 [INF] HTTP OPTIONS /api/patients/me responded 204 in 0.0760 ms
2026-07-22 10:51:06.629 +05:30 [WRN] You do not have a valid license key for the Lucky Penny software AutoMapper. This is allowed for development and testing scenarios. If you are running in production you are required to have a licensed version. Please visit https://luckypennysoftware.com to obtain a valid license.
2026-07-22 10:51:06.686 +05:30 [INF] HTTP GET /api/patients/me responded 200 in 271.7641 ms
2026-07-22 10:51:06.696 +05:30 [INF] HTTP GET /api/patients/me responded 200 in 7.4472 ms
2026-07-22 10:51:06.703 +05:30 [INF] HTTP OPTIONS /api/doctors responded 204 in 0.1048 ms
2026-07-22 10:51:06.703 +05:30 [INF] HTTP OPTIONS /api/appointments responded 204 in 0.0312 ms
2026-07-22 10:51:06.703 +05:30 [INF] HTTP OPTIONS /api/patients/1006/health-records responded 204 in 0.0327 ms
2026-07-22 10:51:06.769 +05:30 [INF] HTTP GET /api/appointments responded 200 in 60.6155 ms
2026-07-22 10:51:06.792 +05:30 [INF] HTTP GET /api/patients/1006/health-records responded 200 in 81.4141 ms
2026-07-22 10:51:06.962 +05:30 [INF] HTTP GET /api/doctors responded 200 in 255.3182 ms
2026-07-22 10:51:07.017 +05:30 [INF] HealthAxis API heartbeat running at "2026-07-22T10:51:07.0171597+05:30"
2026-07-22 10:51:14.127 +05:30 [INF] HTTP OPTIONS /api/doctors responded 204 in 0.1580 ms
2026-07-22 10:51:14.154 +05:30 [INF] HTTP GET /api/doctors responded 200 in 18.5129 ms
2026-07-22 10:51:17.027 +05:30 [INF] HealthAxis API heartbeat running at "2026-07-22T10:51:17.0273167+05:30"
2026-07-22 10:51:27.038 +05:30 [INF] HealthAxis API heartbeat running at "2026-07-22T10:51:27.0382718+05:30"
2026-07-22 10:51:27.527 +05:30 [INF] HTTP OPTIONS /api/doctors/3/availability responded 204 in 0.1811 ms
2026-07-22 10:51:27.529 +05:30 [INF] HTTP OPTIONS /api/doctors/6/availability responded 204 in 0.4212 ms
2026-07-22 10:51:27.576 +05:30 [INF] HTTP GET /api/doctors/3/availability responded 200 in 41.1162 ms
2026-07-22 10:51:27.578 +05:30 [INF] HTTP GET /api/doctors/6/availability responded 200 in 40.8634 ms
2026-07-22 10:51:34.924 +05:30 [INF] HTTP OPTIONS /api/appointments responded 204 in 0.1379 ms
2026-07-22 10:51:35.140 +05:30 [INF] AppointmentBookedEvent published using MassTransit for AppointmentId 66, DoctorId 3
2026-07-22 10:51:35.144 +05:30 [INF] HTTP POST /api/appointments responded 200 in 214.6989 ms
2026-07-22 10:51:35.161 +05:30 [INF] ===============================
APPOINTMENT EVENT RECEIVED
===============================
Event Type  : AppointmentBooked
Appointment : 66
Patient     : Raju
Doctor      : 3
Date        : 30-Sept-2026
Time Slot   : 16:30
Occurred At : 22-Jul-2026 05:21:35
===============================
2026-07-22 10:51:35.179 +05:30 [INF] Notification created for DoctorId 3 for AppointmentId 66
2026-07-22 10:51:37.051 +05:30 [INF] HealthAxis API heartbeat running at "2026-07-22T10:51:37.0513151+05:30"
2026-07-22 10:51:37.665 +05:30 [INF] HTTP OPTIONS /api/health-records/patient/1006 responded 204 in 0.0536 ms
2026-07-22 10:51:37.665 +05:30 [INF] HTTP OPTIONS /api/doctors responded 204 in 0.0994 ms
2026-07-22 10:51:37.677 +05:30 [INF] HTTP GET /api/appointments responded 200 in 11.1568 ms
2026-07-22 10:51:37.690 +05:30 [INF] HTTP GET /api/doctors responded 200 in 18.2429 ms
2026-07-22 10:51:37.704 +05:30 [INF] HTTP GET /api/health-records/patient/1006 responded 200 in 31.7384 ms
2026-07-22 10:51:47.068 +05:30 [INF] HealthAxis API heartbeat running at "2026-07-22T10:51:47.0688264+05:30"
2026-07-22 10:51:57.073 +05:30 [INF] HealthAxis API heartbeat running at "2026-07-22T10:51:57.0737551+05:30"
2026-07-22 10:52:07.083 +05:30 [INF] HealthAxis API heartbeat running at "2026-07-22T10:52:07.0834625+05:30"
2026-07-22 10:52:17.099 +05:30 [INF] HealthAxis API heartbeat running at "2026-07-22T10:52:17.0998160+05:30"
2026-07-22 10:52:27.117 +05:30 [INF] HealthAxis API heartbeat running at "2026-07-22T10:52:27.1162435+05:30"
2026-07-22 10:52:37.127 +05:30 [INF] HealthAxis API heartbeat running at "2026-07-22T10:52:37.1274677+05:30"
2026-07-22 10:52:47.133 +05:30 [INF] HealthAxis API heartbeat running at "2026-07-22T10:52:47.1333670+05:30"
2026-07-22 10:52:57.152 +05:30 [INF] HealthAxis API heartbeat running at "2026-07-22T10:52:57.1521122+05:30"
2026-07-22 10:53:07.159 +05:30 [INF] HealthAxis API heartbeat running at "2026-07-22T10:53:07.1598962+05:30"
2026-07-22 10:53:17.169 +05:30 [INF] HealthAxis API heartbeat running at "2026-07-22T10:53:17.1689465+05:30"
2026-07-22 10:53:27.176 +05:30 [INF] HealthAxis API heartbeat running at "2026-07-22T10:53:27.1761907+05:30"
2026-07-22 10:53:37.191 +05:30 [INF] HealthAxis API heartbeat running at "2026-07-22T10:53:37.1906493+05:30"
2026-07-22 10:53:47.194 +05:30 [INF] HealthAxis API heartbeat running at "2026-07-22T10:53:47.1948436+05:30"
2026-07-22 10:53:57.214 +05:30 [INF] HealthAxis API heartbeat running at "2026-07-22T10:53:57.2144476+05:30"
2026-07-22 10:54:07.222 +05:30 [INF] HealthAxis API heartbeat running at "2026-07-22T10:54:07.2222937+05:30"
2026-07-22 10:54:17.231 +05:30 [INF] HealthAxis API heartbeat running at "2026-07-22T10:54:17.2314919+05:30"
2026-07-22 10:54:27.235 +05:30 [INF] HealthAxis API heartbeat running at "2026-07-22T10:54:27.2355235+05:30"
2026-07-22 10:54:37.244 +05:30 [INF] HealthAxis API heartbeat running at "2026-07-22T10:54:37.2443450+05:30"
2026-07-22 10:54:47.248 +05:30 [INF] HealthAxis API heartbeat running at "2026-07-22T10:54:47.2471550+05:30"
2026-07-22 10:54:57.257 +05:30 [INF] HealthAxis API heartbeat running at "2026-07-22T10:54:57.2564588+05:30"
2026-07-22 10:55:07.271 +05:30 [INF] HealthAxis API heartbeat running at "2026-07-22T10:55:07.2712135+05:30"
2026-07-22 10:55:17.274 +05:30 [INF] HealthAxis API heartbeat running at "2026-07-22T10:55:17.2748013+05:30"
2026-07-22 10:55:27.290 +05:30 [INF] HealthAxis API heartbeat running at "2026-07-22T10:55:27.2903469+05:30"
2026-07-22 10:55:37.303 +05:30 [INF] HealthAxis API heartbeat running at "2026-07-22T10:55:37.3039248+05:30"
2026-07-22 10:55:47.319 +05:30 [INF] HealthAxis API heartbeat running at "2026-07-22T10:55:47.3198921+05:30"
2026-07-22 10:55:57.336 +05:30 [INF] HealthAxis API heartbeat running at "2026-07-22T10:55:57.3360632+05:30"
2026-07-22 10:56:07.348 +05:30 [INF] HealthAxis API heartbeat running at "2026-07-22T10:56:07.3480162+05:30"
2026-07-22 10:56:17.357 +05:30 [INF] HealthAxis API heartbeat running at "2026-07-22T10:56:17.3573837+05:30"
2026-07-22 10:56:27.362 +05:30 [INF] HealthAxis API heartbeat running at "2026-07-22T10:56:27.3628789+05:30"
2026-07-22 10:56:37.378 +05:30 [INF] HealthAxis API heartbeat running at "2026-07-22T10:56:37.3783466+05:30"
2026-07-22 10:56:47.383 +05:30 [INF] HealthAxis API heartbeat running at "2026-07-22T10:56:47.3831635+05:30"
2026-07-22 10:56:57.399 +05:30 [INF] HealthAxis API heartbeat running at "2026-07-22T10:56:57.3990839+05:30"
2026-07-22 10:57:07.403 +05:30 [INF] HealthAxis API heartbeat running at "2026-07-22T10:57:07.4032923+05:30"
2026-07-22 10:57:17.410 +05:30 [INF] HealthAxis API heartbeat running at "2026-07-22T10:57:17.4107915+05:30"
2026-07-22 10:57:27.421 +05:30 [INF] HealthAxis API heartbeat running at "2026-07-22T10:57:27.4215312+05:30"
2026-07-22 10:57:37.433 +05:30 [INF] HealthAxis API heartbeat running at "2026-07-22T10:57:37.4330434+05:30"
2026-07-22 10:57:47.448 +05:30 [INF] HealthAxis API heartbeat running at "2026-07-22T10:57:47.4480687+05:30"
2026-07-22 10:57:57.468 +05:30 [INF] HealthAxis API heartbeat running at "2026-07-22T10:57:57.4680676+05:30"
2026-07-22 10:58:07.472 +05:30 [INF] HealthAxis API heartbeat running at "2026-07-22T10:58:07.4723475+05:30"
2026-07-22 10:58:17.480 +05:30 [INF] HealthAxis API heartbeat running at "2026-07-22T10:58:17.4801766+05:30"
2026-07-22 10:58:27.494 +05:30 [INF] HealthAxis API heartbeat running at "2026-07-22T10:58:27.4943668+05:30"
2026-07-22 10:58:37.512 +05:30 [INF] HealthAxis API heartbeat running at "2026-07-22T10:58:37.5120076+05:30"
2026-07-22 10:58:47.521 +05:30 [INF] HealthAxis API heartbeat running at "2026-07-22T10:58:47.5210176+05:30"
2026-07-22 10:58:57.541 +05:30 [INF] HealthAxis API heartbeat running at "2026-07-22T10:58:57.5417485+05:30"
2026-07-22 10:59:07.546 +05:30 [INF] HealthAxis API heartbeat running at "2026-07-22T10:59:07.5465693+05:30"
2026-07-22 10:59:17.565 +05:30 [INF] HealthAxis API heartbeat running at "2026-07-22T10:59:17.5653130+05:30"
2026-07-22 10:59:27.569 +05:30 [INF] HealthAxis API heartbeat running at "2026-07-22T10:59:27.5696022+05:30"
2026-07-22 10:59:37.576 +05:30 [INF] HealthAxis API heartbeat running at "2026-07-22T10:59:37.5768055+05:30"
2026-07-22 10:59:47.597 +05:30 [INF] HealthAxis API heartbeat running at "2026-07-22T10:59:47.5964525+05:30"
2026-07-22 12:31:14.822 +05:30 [INF] Configured endpoint appointment.events.queue, Consumer: HealthAxis.API.Consumers.AppointmentBookedConsumer
2026-07-22 12:31:15.094 +05:30 [INF] HeartbeatService started.
2026-07-22 12:31:15.095 +05:30 [INF] NotificationCleanupService started.
2026-07-22 12:31:15.098 +05:30 [INF] HealthAxis API heartbeat running at "2026-07-22T12:31:15.0979517+05:30"
2026-07-22 12:31:15.260 +05:30 [INF] No old notifications found for cleanup.
2026-07-22 12:31:15.519 +05:30 [INF] Now listening on: https://localhost:7130
2026-07-22 12:31:15.522 +05:30 [INF] Now listening on: http://localhost:5145
2026-07-22 12:31:15.558 +05:30 [INF] Bus started: "rabbitmq://localhost/"
2026-07-22 12:31:15.833 +05:30 [INF] Application started. Press Ctrl+C to shut down.
2026-07-22 12:31:15.836 +05:30 [INF] Hosting environment: Development
2026-07-22 12:31:15.839 +05:30 [INF] Content root path: C:\Users\310481\source\repos\UST-Live-01\Healthcare.netcore\Healthcare.netcore
2026-07-22 12:31:25.110 +05:30 [INF] HealthAxis API heartbeat running at "2026-07-22T12:31:25.1104888+05:30"
2026-07-22 12:34:40.679 +05:30 [INF] Configured endpoint appointment.events.queue, Consumer: HealthAxis.API.Consumers.AppointmentBookedConsumer
2026-07-22 12:34:40.897 +05:30 [INF] HeartbeatService started.
2026-07-22 12:34:40.899 +05:30 [INF] HealthAxis API heartbeat running at "2026-07-22T12:34:40.8988569+05:30"
2026-07-22 12:34:40.900 +05:30 [INF] NotificationCleanupService started.
2026-07-22 12:34:41.029 +05:30 [INF] No old notifications found for cleanup.
2026-07-22 12:34:41.240 +05:30 [INF] Now listening on: https://localhost:7130
2026-07-22 12:34:41.242 +05:30 [INF] Now listening on: http://localhost:5145
2026-07-22 12:34:41.264 +05:30 [INF] Bus started: "rabbitmq://localhost/"
2026-07-22 12:34:41.304 +05:30 [INF] Application started. Press Ctrl+C to shut down.
2026-07-22 12:34:41.306 +05:30 [INF] Hosting environment: Development
2026-07-22 12:34:41.307 +05:30 [INF] Content root path: C:\Users\310481\source\repos\UST-Live-01\Healthcare.netcore\Healthcare.netcore
2026-07-22 12:34:50.908 +05:30 [INF] HealthAxis API heartbeat running at "2026-07-22T12:34:50.9085176+05:30"
2026-07-22 12:35:00.922 +05:30 [INF] HealthAxis API heartbeat running at "2026-07-22T12:35:00.9228122+05:30"
2026-07-22 12:35:02.832 +05:30 [INF] HTTP OPTIONS /api/auth/login responded 204 in 5.9088 ms
2026-07-22 12:35:03.483 +05:30 [INF] HTTP POST /api/auth/login responded 200 in 633.8478 ms
2026-07-22 12:35:03.499 +05:30 [INF] HTTP OPTIONS /api/patients/me responded 204 in 0.8306 ms
2026-07-22 12:35:03.501 +05:30 [INF] HTTP OPTIONS /api/patients/me responded 204 in 0.0951 ms
2026-07-22 12:35:03.891 +05:30 [WRN] You do not have a valid license key for the Lucky Penny software AutoMapper. This is allowed for development and testing scenarios. If you are running in production you are required to have a licensed version. Please visit https://luckypennysoftware.com to obtain a valid license.
2026-07-22 12:35:03.989 +05:30 [INF] HTTP GET /api/patients/me responded 200 in 485.0542 ms
2026-07-22 12:35:04.001 +05:30 [INF] HTTP GET /api/patients/me responded 200 in 9.1924 ms
2026-07-22 12:35:04.007 +05:30 [INF] HTTP OPTIONS /api/appointments responded 204 in 0.0937 ms
2026-07-22 12:35:04.007 +05:30 [INF] HTTP OPTIONS /api/doctors responded 204 in 0.0585 ms
2026-07-22 12:35:04.007 +05:30 [INF] HTTP OPTIONS /api/patients/1006/health-records responded 204 in 0.0289 ms
2026-07-22 12:35:04.090 +05:30 [INF] HTTP GET /api/appointments responded 200 in 77.6676 ms
2026-07-22 12:35:04.141 +05:30 [INF] HTTP GET /api/patients/1006/health-records responded 200 in 126.4106 ms
2026-07-22 12:35:04.416 +05:30 [INF] HTTP GET /api/doctors responded 200 in 401.5945 ms
2026-07-22 12:35:08.052 +05:30 [INF] HTTP OPTIONS /api/doctors responded 204 in 0.3223 ms
2026-07-22 12:35:08.072 +05:30 [INF] HTTP GET /api/doctors responded 200 in 13.7575 ms
2026-07-22 12:35:10.929 +05:30 [INF] HealthAxis API heartbeat running at "2026-07-22T12:35:10.9288971+05:30"
2026-07-22 12:35:19.058 +05:30 [INF] HTTP OPTIONS /api/doctors/1007/availability responded 204 in 0.0719 ms
2026-07-22 12:35:19.058 +05:30 [INF] HTTP OPTIONS /api/doctors/1008/availability responded 204 in 0.1046 ms
2026-07-22 12:35:19.058 +05:30 [INF] HTTP OPTIONS /api/doctors/2/availability responded 204 in 0.0710 ms
2026-07-22 12:35:19.109 +05:30 [INF] HTTP GET /api/doctors/2/availability responded 200 in 40.9413 ms
2026-07-22 12:35:19.109 +05:30 [INF] HTTP GET /api/doctors/1007/availability responded 200 in 44.2510 ms
2026-07-22 12:35:19.309 +05:30 [INF] HTTP GET /api/doctors/1008/availability responded 200 in 242.4519 ms
2026-07-22 12:35:20.933 +05:30 [INF] HealthAxis API heartbeat running at "2026-07-22T12:35:20.9330122+05:30"
2026-07-22 12:35:22.721 +05:30 [INF] HTTP OPTIONS /api/appointments responded 204 in 0.1032 ms
2026-07-22 12:35:23.005 +05:30 [INF] AppointmentBookedEvent published using MassTransit for AppointmentId 67, DoctorId 2
2026-07-22 12:35:23.009 +05:30 [INF] HTTP POST /api/appointments responded 200 in 283.0420 ms
2026-07-22 12:35:23.030 +05:30 [INF] ===============================
APPOINTMENT EVENT RECEIVED
===============================
Event Type  : AppointmentBooked
Appointment : 67
Patient     : Raju
Doctor      : 2
Date        : 23-Oct-2026
Time Slot   : 11:30
Occurred At : 22-Jul-2026 07:05:22
===============================
2026-07-22 12:35:23.050 +05:30 [INF] Notification created for DoctorId 2 for AppointmentId 67
2026-07-22 12:35:25.530 +05:30 [INF] HTTP OPTIONS /api/health-records/patient/1006 responded 204 in 0.0733 ms
2026-07-22 12:35:25.530 +05:30 [INF] HTTP OPTIONS /api/doctors responded 204 in 0.1049 ms
2026-07-22 12:35:25.542 +05:30 [INF] HTTP GET /api/appointments responded 200 in 12.0206 ms
2026-07-22 12:35:25.542 +05:30 [INF] HTTP GET /api/doctors responded 200 in 4.9239 ms
2026-07-22 12:35:25.574 +05:30 [INF] HTTP GET /api/health-records/patient/1006 responded 200 in 36.7939 ms
2026-07-22 12:35:30.936 +05:30 [INF] HealthAxis API heartbeat running at "2026-07-22T12:35:30.9363899+05:30"
2026-07-22 12:35:40.938 +05:30 [INF] HealthAxis API heartbeat running at "2026-07-22T12:35:40.9388846+05:30"
2026-07-22 12:35:50.956 +05:30 [INF] HealthAxis API heartbeat running at "2026-07-22T12:35:50.9562832+05:30"
2026-07-22 12:36:00.971 +05:30 [INF] HealthAxis API heartbeat running at "2026-07-22T12:36:00.9713043+05:30"
2026-07-22 12:36:03.971 +05:30 [INF] Application is shutting down...
2026-07-22 12:36:04.040 +05:30 [INF] Bus stopped: "rabbitmq://localhost/"
2026-07-22 12:36:04.043 +05:30 [INF] NotificationCleanupService cancellation requested.
2026-07-22 12:36:04.044 +05:30 [INF] NotificationCleanupService stopped.
2026-07-22 12:36:04.046 +05:30 [INF] HeartbeatService cancellation requested.
2026-07-22 12:36:04.046 +05:30 [INF] HeartbeatService stopped.
2026-07-22 22:45:23.846 +05:30 [INF] Configured endpoint appointment.events.queue, Consumer: HealthAxis.API.Consumers.AppointmentBookedConsumer
2026-07-22 22:45:24.088 +05:30 [INF] HeartbeatService started.
2026-07-22 22:45:24.089 +05:30 [INF] NotificationCleanupService started.
2026-07-22 22:45:24.092 +05:30 [INF] HealthAxis API heartbeat running at "2026-07-22T22:45:24.0919680+05:30"
2026-07-22 22:45:24.190 +05:30 [INF] Now listening on: http://localhost:5145
2026-07-22 22:45:24.192 +05:30 [INF] Application started. Press Ctrl+C to shut down.
2026-07-22 22:45:24.194 +05:30 [INF] Hosting environment: Development
2026-07-22 22:45:24.195 +05:30 [INF] Content root path: C:\Users\310481\source\repos\UST-Live-01\Healthcare.netcore\Healthcare.netcore
2026-07-22 22:45:24.199 +05:30 [INF] No old notifications found for cleanup.
2026-07-22 22:45:24.687 +05:30 [INF] Bus started: "rabbitmq://localhost/"
2026-07-22 22:45:34.106 +05:30 [INF] HealthAxis API heartbeat running at "2026-07-22T22:45:34.1060953+05:30"
2026-07-22 22:45:44.114 +05:30 [INF] HealthAxis API heartbeat running at "2026-07-22T22:45:44.1142204+05:30"
2026-07-22 22:45:47.722 +05:30 [WRN] Failed to determine the https port for redirect.
2026-07-22 22:45:47.769 +05:30 [INF] HTTP GET / responded 404 in 152.1369 ms
2026-07-22 22:45:54.122 +05:30 [INF] HealthAxis API heartbeat running at "2026-07-22T22:45:54.1223354+05:30"
2026-07-22 22:45:54.559 +05:30 [INF] HTTP GET / responded 404 in 26.5785 ms
2026-07-22 22:45:56.317 +05:30 [INF] HTTP GET / responded 404 in 12.6046 ms
2026-07-22 22:45:57.130 +05:30 [INF] HTTP GET / responded 404 in 0.2506 ms
2026-07-22 22:46:04.139 +05:30 [INF] HealthAxis API heartbeat running at "2026-07-22T22:46:04.1391477+05:30"
2026-07-22 22:46:14.155 +05:30 [INF] HealthAxis API heartbeat running at "2026-07-22T22:46:14.1555973+05:30"
2026-07-22 22:46:24.170 +05:30 [INF] HealthAxis API heartbeat running at "2026-07-22T22:46:24.1703086+05:30"
2026-07-22 22:46:34.190 +05:30 [INF] HealthAxis API heartbeat running at "2026-07-22T22:46:34.1907914+05:30"
2026-07-22 22:46:44.239 +05:30 [INF] HealthAxis API heartbeat running at "2026-07-22T22:46:44.2396381+05:30"
2026-07-22 22:46:54.258 +05:30 [INF] HealthAxis API heartbeat running at "2026-07-22T22:46:54.2588137+05:30"
2026-07-22 22:47:04.271 +05:30 [INF] HealthAxis API heartbeat running at "2026-07-22T22:47:04.2701995+05:30"
2026-07-22 22:47:14.280 +05:30 [INF] HealthAxis API heartbeat running at "2026-07-22T22:47:14.2804971+05:30"
2026-07-22 22:47:24.294 +05:30 [INF] HealthAxis API heartbeat running at "2026-07-22T22:47:24.2947148+05:30"
2026-07-22 22:47:34.306 +05:30 [INF] HealthAxis API heartbeat running at "2026-07-22T22:47:34.3062413+05:30"
2026-07-22 22:47:42.472 +05:30 [INF] HTTP GET /angular responded 200 in 47.2715 ms
2026-07-22 22:47:42.505 +05:30 [INF] HTTP GET /angular/styles-JKLOJCBN.css responded 200 in 31.6459 ms
2026-07-22 22:47:42.526 +05:30 [INF] HTTP GET /angular/main-ZVXS3OFT.js responded 200 in 55.0695 ms
2026-07-22 22:47:44.312 +05:30 [INF] HealthAxis API heartbeat running at "2026-07-22T22:47:44.3128129+05:30"
2026-07-22 22:47:47.554 +05:30 [INF] HTTP GET /angular/favicon.ico responded 200 in 2.6967 ms
2026-07-22 22:47:54.333 +05:30 [INF] HealthAxis API heartbeat running at "2026-07-22T22:47:54.3318519+05:30"
2026-07-22 22:48:04.339 +05:30 [INF] HealthAxis API heartbeat running at "2026-07-22T22:48:04.3389711+05:30"
2026-07-22 22:48:04.593 +05:30 [INF] HTTP POST /api/auth/login responded 200 in 1415.7674 ms
2026-07-22 22:48:05.355 +05:30 [WRN] You do not have a valid license key for the Lucky Penny software AutoMapper. This is allowed for development and testing scenarios. If you are running in production you are required to have a licensed version. Please visit https://luckypennysoftware.com to obtain a valid license.
2026-07-22 22:48:05.565 +05:30 [INF] HTTP GET /api/patients/me responded 200 in 921.8289 ms
2026-07-22 22:48:05.592 +05:30 [INF] HTTP GET /api/patients/me responded 200 in 22.7825 ms
2026-07-22 22:48:05.814 +05:30 [INF] HTTP GET /api/appointments responded 200 in 211.1371 ms
2026-07-22 22:48:05.935 +05:30 [INF] HTTP GET /api/patients/1006/health-records responded 200 in 332.0026 ms
2026-07-22 22:48:06.622 +05:30 [INF] HTTP GET /api/doctors responded 200 in 1018.9313 ms
2026-07-22 22:48:09.961 +05:30 [INF] HTTP GET /api/doctors responded 200 in 23.1255 ms
2026-07-22 22:48:12.775 +05:30 [INF] HTTP GET /api/doctors responded 200 in 37.3435 ms
2026-07-22 22:48:14.359 +05:30 [INF] HealthAxis API heartbeat running at "2026-07-22T22:48:14.3589155+05:30"
2026-07-22 22:48:24.367 +05:30 [INF] HealthAxis API heartbeat running at "2026-07-22T22:48:24.3676621+05:30"
2026-07-22 22:48:24.468 +05:30 [INF] HTTP GET /blazor responded 200 in 4.7062 ms
2026-07-22 22:48:24.493 +05:30 [INF] HTTP GET /css/app.css responded 404 in 1.2063 ms
2026-07-22 22:48:24.495 +05:30 [INF] HTTP GET /_framework/blazor.webassembly.js responded 404 in 3.0617 ms
2026-07-22 22:48:24.528 +05:30 [INF] HTTP GET /favicon.ico responded 404 in 0.4157 ms
2026-07-22 22:48:34.376 +05:30 [INF] HealthAxis API heartbeat running at "2026-07-22T22:48:34.3765401+05:30"
2026-07-22 22:48:44.384 +05:30 [INF] HealthAxis API heartbeat running at "2026-07-22T22:48:44.3844826+05:30"
2026-07-22 22:48:54.404 +05:30 [INF] HealthAxis API heartbeat running at "2026-07-22T22:48:54.4048667+05:30"
2026-07-22 22:49:04.415 +05:30 [INF] HealthAxis API heartbeat running at "2026-07-22T22:49:04.4155831+05:30"
2026-07-22 22:49:14.424 +05:30 [INF] HealthAxis API heartbeat running at "2026-07-22T22:49:14.4247724+05:30"
2026-07-22 22:49:24.438 +05:30 [INF] HealthAxis API heartbeat running at "2026-07-22T22:49:24.4381727+05:30"
2026-07-22 22:49:34.447 +05:30 [INF] HealthAxis API heartbeat running at "2026-07-22T22:49:34.4474325+05:30"
2026-07-22 22:49:44.460 +05:30 [INF] HealthAxis API heartbeat running at "2026-07-22T22:49:44.4590352+05:30"
2026-07-22 22:49:54.467 +05:30 [INF] HealthAxis API heartbeat running at "2026-07-22T22:49:54.4678771+05:30"
2026-07-22 22:49:57.301 +05:30 [INF] HTTP GET /blazor responded 200 in 4.8456 ms
2026-07-22 22:49:57.331 +05:30 [INF] HTTP GET /css/app.css responded 404 in 0.6336 ms
2026-07-22 22:49:57.332 +05:30 [INF] HTTP GET /_framework/blazor.webassembly.js responded 404 in 0.6715 ms
2026-07-22 22:50:04.485 +05:30 [INF] HealthAxis API heartbeat running at "2026-07-22T22:50:04.4844632+05:30"
2026-07-22 22:50:14.497 +05:30 [INF] HealthAxis API heartbeat running at "2026-07-22T22:50:14.4978795+05:30"
2026-07-22 22:50:24.509 +05:30 [INF] HealthAxis API heartbeat running at "2026-07-22T22:50:24.5085827+05:30"
2026-07-22 22:50:34.518 +05:30 [INF] HealthAxis API heartbeat running at "2026-07-22T22:50:34.5185752+05:30"
2026-07-22 22:50:44.523 +05:30 [INF] HealthAxis API heartbeat running at "2026-07-22T22:50:44.5232002+05:30"
2026-07-22 22:50:54.534 +05:30 [INF] HealthAxis API heartbeat running at "2026-07-22T22:50:54.5348717+05:30"
2026-07-22 22:51:04.543 +05:30 [INF] HealthAxis API heartbeat running at "2026-07-22T22:51:04.5438073+05:30"
2026-07-22 22:51:14.553 +05:30 [INF] HealthAxis API heartbeat running at "2026-07-22T22:51:14.5537457+05:30"
2026-07-22 22:51:24.570 +05:30 [INF] HealthAxis API heartbeat running at "2026-07-22T22:51:24.5708488+05:30"
2026-07-22 22:51:34.581 +05:30 [INF] HealthAxis API heartbeat running at "2026-07-22T22:51:34.5814187+05:30"
2026-07-22 22:51:44.592 +05:30 [INF] HealthAxis API heartbeat running at "2026-07-22T22:51:44.5919596+05:30"
2026-07-22 22:51:54.603 +05:30 [INF] HealthAxis API heartbeat running at "2026-07-22T22:51:54.6037325+05:30"
2026-07-22 22:52:04.622 +05:30 [INF] HealthAxis API heartbeat running at "2026-07-22T22:52:04.6224899+05:30"
2026-07-22 22:52:14.626 +05:30 [INF] HealthAxis API heartbeat running at "2026-07-22T22:52:14.6260920+05:30"
2026-07-22 22:52:24.635 +05:30 [INF] HealthAxis API heartbeat running at "2026-07-22T22:52:24.6354161+05:30"
2026-07-22 22:52:34.651 +05:30 [INF] HealthAxis API heartbeat running at "2026-07-22T22:52:34.6516310+05:30"
2026-07-22 22:52:44.658 +05:30 [INF] HealthAxis API heartbeat running at "2026-07-22T22:52:44.6579894+05:30"
2026-07-22 22:52:54.668 +05:30 [INF] HealthAxis API heartbeat running at "2026-07-22T22:52:54.6681230+05:30"
2026-07-22 22:52:59.240 +05:30 [INF] Application is shutting down...
2026-07-22 22:52:59.336 +05:30 [INF] Bus stopped: "rabbitmq://localhost/"
2026-07-22 22:52:59.339 +05:30 [INF] NotificationCleanupService cancellation requested.
2026-07-22 22:52:59.340 +05:30 [INF] NotificationCleanupService stopped.
2026-07-22 22:52:59.342 +05:30 [INF] HeartbeatService cancellation requested.
2026-07-22 22:52:59.343 +05:30 [INF] HeartbeatService stopped.
2026-07-22 23:28:00.432 +05:30 [INF] Configured endpoint appointment.events.queue, Consumer: HealthAxis.API.Consumers.AppointmentBookedConsumer
2026-07-22 23:28:00.534 +05:30 [INF] HeartbeatService started.
2026-07-22 23:28:00.536 +05:30 [INF] NotificationCleanupService started.
2026-07-22 23:28:00.537 +05:30 [INF] HealthAxis API heartbeat running at "2026-07-22T23:28:00.5365810+05:30"
2026-07-22 23:28:00.613 +05:30 [INF] Now listening on: http://localhost:5145
2026-07-22 23:28:00.614 +05:30 [INF] No old notifications found for cleanup.
2026-07-22 23:28:00.614 +05:30 [INF] Application started. Press Ctrl+C to shut down.
2026-07-22 23:28:00.615 +05:30 [INF] Hosting environment: Development
2026-07-22 23:28:00.616 +05:30 [INF] Content root path: C:\Users\310481\source\repos\UST-Live-01\Healthcare.netcore\Healthcare.netcore
2026-07-22 23:28:00.750 +05:30 [INF] Bus started: "rabbitmq://localhost/"
2026-07-22 23:28:07.521 +05:30 [WRN] Failed to determine the https port for redirect.
2026-07-22 23:28:07.545 +05:30 [INF] HTTP GET /blazor responded 200 in 59.1389 ms
2026-07-22 23:28:07.564 +05:30 [INF] HTTP GET /blazor/_framework/blazor.webassembly.js responded 404 in 9.9831 ms
2026-07-22 23:28:07.573 +05:30 [INF] HTTP GET /blazor/css/app.css responded 200 in 19.7018 ms
2026-07-22 23:28:10.550 +05:30 [INF] HealthAxis API heartbeat running at "2026-07-22T23:28:10.5498970+05:30"
2026-07-22 23:28:18.675 +05:30 [INF] HTTP GET /angular responded 200 in 8.6210 ms
2026-07-22 23:28:18.689 +05:30 [INF] HTTP GET /angular/styles-JKLOJCBN.css responded 304 in 0.6782 ms
2026-07-22 23:28:18.689 +05:30 [INF] HTTP GET /angular/main-ZVXS3OFT.js responded 304 in 3.4222 ms
2026-07-22 23:28:20.556 +05:30 [INF] HealthAxis API heartbeat running at "2026-07-22T23:28:20.5567886+05:30"
2026-07-22 23:28:30.562 +05:30 [INF] HealthAxis API heartbeat running at "2026-07-22T23:28:30.5619986+05:30"
2026-07-22 23:28:40.575 +05:30 [INF] HealthAxis API heartbeat running at "2026-07-22T23:28:40.5747906+05:30"
2026-07-22 23:28:47.732 +05:30 [INF] HTTP GET /blazor responded 200 in 2.5061 ms
2026-07-22 23:28:47.743 +05:30 [INF] HTTP GET /blazor/_framework/blazor.webassembly.js responded 404 in 0.4408 ms
2026-07-22 23:28:50.589 +05:30 [INF] HealthAxis API heartbeat running at "2026-07-22T23:28:50.5893678+05:30"
2026-07-22 23:29:00.593 +05:30 [INF] HealthAxis API heartbeat running at "2026-07-22T23:29:00.5932290+05:30"
2026-07-22 23:29:10.598 +05:30 [INF] HealthAxis API heartbeat running at "2026-07-22T23:29:10.5975980+05:30"
2026-07-22 23:29:20.605 +05:30 [INF] HealthAxis API heartbeat running at "2026-07-22T23:29:20.6056445+05:30"
2026-07-22 23:29:30.616 +05:30 [INF] HealthAxis API heartbeat running at "2026-07-22T23:29:30.6166861+05:30"
2026-07-22 23:29:40.627 +05:30 [INF] HealthAxis API heartbeat running at "2026-07-22T23:29:40.6279023+05:30"
2026-07-22 23:29:50.637 +05:30 [INF] HealthAxis API heartbeat running at "2026-07-22T23:29:50.6376984+05:30"
2026-07-22 23:30:00.649 +05:30 [INF] HealthAxis API heartbeat running at "2026-07-22T23:30:00.6496362+05:30"
2026-07-22 23:30:10.660 +05:30 [INF] HealthAxis API heartbeat running at "2026-07-22T23:30:10.6608281+05:30"
2026-07-22 23:30:20.677 +05:30 [INF] HealthAxis API heartbeat running at "2026-07-22T23:30:20.6778534+05:30"
2026-07-22 23:30:30.689 +05:30 [INF] HealthAxis API heartbeat running at "2026-07-22T23:30:30.6895698+05:30"
2026-07-22 23:30:40.698 +05:30 [INF] HealthAxis API heartbeat running at "2026-07-22T23:30:40.6982524+05:30"
2026-07-22 23:30:50.705 +05:30 [INF] HealthAxis API heartbeat running at "2026-07-22T23:30:50.7049418+05:30"
2026-07-22 23:31:00.711 +05:30 [INF] HealthAxis API heartbeat running at "2026-07-22T23:31:00.7112172+05:30"
2026-07-22 23:31:10.728 +05:30 [INF] HealthAxis API heartbeat running at "2026-07-22T23:31:10.7279722+05:30"
2026-07-22 23:31:20.742 +05:30 [INF] HealthAxis API heartbeat running at "2026-07-22T23:31:20.7420568+05:30"
2026-07-22 23:31:30.761 +05:30 [INF] HealthAxis API heartbeat running at "2026-07-22T23:31:30.7609934+05:30"
2026-07-22 23:31:40.766 +05:30 [INF] HealthAxis API heartbeat running at "2026-07-22T23:31:40.7659227+05:30"
2026-07-22 23:31:47.053 +05:30 [INF] Application is shutting down...
2026-07-22 23:31:47.099 +05:30 [INF] Bus stopped: "rabbitmq://localhost/"
2026-07-22 23:31:47.103 +05:30 [INF] NotificationCleanupService cancellation requested.
2026-07-22 23:31:47.104 +05:30 [INF] NotificationCleanupService stopped.
2026-07-22 23:31:47.106 +05:30 [INF] HeartbeatService cancellation requested.
2026-07-22 23:31:47.106 +05:30 [INF] HeartbeatService stopped.
2026-07-22 23:33:57.969 +05:30 [INF] Configured endpoint appointment.events.queue, Consumer: HealthAxis.API.Consumers.AppointmentBookedConsumer
2026-07-22 23:33:58.072 +05:30 [INF] HeartbeatService started.
2026-07-22 23:33:58.074 +05:30 [INF] NotificationCleanupService started.
2026-07-22 23:33:58.074 +05:30 [INF] HealthAxis API heartbeat running at "2026-07-22T23:33:58.0741744+05:30"
2026-07-22 23:33:58.146 +05:30 [INF] Now listening on: http://localhost:5145
2026-07-22 23:33:58.148 +05:30 [INF] Application started. Press Ctrl+C to shut down.
2026-07-22 23:33:58.150 +05:30 [INF] Hosting environment: Development
2026-07-22 23:33:58.151 +05:30 [INF] Content root path: C:\Users\310481\source\repos\UST-Live-01\Healthcare.netcore\Healthcare.netcore
2026-07-22 23:33:58.152 +05:30 [INF] No old notifications found for cleanup.
2026-07-22 23:33:58.301 +05:30 [INF] Bus started: "rabbitmq://localhost/"
2026-07-22 23:34:08.087 +05:30 [INF] HealthAxis API heartbeat running at "2026-07-22T23:34:08.0874125+05:30"
2026-07-22 23:34:18.093 +05:30 [INF] HealthAxis API heartbeat running at "2026-07-22T23:34:18.0933762+05:30"
2026-07-22 23:34:25.094 +05:30 [WRN] Failed to determine the https port for redirect.
2026-07-22 23:34:25.118 +05:30 [INF] HTTP GET /blazor responded 200 in 60.3651 ms
2026-07-22 23:34:25.151 +05:30 [INF] HTTP GET /blazor/_framework/blazor.webassembly.js responded 200 in 22.8736 ms
2026-07-22 23:34:25.159 +05:30 [INF] HTTP GET /blazor/_framework/dotnet.js responded 404 in 2.8543 ms
2026-07-22 23:34:28.096 +05:30 [INF] HealthAxis API heartbeat running at "2026-07-22T23:34:28.0959511+05:30"
2026-07-22 23:34:36.358 +05:30 [INF] HTTP GET /blazor/ responded 200 in 8.5341 ms
2026-07-22 23:34:36.369 +05:30 [INF] HTTP GET /blazor/_framework/dotnet.js responded 404 in 1.3398 ms
2026-07-22 23:34:38.111 +05:30 [INF] HealthAxis API heartbeat running at "2026-07-22T23:34:38.1110650+05:30"
2026-07-22 23:34:48.127 +05:30 [INF] HealthAxis API heartbeat running at "2026-07-22T23:34:48.1278947+05:30"
2026-07-22 23:34:58.139 +05:30 [INF] HealthAxis API heartbeat running at "2026-07-22T23:34:58.1391006+05:30"
2026-07-22 23:35:08.143 +05:30 [INF] HealthAxis API heartbeat running at "2026-07-22T23:35:08.1433507+05:30"
2026-07-22 23:35:18.156 +05:30 [INF] HealthAxis API heartbeat running at "2026-07-22T23:35:18.1562423+05:30"
2026-07-22 23:35:28.161 +05:30 [INF] HealthAxis API heartbeat running at "2026-07-22T23:35:28.1616478+05:30"
2026-07-22 23:35:38.164 +05:30 [INF] HealthAxis API heartbeat running at "2026-07-22T23:35:38.1642126+05:30"
2026-07-22 23:35:48.180 +05:30 [INF] HealthAxis API heartbeat running at "2026-07-22T23:35:48.1802510+05:30"
2026-07-22 23:35:58.198 +05:30 [INF] HealthAxis API heartbeat running at "2026-07-22T23:35:58.1983205+05:30"
2026-07-22 23:36:02.687 +05:30 [INF] Application is shutting down...
2026-07-22 23:36:02.736 +05:30 [INF] Bus stopped: "rabbitmq://localhost/"
2026-07-22 23:36:02.738 +05:30 [INF] NotificationCleanupService cancellation requested.
2026-07-22 23:36:02.739 +05:30 [INF] NotificationCleanupService stopped.
2026-07-22 23:36:02.741 +05:30 [INF] HeartbeatService cancellation requested.
2026-07-22 23:36:02.741 +05:30 [INF] HeartbeatService stopped.
2026-07-22 23:38:12.359 +05:30 [INF] Configured endpoint appointment.events.queue, Consumer: HealthAxis.API.Consumers.AppointmentBookedConsumer
2026-07-22 23:38:12.474 +05:30 [INF] HeartbeatService started.
2026-07-22 23:38:12.476 +05:30 [INF] NotificationCleanupService started.
2026-07-22 23:38:12.477 +05:30 [INF] HealthAxis API heartbeat running at "2026-07-22T23:38:12.4762236+05:30"
2026-07-22 23:38:12.549 +05:30 [INF] Now listening on: http://localhost:5145
2026-07-22 23:38:12.551 +05:30 [INF] Application started. Press Ctrl+C to shut down.
2026-07-22 23:38:12.552 +05:30 [INF] Hosting environment: Development
2026-07-22 23:38:12.553 +05:30 [INF] Content root path: C:\Users\310481\source\repos\UST-Live-01\Healthcare.netcore\Healthcare.netcore
2026-07-22 23:38:12.555 +05:30 [INF] No old notifications found for cleanup.
2026-07-22 23:38:12.715 +05:30 [INF] Bus started: "rabbitmq://localhost/"
2026-07-22 23:38:22.486 +05:30 [INF] HealthAxis API heartbeat running at "2026-07-22T23:38:22.4862738+05:30"
2026-07-22 23:38:23.404 +05:30 [WRN] Failed to determine the https port for redirect.
2026-07-22 23:38:23.433 +05:30 [INF] HTTP GET /blazor/ responded 200 in 57.9084 ms
2026-07-22 23:38:23.486 +05:30 [INF] HTTP GET /blazor/_framework/dotnet.js responded 200 in 35.9404 ms
2026-07-22 23:38:23.500 +05:30 [INF] HTTP GET /blazor/_framework/System.Runtime.InteropServices.JavaScript.2j7dj8dwvr.wasm responded 200 in 2.2328 ms
2026-07-22 23:38:23.505 +05:30 [INF] HTTP GET /blazor/_framework/dotnet.native.rjbmzc4jpg.js responded 200 in 14.0570 ms
2026-07-22 23:38:23.505 +05:30 [INF] HTTP GET /blazor/_framework/AdminWebApp.zdxake1t63.wasm responded 200 in 7.2134 ms
2026-07-22 23:38:23.506 +05:30 [INF] HTTP GET /blazor/_framework/dotnet.runtime.r2kbxkuujc.js responded 200 in 11.6723 ms
2026-07-22 23:38:23.510 +05:30 [INF] HTTP GET /blazor/_framework/HealthcareAxis.Shared.q2ld3rxukz.wasm responded 200 in 1.3547 ms
2026-07-22 23:38:23.516 +05:30 [INF] HTTP GET /blazor/_framework/Microsoft.AspNetCore.Authorization.4azvwcgrhm.wasm responded 200 in 2.1217 ms
2026-07-22 23:38:23.521 +05:30 [INF] HTTP GET /blazor/_framework/Microsoft.AspNetCore.Components.fho2494scd.wasm responded 200 in 1.7369 ms
2026-07-22 23:38:23.527 +05:30 [INF] HTTP GET /blazor/_framework/Microsoft.AspNetCore.Components.Authorization.ewu9kgvlj7.wasm responded 200 in 2.9245 ms
2026-07-22 23:38:23.527 +05:30 [INF] HTTP GET /blazor/_framework/Microsoft.AspNetCore.Components.Forms.xbum8u3r0e.wasm responded 200 in 1.3950 ms
2026-07-22 23:38:23.536 +05:30 [INF] HTTP GET /blazor/_framework/Microsoft.AspNetCore.Components.Web.r7ndl7vy0a.wasm responded 200 in 1.0525 ms
2026-07-22 23:38:23.540 +05:30 [INF] HTTP GET /blazor/_framework/Microsoft.AspNetCore.Metadata.h5rkjprljp.wasm responded 200 in 0.7232 ms
2026-07-22 23:38:23.540 +05:30 [INF] HTTP GET /blazor/_framework/Microsoft.AspNetCore.Components.WebAssembly.6uixp2z2hi.wasm responded 200 in 1.4287 ms
2026-07-22 23:38:23.548 +05:30 [INF] HTTP GET /blazor/_framework/System.Private.CoreLib.sq853kb5he.wasm responded 200 in 52.2830 ms
2026-07-22 23:38:23.549 +05:30 [INF] HTTP GET /blazor/_framework/Microsoft.Extensions.Configuration.Abstractions.4ascqjkgzo.wasm responded 200 in 1.0072 ms
2026-07-22 23:38:23.549 +05:30 [INF] HTTP GET /blazor/_framework/Microsoft.Extensions.Configuration.Json.qiwbq8ugx5.wasm responded 200 in 0.7627 ms
2026-07-22 23:38:23.556 +05:30 [INF] HTTP GET /blazor/_framework/Microsoft.Extensions.Configuration.xnovko9l24.wasm responded 200 in 0.7023 ms
2026-07-22 23:38:23.560 +05:30 [INF] HTTP GET /blazor/_framework/Microsoft.Extensions.DependencyInjection.Abstractions.yd1ay0fi8e.wasm responded 200 in 1.1111 ms
2026-07-22 23:38:23.568 +05:30 [INF] HTTP GET /blazor/_framework/Microsoft.Extensions.DependencyInjection.556xh3l82c.wasm responded 200 in 1.0986 ms
2026-07-22 23:38:23.568 +05:30 [INF] HTTP GET /blazor/_framework/Microsoft.Extensions.Diagnostics.Abstractions.xnj79tmbo0.wasm responded 200 in 0.8093 ms
2026-07-22 23:38:23.568 +05:30 [INF] HTTP GET /blazor/_framework/Microsoft.Extensions.Diagnostics.ea9jzo65mq.wasm responded 200 in 0.8220 ms
2026-07-22 23:38:23.569 +05:30 [INF] HTTP GET /blazor/_framework/Microsoft.Extensions.Logging.Abstractions.19x441zz7x.wasm responded 200 in 0.7521 ms
2026-07-22 23:38:23.576 +05:30 [INF] HTTP GET /blazor/_framework/Microsoft.Extensions.Logging.5ucwms7sds.wasm responded 200 in 1.7856 ms
2026-07-22 23:38:23.576 +05:30 [INF] HTTP GET /blazor/_framework/Microsoft.Extensions.Options.sbfmpxwipp.wasm responded 200 in 0.7808 ms
2026-07-22 23:38:23.580 +05:30 [INF] HTTP GET /blazor/_framework/Microsoft.Extensions.Validation.9q24f4ufiz.wasm responded 200 in 0.9577 ms
2026-07-22 23:38:23.577 +05:30 [INF] HTTP GET /blazor/_framework/Microsoft.Extensions.Primitives.072etlnfwu.wasm responded 200 in 0.9508 ms
2026-07-22 23:38:23.585 +05:30 [INF] HTTP GET /blazor/_framework/Microsoft.JSInterop.WebAssembly.r99mmn9mmt.wasm responded 200 in 0.7890 ms
2026-07-22 23:38:23.590 +05:30 [INF] HTTP GET /blazor/_framework/Microsoft.JSInterop.zwoqhaodt0.wasm responded 200 in 1.2961 ms
2026-07-22 23:38:23.590 +05:30 [INF] HTTP GET /blazor/_framework/System.x4983syfn1.wasm responded 200 in 0.8279 ms
2026-07-22 23:38:23.590 +05:30 [INF] HTTP GET /blazor/_framework/System.Collections.Concurrent.2ojyfp1m8o.wasm responded 200 in 0.8483 ms
2026-07-22 23:38:23.595 +05:30 [INF] HTTP GET /blazor/_framework/System.Collections.Immutable.le16lab73u.wasm responded 200 in 1.0031 ms
2026-07-22 23:38:23.599 +05:30 [INF] HTTP GET /blazor/_framework/System.Collections.NonGeneric.8xeubyw9p0.wasm responded 200 in 0.8323 ms
2026-07-22 23:38:23.600 +05:30 [INF] HTTP GET /blazor/_framework/dotnet.native.f749u69f30.wasm responded 200 in 105.9972 ms
2026-07-22 23:38:23.601 +05:30 [INF] HTTP GET /blazor/_framework/System.Collections.Specialized.lhkx0mulai.wasm responded 200 in 0.9665 ms
2026-07-22 23:38:23.602 +05:30 [INF] HTTP GET /blazor/_framework/System.ComponentModel.Annotations.y6ekadqt3g.wasm responded 200 in 1.4877 ms
2026-07-22 23:38:23.602 +05:30 [INF] HTTP GET /blazor/_framework/System.Collections.5d4plexxhc.wasm responded 200 in 1.5993 ms
2026-07-22 23:38:23.602 +05:30 [INF] HTTP GET /blazor/_framework/System.ComponentModel.Primitives.7km7fgt0r4.wasm responded 200 in 1.1997 ms
2026-07-22 23:38:23.616 +05:30 [INF] HTTP GET /blazor/_framework/System.ComponentModel.4ky62zctqc.wasm responded 200 in 1.0120 ms
2026-07-22 23:38:23.616 +05:30 [INF] HTTP GET /blazor/_framework/System.ComponentModel.TypeConverter.qcdukpvman.wasm responded 200 in 1.8685 ms
2026-07-22 23:38:23.616 +05:30 [INF] HTTP GET /blazor/_framework/System.Console.g12mt8hs20.wasm responded 200 in 1.1535 ms
2026-07-22 23:38:23.616 +05:30 [INF] HTTP GET /blazor/_framework/System.IO.Pipelines.unqpbva9an.wasm responded 200 in 0.9316 ms
2026-07-22 23:38:23.616 +05:30 [INF] HTTP GET /blazor/_framework/System.Diagnostics.DiagnosticSource.09ahfhgitn.wasm responded 200 in 1.4614 ms
2026-07-22 23:38:23.626 +05:30 [INF] HTTP GET /blazor/_framework/System.Linq.Expressions.pfcn2jyrdu.wasm responded 200 in 2.1313 ms
2026-07-22 23:38:23.629 +05:30 [INF] HTTP GET /blazor/_framework/System.Memory.hrrv82n9r7.wasm responded 200 in 0.7928 ms
2026-07-22 23:38:23.629 +05:30 [INF] HTTP GET /blazor/_framework/System.Linq.cjp2m0qcft.wasm responded 200 in 1.2370 ms
2026-07-22 23:38:23.630 +05:30 [INF] HTTP GET /blazor/_framework/System.Net.Http.Json.qalr5im9kj.wasm responded 200 in 0.7597 ms
2026-07-22 23:38:23.630 +05:30 [INF] HTTP GET /blazor/_framework/System.Net.Primitives.vd71qffl5p.wasm responded 200 in 0.8037 ms
2026-07-22 23:38:23.630 +05:30 [INF] HTTP GET /blazor/_framework/System.Net.Http.hy3vi2kpuw.wasm responded 200 in 1.6532 ms
2026-07-22 23:38:23.643 +05:30 [INF] HTTP GET /blazor/_framework/System.Runtime.Serialization.Primitives.xd90b8ri0v.wasm responded 200 in 1.0175 ms
2026-07-22 23:38:23.643 +05:30 [INF] HTTP GET /blazor/_framework/System.Runtime.k9n04jn5db.wasm responded 200 in 0.6850 ms
2026-07-22 23:38:23.643 +05:30 [INF] HTTP GET /blazor/_framework/System.ObjectModel.bfrfx59lpg.wasm responded 200 in 1.6388 ms
2026-07-22 23:38:23.643 +05:30 [INF] HTTP GET /blazor/_framework/System.Private.Uri.s55kbugrh0.wasm responded 200 in 1.7129 ms
2026-07-22 23:38:23.652 +05:30 [INF] HTTP GET /blazor/_framework/System.Security.Cryptography.lgu1xsxxgm.wasm responded 200 in 0.6933 ms
2026-07-22 23:38:23.652 +05:30 [INF] HTTP GET /blazor/_framework/System.Security.Claims.9nqoa6wy6l.wasm responded 200 in 0.9028 ms
2026-07-22 23:38:23.663 +05:30 [INF] HTTP GET /blazor/_framework/System.Text.RegularExpressions.taxmr3rmwl.wasm responded 200 in 1.7887 ms
2026-07-22 23:38:23.664 +05:30 [INF] HTTP GET /blazor/_framework/System.Text.Encodings.Web.xnqpua35fl.wasm responded 200 in 3.5122 ms
2026-07-22 23:38:23.671 +05:30 [INF] HTTP GET /blazor/_framework/System.Text.Json.5rzgsimx16.wasm responded 200 in 10.9302 ms
2026-07-22 23:38:23.672 +05:30 [INF] HTTP GET /blazor/_framework/icudt_EFIGS.tptq2av103.dat responded 200 in 11.3850 ms
2026-07-22 23:38:32.492 +05:30 [INF] HealthAxis API heartbeat running at "2026-07-22T23:38:32.4926129+05:30"
2026-07-22 23:38:42.500 +05:30 [INF] HealthAxis API heartbeat running at "2026-07-22T23:38:42.5008421+05:30"
2026-07-22 23:38:52.519 +05:30 [INF] HealthAxis API heartbeat running at "2026-07-22T23:38:52.5191768+05:30"
2026-07-22 23:38:59.796 +05:30 [INF] HTTP POST /blazor/api/auth/login responded 405 in 2.0046 ms
2026-07-22 23:39:02.532 +05:30 [INF] HealthAxis API heartbeat running at "2026-07-22T23:39:02.5324720+05:30"
2026-07-22 23:39:12.548 +05:30 [INF] HealthAxis API heartbeat running at "2026-07-22T23:39:12.5484664+05:30"
2026-07-22 23:39:22.564 +05:30 [INF] HealthAxis API heartbeat running at "2026-07-22T23:39:22.5648134+05:30"
2026-07-22 23:39:32.575 +05:30 [INF] HealthAxis API heartbeat running at "2026-07-22T23:39:32.5757330+05:30"
2026-07-22 23:39:42.587 +05:30 [INF] HealthAxis API heartbeat running at "2026-07-22T23:39:42.5867965+05:30"
2026-07-22 23:39:52.597 +05:30 [INF] HealthAxis API heartbeat running at "2026-07-22T23:39:52.5963996+05:30"
2026-07-22 23:40:02.607 +05:30 [INF] HealthAxis API heartbeat running at "2026-07-22T23:40:02.6069542+05:30"
2026-07-22 23:40:12.617 +05:30 [INF] HealthAxis API heartbeat running at "2026-07-22T23:40:12.6170138+05:30"
2026-07-22 23:40:16.422 +05:30 [INF] HTTP POST /blazor/api/auth/login responded 405 in 4.9052 ms
2026-07-22 23:40:20.216 +05:30 [INF] HTTP POST /blazor/api/auth/login responded 405 in 0.3193 ms
2026-07-22 23:40:21.206 +05:30 [INF] HTTP POST /blazor/api/auth/login responded 405 in 0.2530 ms
2026-07-22 23:40:22.635 +05:30 [INF] HealthAxis API heartbeat running at "2026-07-22T23:40:22.6349079+05:30"
2026-07-22 23:40:32.649 +05:30 [INF] HealthAxis API heartbeat running at "2026-07-22T23:40:32.6498846+05:30"
2026-07-22 23:40:42.657 +05:30 [INF] HealthAxis API heartbeat running at "2026-07-22T23:40:42.6569189+05:30"
2026-07-22 23:40:52.666 +05:30 [INF] HealthAxis API heartbeat running at "2026-07-22T23:40:52.6663818+05:30"
2026-07-22 23:40:53.922 +05:30 [INF] HTTP POST /blazor/api/auth/login responded 405 in 0.4917 ms
2026-07-22 23:41:02.683 +05:30 [INF] HealthAxis API heartbeat running at "2026-07-22T23:41:02.6833389+05:30"
2026-07-22 23:41:12.689 +05:30 [INF] HealthAxis API heartbeat running at "2026-07-22T23:41:12.6891068+05:30"
2026-07-22 23:41:22.690 +05:30 [INF] HealthAxis API heartbeat running at "2026-07-22T23:41:22.6908105+05:30"
2026-07-22 23:41:32.694 +05:30 [INF] HealthAxis API heartbeat running at "2026-07-22T23:41:32.6940991+05:30"
2026-07-22 23:41:42.701 +05:30 [INF] HealthAxis API heartbeat running at "2026-07-22T23:41:42.7017399+05:30"
2026-07-22 23:41:52.717 +05:30 [INF] HealthAxis API heartbeat running at "2026-07-22T23:41:52.7165567+05:30"
2026-07-22 23:42:02.729 +05:30 [INF] HealthAxis API heartbeat running at "2026-07-22T23:42:02.7282317+05:30"
2026-07-22 23:42:12.733 +05:30 [INF] HealthAxis API heartbeat running at "2026-07-22T23:42:12.7338151+05:30"
2026-07-22 23:42:22.744 +05:30 [INF] HealthAxis API heartbeat running at "2026-07-22T23:42:22.7443520+05:30"
2026-07-22 23:42:32.751 +05:30 [INF] HealthAxis API heartbeat running at "2026-07-22T23:42:32.7506490+05:30"
2026-07-22 23:42:42.764 +05:30 [INF] HealthAxis API heartbeat running at "2026-07-22T23:42:42.7645309+05:30"
2026-07-22 23:42:52.776 +05:30 [INF] HealthAxis API heartbeat running at "2026-07-22T23:42:52.7757922+05:30"
2026-07-22 23:43:02.790 +05:30 [INF] HealthAxis API heartbeat running at "2026-07-22T23:43:02.7905462+05:30"
2026-07-22 23:43:12.798 +05:30 [INF] HealthAxis API heartbeat running at "2026-07-22T23:43:12.7979174+05:30"
2026-07-22 23:43:22.802 +05:30 [INF] HealthAxis API heartbeat running at "2026-07-22T23:43:22.8020845+05:30"
2026-07-22 23:43:32.809 +05:30 [INF] HealthAxis API heartbeat running at "2026-07-22T23:43:32.8091676+05:30"
2026-07-22 23:43:42.821 +05:30 [INF] HealthAxis API heartbeat running at "2026-07-22T23:43:42.8216284+05:30"
2026-07-22 23:43:52.832 +05:30 [INF] HealthAxis API heartbeat running at "2026-07-22T23:43:52.8323173+05:30"
2026-07-22 23:44:02.844 +05:30 [INF] HealthAxis API heartbeat running at "2026-07-22T23:44:02.8443131+05:30"
2026-07-22 23:44:12.852 +05:30 [INF] HealthAxis API heartbeat running at "2026-07-22T23:44:12.8528524+05:30"
2026-07-22 23:44:22.859 +05:30 [INF] HealthAxis API heartbeat running at "2026-07-22T23:44:22.8591598+05:30"
2026-07-22 23:44:32.871 +05:30 [INF] HealthAxis API heartbeat running at "2026-07-22T23:44:32.8717047+05:30"
2026-07-22 23:44:42.874 +05:30 [INF] HealthAxis API heartbeat running at "2026-07-22T23:44:42.8748710+05:30"
2026-07-22 23:44:52.890 +05:30 [INF] HealthAxis API heartbeat running at "2026-07-22T23:44:52.8907223+05:30"
2026-07-22 23:45:02.905 +05:30 [INF] HealthAxis API heartbeat running at "2026-07-22T23:45:02.9055866+05:30"
2026-07-22 23:45:12.917 +05:30 [INF] HealthAxis API heartbeat running at "2026-07-22T23:45:12.9177851+05:30"
2026-07-22 23:45:22.924 +05:30 [INF] HealthAxis API heartbeat running at "2026-07-22T23:45:22.9246880+05:30"
2026-07-22 23:45:32.935 +05:30 [INF] HealthAxis API heartbeat running at "2026-07-22T23:45:32.9350205+05:30"
2026-07-22 23:45:42.952 +05:30 [INF] HealthAxis API heartbeat running at "2026-07-22T23:45:42.9521321+05:30"
2026-07-22 23:45:52.955 +05:30 [INF] HealthAxis API heartbeat running at "2026-07-22T23:45:52.9556686+05:30"
2026-07-22 23:46:02.968 +05:30 [INF] HealthAxis API heartbeat running at "2026-07-22T23:46:02.9685623+05:30"
2026-07-22 23:46:12.985 +05:30 [INF] HealthAxis API heartbeat running at "2026-07-22T23:46:12.9852207+05:30"
2026-07-22 23:46:22.993 +05:30 [INF] HealthAxis API heartbeat running at "2026-07-22T23:46:22.9934139+05:30"
2026-07-22 23:46:32.997 +05:30 [INF] HealthAxis API heartbeat running at "2026-07-22T23:46:32.9971527+05:30"
2026-07-22 23:46:43.015 +05:30 [INF] HealthAxis API heartbeat running at "2026-07-22T23:46:43.0156123+05:30"
2026-07-22 23:46:53.027 +05:30 [INF] HealthAxis API heartbeat running at "2026-07-22T23:46:53.0267508+05:30"
2026-07-22 23:47:03.035 +05:30 [INF] HealthAxis API heartbeat running at "2026-07-22T23:47:03.0351870+05:30"
2026-07-22 23:47:13.048 +05:30 [INF] HealthAxis API heartbeat running at "2026-07-22T23:47:13.0489602+05:30"
2026-07-22 23:47:23.066 +05:30 [INF] HealthAxis API heartbeat running at "2026-07-22T23:47:23.0662064+05:30"
2026-07-22 23:47:33.076 +05:30 [INF] HealthAxis API heartbeat running at "2026-07-22T23:47:33.0761398+05:30"
2026-07-22 23:47:43.093 +05:30 [INF] HealthAxis API heartbeat running at "2026-07-22T23:47:43.0933377+05:30"
2026-07-22 23:47:53.103 +05:30 [INF] HealthAxis API heartbeat running at "2026-07-22T23:47:53.1031521+05:30"
2026-07-22 23:48:00.254 +05:30 [INF] Application is shutting down...
2026-07-22 23:48:00.295 +05:30 [INF] Bus stopped: "rabbitmq://localhost/"
2026-07-22 23:48:00.297 +05:30 [INF] NotificationCleanupService cancellation requested.
2026-07-22 23:48:00.298 +05:30 [INF] NotificationCleanupService stopped.
2026-07-22 23:48:00.300 +05:30 [INF] HeartbeatService cancellation requested.
2026-07-22 23:48:00.301 +05:30 [INF] HeartbeatService stopped.
2026-07-22 23:51:00.171 +05:30 [INF] Configured endpoint appointment.events.queue, Consumer: HealthAxis.API.Consumers.AppointmentBookedConsumer
2026-07-22 23:51:00.265 +05:30 [INF] HeartbeatService started.
2026-07-22 23:51:00.266 +05:30 [INF] NotificationCleanupService started.
2026-07-22 23:51:00.266 +05:30 [INF] HealthAxis API heartbeat running at "2026-07-22T23:51:00.2664314+05:30"
2026-07-22 23:51:00.335 +05:30 [INF] Now listening on: http://localhost:5145
2026-07-22 23:51:00.337 +05:30 [INF] Application started. Press Ctrl+C to shut down.
2026-07-22 23:51:00.338 +05:30 [INF] Hosting environment: Development
2026-07-22 23:51:00.339 +05:30 [INF] Content root path: C:\Users\310481\source\repos\UST-Live-01\Healthcare.netcore\Healthcare.netcore
2026-07-22 23:51:00.345 +05:30 [INF] No old notifications found for cleanup.
2026-07-22 23:51:00.487 +05:30 [INF] Bus started: "rabbitmq://localhost/"
2026-07-22 23:51:06.413 +05:30 [WRN] Failed to determine the https port for redirect.
2026-07-22 23:51:06.443 +05:30 [INF] HTTP GET /blazor/ responded 200 in 68.8566 ms
2026-07-22 23:51:10.280 +05:30 [INF] HealthAxis API heartbeat running at "2026-07-22T23:51:10.2797708+05:30"
2026-07-22 23:51:20.293 +05:30 [INF] HealthAxis API heartbeat running at "2026-07-22T23:51:20.2930231+05:30"
2026-07-22 23:51:30.301 +05:30 [INF] HealthAxis API heartbeat running at "2026-07-22T23:51:30.3011388+05:30"
2026-07-22 23:51:33.841 +05:30 [INF] HTTP POST /blazor/api/auth/login responded 405 in 5.2449 ms
2026-07-22 23:51:40.316 +05:30 [INF] HealthAxis API heartbeat running at "2026-07-22T23:51:40.3163009+05:30"
2026-07-22 23:51:50.322 +05:30 [INF] HealthAxis API heartbeat running at "2026-07-22T23:51:50.3217775+05:30"
2026-07-22 23:52:00.332 +05:30 [INF] HealthAxis API heartbeat running at "2026-07-22T23:52:00.3324015+05:30"
2026-07-22 23:52:10.123 +05:30 [INF] HTTP POST /blazor/api/auth/login responded 405 in 7.4351 ms
2026-07-22 23:52:10.343 +05:30 [INF] HealthAxis API heartbeat running at "2026-07-22T23:52:10.3432238+05:30"
2026-07-22 23:52:11.708 +05:30 [INF] HTTP POST /blazor/api/auth/login responded 405 in 0.1935 ms
2026-07-22 23:52:20.353 +05:30 [INF] HealthAxis API heartbeat running at "2026-07-22T23:52:20.3535552+05:30"
2026-07-22 23:52:30.362 +05:30 [INF] HealthAxis API heartbeat running at "2026-07-22T23:52:30.3619779+05:30"
2026-07-22 23:52:40.366 +05:30 [INF] HealthAxis API heartbeat running at "2026-07-22T23:52:40.3664295+05:30"
2026-07-22 23:52:50.449 +05:30 [INF] HealthAxis API heartbeat running at "2026-07-22T23:52:50.4493205+05:30"
2026-07-22 23:53:00.509 +05:30 [INF] HealthAxis API heartbeat running at "2026-07-22T23:53:00.5093238+05:30"
2026-07-22 23:53:10.512 +05:30 [INF] HealthAxis API heartbeat running at "2026-07-22T23:53:10.5123140+05:30"
2026-07-22 23:53:20.522 +05:30 [INF] HealthAxis API heartbeat running at "2026-07-22T23:53:20.5218400+05:30"
2026-07-22 23:53:30.532 +05:30 [INF] HealthAxis API heartbeat running at "2026-07-22T23:53:30.5325078+05:30"
2026-07-22 23:53:40.539 +05:30 [INF] HealthAxis API heartbeat running at "2026-07-22T23:53:40.5396655+05:30"
2026-07-22 23:53:50.556 +05:30 [INF] HealthAxis API heartbeat running at "2026-07-22T23:53:50.5560590+05:30"
2026-07-22 23:54:00.563 +05:30 [INF] HealthAxis API heartbeat running at "2026-07-22T23:54:00.5632600+05:30"
2026-07-22 23:54:10.568 +05:30 [INF] HealthAxis API heartbeat running at "2026-07-22T23:54:10.5686829+05:30"
2026-07-22 23:54:20.586 +05:30 [INF] HealthAxis API heartbeat running at "2026-07-22T23:54:20.5858756+05:30"
2026-07-22 23:54:30.600 +05:30 [INF] HealthAxis API heartbeat running at "2026-07-22T23:54:30.6002458+05:30"
2026-07-22 23:54:40.610 +05:30 [INF] HealthAxis API heartbeat running at "2026-07-22T23:54:40.6092202+05:30"
2026-07-22 23:54:50.623 +05:30 [INF] HealthAxis API heartbeat running at "2026-07-22T23:54:50.6232324+05:30"
2026-07-22 23:55:00.628 +05:30 [INF] HealthAxis API heartbeat running at "2026-07-22T23:55:00.6279525+05:30"
2026-07-22 23:55:10.643 +05:30 [INF] HealthAxis API heartbeat running at "2026-07-22T23:55:10.6432272+05:30"
2026-07-22 23:55:20.656 +05:30 [INF] HealthAxis API heartbeat running at "2026-07-22T23:55:20.6547407+05:30"
2026-07-22 23:55:30.671 +05:30 [INF] HealthAxis API heartbeat running at "2026-07-22T23:55:30.6715391+05:30"
2026-07-22 23:55:40.676 +05:30 [INF] HealthAxis API heartbeat running at "2026-07-22T23:55:40.6756093+05:30"
2026-07-22 23:55:50.683 +05:30 [INF] HealthAxis API heartbeat running at "2026-07-22T23:55:50.6839192+05:30"
2026-07-22 23:56:00.703 +05:30 [INF] HealthAxis API heartbeat running at "2026-07-22T23:56:00.7025163+05:30"
2026-07-22 23:56:10.710 +05:30 [INF] HealthAxis API heartbeat running at "2026-07-22T23:56:10.7089980+05:30"
2026-07-22 23:56:20.722 +05:30 [INF] HealthAxis API heartbeat running at "2026-07-22T23:56:20.7222797+05:30"
2026-07-22 23:56:30.737 +05:30 [INF] HealthAxis API heartbeat running at "2026-07-22T23:56:30.7377949+05:30"
2026-07-22 23:56:40.745 +05:30 [INF] HealthAxis API heartbeat running at "2026-07-22T23:56:40.7451267+05:30"
2026-07-22 23:56:50.752 +05:30 [INF] HealthAxis API heartbeat running at "2026-07-22T23:56:50.7522969+05:30"
2026-07-22 23:57:00.757 +05:30 [INF] HealthAxis API heartbeat running at "2026-07-22T23:57:00.7571182+05:30"
2026-07-22 23:57:10.765 +05:30 [INF] HealthAxis API heartbeat running at "2026-07-22T23:57:10.7658989+05:30"
2026-07-22 23:57:20.782 +05:30 [INF] HealthAxis API heartbeat running at "2026-07-22T23:57:20.7827622+05:30"
2026-07-22 23:57:30.789 +05:30 [INF] HealthAxis API heartbeat running at "2026-07-22T23:57:30.7895538+05:30"
2026-07-22 23:57:40.795 +05:30 [INF] HealthAxis API heartbeat running at "2026-07-22T23:57:40.7949352+05:30"
2026-07-22 23:57:50.812 +05:30 [INF] HealthAxis API heartbeat running at "2026-07-22T23:57:50.8128649+05:30"
2026-07-22 23:58:00.831 +05:30 [INF] HealthAxis API heartbeat running at "2026-07-22T23:58:00.8316016+05:30"
2026-07-22 23:58:10.860 +05:30 [INF] HealthAxis API heartbeat running at "2026-07-22T23:58:10.8607720+05:30"
2026-07-22 23:58:20.875 +05:30 [INF] HealthAxis API heartbeat running at "2026-07-22T23:58:20.8750674+05:30"
2026-07-22 23:58:30.885 +05:30 [INF] HealthAxis API heartbeat running at "2026-07-22T23:58:30.8852775+05:30"
2026-07-22 23:58:40.891 +05:30 [INF] HealthAxis API heartbeat running at "2026-07-22T23:58:40.8910857+05:30"
2026-07-22 23:58:45.739 +05:30 [INF] Application is shutting down...
2026-07-22 23:58:45.783 +05:30 [INF] Bus stopped: "rabbitmq://localhost/"
2026-07-22 23:58:45.786 +05:30 [INF] NotificationCleanupService cancellation requested.
2026-07-22 23:58:45.786 +05:30 [INF] NotificationCleanupService stopped.
2026-07-22 23:58:45.788 +05:30 [INF] HeartbeatService cancellation requested.
2026-07-22 23:58:45.788 +05:30 [INF] HeartbeatService stopped.
