Product projects
---------------------------------------
C:\Users\310476\Desktop\HealthCareApp\HealthCareApp\HealthCareApp.Shared\HealthCareApp.Shared.csproj
C:\Users\310476\Desktop\HealthCareApp\HealthCareApp\HealthCareApp\HealthCareApp.csproj
C:\Users\310476\Desktop\HealthCareApp\HealthCareApp\HealthCareApp.AdminBlazor\HealthCareApp.AdminBlazor.csproj
C:\Users\310476\Desktop\HealthCareApp\HealthCareApp\HealthCareApp.UI\HealthCareApp.UI.esproj


Test projects
---------------------------------------
C:\Users\310476\Desktop\HealthCareApp\HealthCareApp\HealthCareApp.Testing\HealthCareApp.Testing.csproj


Invalid projects
---------------------------------------
{none}


Skipped projects
---------------------------------------
C:\Users\310476\Desktop\HealthCareApp\HealthCareApp\HealthCareApp.Shared\HealthCareApp.Shared.csproj
C:\Users\310476\Desktop\HealthCareApp\HealthCareApp\HealthCareApp\HealthCareApp.csproj
C:\Users\310476\Desktop\HealthCareApp\HealthCareApp\HealthCareApp.Testing\HealthCareApp.Testing.csproj


Excluded projects
---------------------------------------
{none}


